Archive member included to satisfy reference by file (symbol)

/home/chandana/st/stm32cubeide_1.15.1_2/plugins/com.st.stm32cube.ide.mcu.externaltools.gnu-tools-for-stm32.12.3.rel1.linux64_1.0.100.202403111256/tools/bin/../lib/gcc/arm-none-eabi/12.3.1/../../../../arm-none-eabi/lib/thumb/v7e-m+fp/hard/libc_nano.a(libc_a-exit.o)
                              /home/chandana/st/stm32cubeide_1.15.1_2/plugins/com.st.stm32cube.ide.mcu.externaltools.gnu-tools-for-stm32.12.3.rel1.linux64_1.0.100.202403111256/tools/bin/../lib/gcc/arm-none-eabi/12.3.1/../../../../arm-none-eabi/lib/thumb/v7e-m+fp/hard/crt0.o (exit)
/home/chandana/st/stm32cubeide_1.15.1_2/plugins/com.st.stm32cube.ide.mcu.externaltools.gnu-tools-for-stm32.12.3.rel1.linux64_1.0.100.202403111256/tools/bin/../lib/gcc/arm-none-eabi/12.3.1/../../../../arm-none-eabi/lib/thumb/v7e-m+fp/hard/libc_nano.a(libc_a-findfp.o)
                              /home/chandana/st/stm32cubeide_1.15.1_2/plugins/com.st.stm32cube.ide.mcu.externaltools.gnu-tools-for-stm32.12.3.rel1.linux64_1.0.100.202403111256/tools/bin/../lib/gcc/arm-none-eabi/12.3.1/../../../../arm-none-eabi/lib/thumb/v7e-m+fp/hard/libc_nano.a(libc_a-exit.o) (__stdio_exit_handler)
/home/chandana/st/stm32cubeide_1.15.1_2/plugins/com.st.stm32cube.ide.mcu.externaltools.gnu-tools-for-stm32.12.3.rel1.linux64_1.0.100.202403111256/tools/bin/../lib/gcc/arm-none-eabi/12.3.1/../../../../arm-none-eabi/lib/thumb/v7e-m+fp/hard/libc_nano.a(libc_a-fwalk.o)
                              /home/chandana/st/stm32cubeide_1.15.1_2/plugins/com.st.stm32cube.ide.mcu.externaltools.gnu-tools-for-stm32.12.3.rel1.linux64_1.0.100.202403111256/tools/bin/../lib/gcc/arm-none-eabi/12.3.1/../../../../arm-none-eabi/lib/thumb/v7e-m+fp/hard/libc_nano.a(libc_a-findfp.o) (_fwalk_sglue)
/home/chandana/st/stm32cubeide_1.15.1_2/plugins/com.st.stm32cube.ide.mcu.externaltools.gnu-tools-for-stm32.12.3.rel1.linux64_1.0.100.202403111256/tools/bin/../lib/gcc/arm-none-eabi/12.3.1/../../../../arm-none-eabi/lib/thumb/v7e-m+fp/hard/libc_nano.a(libc_a-stdio.o)
                              /home/chandana/st/stm32cubeide_1.15.1_2/plugins/com.st.stm32cube.ide.mcu.externaltools.gnu-tools-for-stm32.12.3.rel1.linux64_1.0.100.202403111256/tools/bin/../lib/gcc/arm-none-eabi/12.3.1/../../../../arm-none-eabi/lib/thumb/v7e-m+fp/hard/libc_nano.a(libc_a-findfp.o) (__sread)
/home/chandana/st/stm32cubeide_1.15.1_2/plugins/com.st.stm32cube.ide.mcu.externaltools.gnu-tools-for-stm32.12.3.rel1.linux64_1.0.100.202403111256/tools/bin/../lib/gcc/arm-none-eabi/12.3.1/../../../../arm-none-eabi/lib/thumb/v7e-m+fp/hard/libc_nano.a(libc_a-memset.o)
                              /home/chandana/st/stm32cubeide_1.15.1_2/plugins/com.st.stm32cube.ide.mcu.externaltools.gnu-tools-for-stm32.12.3.rel1.linux64_1.0.100.202403111256/tools/bin/../lib/gcc/arm-none-eabi/12.3.1/../../../../arm-none-eabi/lib/thumb/v7e-m+fp/hard/crt0.o (memset)
/home/chandana/st/stm32cubeide_1.15.1_2/plugins/com.st.stm32cube.ide.mcu.externaltools.gnu-tools-for-stm32.12.3.rel1.linux64_1.0.100.202403111256/tools/bin/../lib/gcc/arm-none-eabi/12.3.1/../../../../arm-none-eabi/lib/thumb/v7e-m+fp/hard/libc_nano.a(libc_a-closer.o)
                              /home/chandana/st/stm32cubeide_1.15.1_2/plugins/com.st.stm32cube.ide.mcu.externaltools.gnu-tools-for-stm32.12.3.rel1.linux64_1.0.100.202403111256/tools/bin/../lib/gcc/arm-none-eabi/12.3.1/../../../../arm-none-eabi/lib/thumb/v7e-m+fp/hard/libc_nano.a(libc_a-stdio.o) (_close_r)
/home/chandana/st/stm32cubeide_1.15.1_2/plugins/com.st.stm32cube.ide.mcu.externaltools.gnu-tools-for-stm32.12.3.rel1.linux64_1.0.100.202403111256/tools/bin/../lib/gcc/arm-none-eabi/12.3.1/../../../../arm-none-eabi/lib/thumb/v7e-m+fp/hard/libc_nano.a(libc_a-reent.o)
                              /home/chandana/st/stm32cubeide_1.15.1_2/plugins/com.st.stm32cube.ide.mcu.externaltools.gnu-tools-for-stm32.12.3.rel1.linux64_1.0.100.202403111256/tools/bin/../lib/gcc/arm-none-eabi/12.3.1/../../../../arm-none-eabi/lib/thumb/v7e-m+fp/hard/libc_nano.a(libc_a-closer.o) (errno)
/home/chandana/st/stm32cubeide_1.15.1_2/plugins/com.st.stm32cube.ide.mcu.externaltools.gnu-tools-for-stm32.12.3.rel1.linux64_1.0.100.202403111256/tools/bin/../lib/gcc/arm-none-eabi/12.3.1/../../../../arm-none-eabi/lib/thumb/v7e-m+fp/hard/libc_nano.a(libc_a-impure.o)
                              /home/chandana/st/stm32cubeide_1.15.1_2/plugins/com.st.stm32cube.ide.mcu.externaltools.gnu-tools-for-stm32.12.3.rel1.linux64_1.0.100.202403111256/tools/bin/../lib/gcc/arm-none-eabi/12.3.1/../../../../arm-none-eabi/lib/thumb/v7e-m+fp/hard/libc_nano.a(libc_a-reent.o) (_impure_ptr)
/home/chandana/st/stm32cubeide_1.15.1_2/plugins/com.st.stm32cube.ide.mcu.externaltools.gnu-tools-for-stm32.12.3.rel1.linux64_1.0.100.202403111256/tools/bin/../lib/gcc/arm-none-eabi/12.3.1/../../../../arm-none-eabi/lib/thumb/v7e-m+fp/hard/libc_nano.a(libc_a-lseekr.o)
[...]
Memory Configuration

Name             Origin             Length             Attributes
CCMRAM           0x10000000         0x00010000         xrw
RAM              0x20000000         0x00020000         xrw
FLASH            0x08000000         0x00100000         xr
*default*        0x00000000         0xffffffff

Linker script and memory map

LOAD /home/chandana/st/stm32cubeide_1.15.1_2/plugins/com.st.stm32cube.ide.mcu.externaltools.gnu-tools-for-stm32.12.3.rel1.linux64_1.0.100.202403111256/tools/bin/../lib/gcc/arm-none-eabi/12.3.1/thumb/v7e-m+fp/hard/crti.o
LOAD /home/chandana/st/stm32cubeide_1.15.1_2/plugins/com.st.stm32cube.ide.mcu.externaltools.gnu-tools-for-stm32.12.3.rel1.linux64_1.0.100.202403111256/tools/bin/../lib/gcc/arm-none-eabi/12.3.1/thumb/v7e-m+fp/hard/crtbegin.o
LOAD /home/chandana/st/stm32cubeide_1.15.1_2/plugins/com.st.stm32cube.ide.mcu.externaltools.gnu-tools-for-stm32.12.3.rel1.linux64_1.0.100.202403111256/tools/bin/../lib/gcc/arm-none-eabi/12.3.1/../../../../arm-none-eabi/lib/thumb/v7e-m+fp/hard/crt0.o
LOAD ./FreeRTOS/croutine.o
LOAD ./FreeRTOS/event_groups.o
LOAD ./FreeRTOS/list.o
LOAD ./FreeRTOS/queue.o
LOAD ./FreeRTOS/stream_buffer.o
LOAD ./FreeRTOS/tasks.o
LOAD ./FreeRTOS/timers.o
LOAD ./FreeRTOS/portable/GCC/ARM_CM4F/port.o
LOAD ./FreeRTOS/portable/MemMang/heap_4.o
LOAD ./Src/main.o
LOAD ./Src/syscalls.o
LOAD ./Src/sysmem.o
LOAD ./Startup/startup_stm32f407vgtx.o
START GROUP
LOAD /home/chandana/st/stm32cubeide_1.15.1_2/plugins/com.st.stm32cube.ide.mcu.externaltools.gnu-tools-for-stm32.12.3.rel1.linux64_1.0.100.202403111256/tools/bin/../lib/gcc/arm-none-eabi/12.3.1/../../../../arm-none-eabi/lib/thumb/v7e-m+fp/hard/libc_nano.a
LOAD /home/chandana/st/stm32cubeide_1.15.1_2/plugins/com.st.stm32cube.ide.mcu.externaltools.gnu-tools-for-stm32.12.3.rel1.linux64_1.0.100.202403111256/tools/bin/../lib/gcc/arm-none-eabi/12.3.1/../../../../arm-none-eabi/lib/thumb/v7e-m+fp/hard/libm.a
END GROUP
START GROUP
LOAD /home/chandana/st/stm32cubeide_1.15.1_2/plugins/com.st.stm32cube.ide.mcu.externaltools.gnu-tools-for-stm32.12.3.rel1.linux64_1.0.100.202403111256/tools/bin/../lib/gcc/arm-none-eabi/12.3.1/thumb/v7e-m+fp/hard/libgcc.a
LOAD /home/chandana/st/stm32cubeide_1.15.1_2/plugins/com.st.stm32cube.ide.mcu.externaltools.gnu-tools-for-stm32.12.3.rel1.linux64_1.0.100.202403111256/tools/bin/../lib/gcc/arm-none-eabi/12.3.1/../../../../arm-none-eabi/lib/thumb/v7e-m+fp/hard/libc_nano.a
END GROUP
START GROUP
LOAD /home/chandana/st/stm32cubeide_1.15.1_2/plugins/com.st.stm32cube.ide.mcu.externaltools.gnu-tools-for-stm32.12.3.rel1.linux64_1.0.100.202403111256/tools/bin/../lib/gcc/arm-none-eabi/12.3.1/thumb/v7e-m+fp/hard/libgcc.a
LOAD /home/chandana/st/stm32cubeide_1.15.1_2/plugins/com.st.stm32cube.ide.mcu.externaltools.gnu-tools-for-stm32.12.3.rel1.linux64_1.0.100.202403111256/tools/bin/../lib/gcc/arm-none-eabi/12.3.1/../../../../arm-none-eabi/lib/thumb/v7e-m+fp/hard/libc_nano.a
LOAD /home/chandana/st/stm32cubeide_1.15.1_2/plugins/com.st.stm32cube.ide.mcu.externaltools.gnu-tools-for-stm32.12.3.rel1.linux64_1.0.100.202403111256/tools/bin/../lib/gcc/arm-none-eabi/12.3.1/../../../../arm-none-eabi/lib/thumb/v7e-m+fp/hard/libnosys.a
END GROUP
START GROUP
LOAD /home/chandana/st/stm32cubeide_1.15.1_2/plugins/com.st.stm32cube.ide.mcu.externaltools.gnu-tools-for-stm32.12.3.rel1.linux64_1.0.100.202403111256/tools/bin/../lib/gcc/arm-none-eabi/12.3.1/thumb/v7e-m+fp/hard/libgcc.a
LOAD /home/chandana/st/stm32cubeide_1.15.1_2/plugins/com.st.stm32cube.ide.mcu.externaltools.gnu-tools-for-stm32.12.3.rel1.linux64_1.0.100.202403111256/tools/bin/../lib/gcc/arm-none-eabi/12.3.1/../../../../arm-none-eabi/lib/thumb/v7e-m+fp/hard/libc_nano.a
LOAD /home/chandana/st/stm32cubeide_1.15.1_2/plugins/com.st.stm32cube.ide.mcu.externaltools.gnu-tools-for-stm32.12.3.rel1.linux64_1.0.100.202403111256/tools/bin/../lib/gcc/arm-none-eabi/12.3.1/../../../../arm-none-eabi/lib/thumb/v7e-m+fp/hard/libnosys.a
END GROUP
LOAD /home/chandana/st/stm32cubeide_1.15.1_2/plugins/com.st.stm32cube.ide.mcu.externaltools.gnu-tools-for-stm32.12.3.rel1.linux64_1.0.100.202403111256/tools/bin/../lib/gcc/arm-none-eabi/12.3.1/thumb/v7e-m+fp/hard/crtend.o
LOAD /home/chandana/st/stm32cubeide_1.15.1_2/plugins/com.st.stm32cube.ide.mcu.externaltools.gnu-tools-for-stm32.12.3.rel1.linux64_1.0.100.202403111256/tools/bin/../lib/gcc/arm-none-eabi/12.3.1/thumb/v7e-m+fp/hard/crtn.o
                0x20020000                        _estack = (ORIGIN (RAM) + LENGTH (RAM))
                0x00000200                        _Min_Heap_Size = 0x200
                0x00000400                        _Min_Stack_Size = 0x400

.isr_vector     0x08000000      0x188
                0x08000000                        . = ALIGN (0x4)
 *(.isr_vector)
 .isr_vector    0x08000000      0x188 ./Startup/startup_stm32f407vgtx.o
                0x08000000                g_pfnVectors
                0x08000188                        . = ALIGN (0x4)

.text           0x08000190      0x550
                0x08000190                        . = ALIGN (0x4)
 *(.text)
 .text          0x08000190       0x40 /home/chandana/st/stm32cubeide_1.15.1_2/plugins/com.st.stm32cube.ide.mcu.externaltools.gnu-tools-for-stm32.12.3.rel1.linux64_1.0.100.202403111256/tools/bin/../lib/gcc/arm-none-eabi/12.3.1/thumb/v7e-m+fp/hard/crtbegin.o
 *(.text*)
 .text.xTaskIncrementTick
                0x080001d0      0x240 ./FreeRTOS/tasks.o
                0x080001d0                xTaskIncrementTick
 .text.vTaskSwitchContext
                0x08000410      0x104 ./FreeRTOS/tasks.o
                0x08000410                vTaskSwitchContext
 .text.prvResetNextTaskUnblockTime
                0x08000514       0x38 ./FreeRTOS/tasks.o
 *fill*         0x0800054c        0x4 
 .text.SVC_Handler
                0x08000550       0x28 ./FreeRTOS/portable/GCC/ARM_CM4F/port.o
                0x08000550                SVC_Handler
 *fill*         0x08000578        0x8 
 .text.PendSV_Handler
                0x08000580       0x68 ./FreeRTOS/portable/GCC/ARM_CM4F/port.o
                0x08000580                PendSV_Handler
 .text.SysTick_Handler
                0x080005e8       0x44 ./FreeRTOS/portable/GCC/ARM_CM4F/port.o
                0x080005e8                SysTick_Handler
 .text.Reset_Handler
                0x0800062c       0x50 ./Startup/startup_stm32f407vgtx.o
                0x0800062c                Reset_Handler
 .text.Default_Handler
                0x0800067c        0x2 ./Startup/startup_stm32f407vgtx.o
                0x0800067c                RTC_Alarm_IRQHandler
                0x0800067c                HASH_RNG_IRQHandler
                0x0800067c                EXTI2_IRQHandler
                0x0800067c                TIM8_CC_IRQHandler
                0x0800067c                DebugMon_Handler
                0x0800067c                TIM1_CC_IRQHandler
                0x0800067c                DMA2_Stream5_IRQHandler
                0x0800067c                HardFault_Handler
                0x0800067c                DMA1_Stream5_IRQHandler
                0x0800067c                PVD_IRQHandler
                0x0800067c                SDIO_IRQHandler
                0x0800067c                TAMP_STAMP_IRQHandler
                0x0800067c                NMI_Handler
                0x0800067c                CAN2_RX1_IRQHandler
                0x0800067c                EXTI3_IRQHandler
                0x0800067c                TIM8_TRG_COM_TIM14_IRQHandler
                0x0800067c                TIM1_UP_TIM10_IRQHandler
                0x0800067c                TIM8_UP_TIM13_IRQHandler
                0x0800067c                I2C3_ER_IRQHandler
                0x0800067c                EXTI0_IRQHandler
                0x0800067c                I2C2_EV_IRQHandler
                0x0800067c                DMA1_Stream2_IRQHandler
                0x0800067c                CAN1_RX0_IRQHandler
                0x0800067c                FPU_IRQHandler
                0x0800067c                OTG_HS_WKUP_IRQHandler
                0x0800067c                UsageFault_Handler
                0x0800067c                CAN2_SCE_IRQHandler
                0x0800067c                DMA2_Stream2_IRQHandler
                0x0800067c                SPI1_IRQHandler
                0x0800067c                TIM6_DAC_IRQHandler
                0x0800067c                TIM1_BRK_TIM9_IRQHandler
                0x0800067c                DCMI_IRQHandler
                0x0800067c                CAN2_RX0_IRQHandler
                0x0800067c                DMA2_Stream3_IRQHandler
                0x0800067c                USART6_IRQHandler
                0x0800067c                USART3_IRQHandler
                0x0800067c                CRYP_IRQHandler
                0x0800067c                CAN1_RX1_IRQHandler
                0x0800067c                UART5_IRQHandler
                0x0800067c                DMA2_Stream0_IRQHandler
                0x0800067c                TIM4_IRQHandler
                0x0800067c                I2C1_EV_IRQHandler
                0x0800067c                DMA1_Stream6_IRQHandler
                0x0800067c                DMA1_Stream1_IRQHandler
                0x0800067c                UART4_IRQHandler
                0x0800067c                TIM3_IRQHandler
                0x0800067c                RCC_IRQHandler
                0x0800067c                TIM8_BRK_TIM12_IRQHandler
                0x0800067c                Default_Handler
                0x0800067c                EXTI15_10_IRQHandler
                0x0800067c                ADC_IRQHandler
                0x0800067c                DMA1_Stream7_IRQHandler
                0x0800067c                TIM7_IRQHandler
                0x0800067c                CAN2_TX_IRQHandler
                0x0800067c                TIM5_IRQHandler
                0x0800067c                DMA2_Stream7_IRQHandler
                0x0800067c                I2C3_EV_IRQHandler
                0x0800067c                EXTI9_5_IRQHandler
                0x0800067c                RTC_WKUP_IRQHandler
                0x0800067c                ETH_WKUP_IRQHandler
                0x0800067c                SPI2_IRQHandler
                0x0800067c                OTG_HS_EP1_IN_IRQHandler
                0x0800067c                MemManage_Handler
                0x0800067c                DMA1_Stream0_IRQHandler
                0x0800067c                CAN1_TX_IRQHandler
                0x0800067c                EXTI4_IRQHandler
                0x0800067c                FSMC_IRQHandler
                0x0800067c                ETH_IRQHandler
                0x0800067c                OTG_HS_EP1_OUT_IRQHandler
                0x0800067c                WWDG_IRQHandler
                0x0800067c                TIM2_IRQHandler
                0x0800067c                OTG_FS_WKUP_IRQHandler
                0x0800067c                TIM1_TRG_COM_TIM11_IRQHandler
                0x0800067c                OTG_HS_IRQHandler
                0x0800067c                EXTI1_IRQHandler
                0x0800067c                USART2_IRQHandler
                0x0800067c                I2C2_ER_IRQHandler
                0x0800067c                DMA2_Stream1_IRQHandler
                0x0800067c                CAN1_SCE_IRQHandler
                0x0800067c                DMA2_Stream4_IRQHandler
                0x0800067c                BusFault_Handler
                0x0800067c                USART1_IRQHandler
                0x0800067c                OTG_FS_IRQHandler
                0x0800067c                SPI3_IRQHandler
                0x0800067c                DMA1_Stream4_IRQHandler
                0x0800067c                I2C1_ER_IRQHandler
                0x0800067c                DMA2_Stream6_IRQHandler
                0x0800067c                DMA1_Stream3_IRQHandler
 *fill*         0x0800067e        0x2 
 .text.__libc_init_array
                0x08000680       0x48 /home/chandana/st/stm32cubeide_1.15.1_2/plugins/com.st.stm32cube.ide.mcu.externaltools.gnu-tools-for-stm32.12.3.rel1.linux64_1.0.100.202403111256/tools/bin/../lib/gcc/arm-none-eabi/12.3.1/../../../../arm-none-eabi/lib/thumb/v7e-m+fp/hard/libc_nano.a(libc_a-init.o)
                0x08000680                __libc_init_array
 *(.glue_7)
 .glue_7        0x080006c8        0x0 linker stubs
 *(.glue_7t)
 .glue_7t       0x080006c8        0x0 linker stubs
 *(.eh_frame)
 .eh_frame      0x080006c8        0x0 /home/chandana/st/stm32cubeide_1.15.1_2/plugins/com.st.stm32cube.ide.mcu.externaltools.gnu-tools-for-stm32.12.3.rel1.linux64_1.0.100.202403111256/tools/bin/../lib/gcc/arm-none-eabi/12.3.1/thumb/v7e-m+fp/hard/crtbegin.o
 *(.init)
 .init          0x080006c8        0x4 /home/chandana/st/stm32cubeide_1.15.1_2/plugins/com.st.stm32cube.ide.mcu.externaltools.gnu-tools-for-stm32.12.3.rel1.linux64_1.0.100.202403111256/tools/bin/../lib/gcc/arm-none-eabi/12.3.1/thumb/v7e-m+fp/hard/crti.o
                0x080006c8                _init
 .init          0x080006cc        0x8 /home/chandana/st/stm32cubeide_1.15.1_2/plugins/com.st.stm32cube.ide.mcu.externaltools.gnu-tools-for-stm32.12.3.rel1.linux64_1.0.100.202403111256/tools/bin/../lib/gcc/arm-none-eabi/12.3.1/thumb/v7e-m+fp/hard/crtn.o
 *(.fini)
 .fini          0x080006d4        0x4 /home/chandana/st/stm32cubeide_1.15.1_2/plugins/com.st.stm32cube.ide.mcu.externaltools.gnu-tools-for-stm32.12.3.rel1.linux64_1.0.100.202403111256/tools/bin/../lib/gcc/arm-none-eabi/12.3.1/thumb/v7e-m+fp/hard/crti.o
                0x080006d4                _fini
 .fini          0x080006d8        0x8 /home/chandana/st/stm32cubeide_1.15.1_2/plugins/com.st.stm32cube.ide.mcu.externaltools.gnu-tools-for-stm32.12.3.rel1.linux64_1.0.100.202403111256/tools/bin/../lib/gcc/arm-none-eabi/12.3.1/thumb/v7e-m+fp/hard/crtn.o
                0x080006e0                        . = ALIGN (0x4)
                0x080006e0                        _etext = .

.vfp11_veneer   0x080006e0        0x0
 .vfp11_veneer  0x080006e0        0x0 linker stubs

.v4_bx          0x080006e0        0x0
 .v4_bx         0x080006e0        0x0 linker stubs

.iplt           0x080006e0        0x0
 .iplt          0x080006e0        0x0 /home/chandana/st/stm32cubeide_1.15.1_2/plugins/com.st.stm32cube.ide.mcu.externaltools.gnu-tools-for-stm32.12.3.rel1.linux64_1.0.100.202403111256/tools/bin/../lib/gcc/arm-none-eabi/12.3.1/thumb/v7e-m+fp/hard/crtbegin.o

.rodata         0x080006e0        0x0
                0x080006e0                        . = ALIGN (0x4)
 *(.rodata)
 *(.rodata*)
                0x080006e0                        . = ALIGN (0x4)

.ARM.extab      0x080006e0        0x0
                0x080006e0                        . = ALIGN (0x4)
 *(.ARM.extab* .gnu.linkonce.armextab.*)
                0x080006e0                        . = ALIGN (0x4)

.ARM            0x080006e0        0x0
                0x080006e0                        . = ALIGN (0x4)
                0x080006e0                        __exidx_start = .
 *(.ARM.exidx*)
                0x080006e0                        __exidx_end = .
                0x080006e0                        . = ALIGN (0x4)

.preinit_array  0x080006e0        0x0
                0x080006e0                        . = ALIGN (0x4)
                0x080006e0                        PROVIDE (__preinit_array_start = .)
 *(.preinit_array*)
                0x080006e0                        PROVIDE (__preinit_array_end = .)
                0x080006e0                        . = ALIGN (0x4)

.init_array     0x080006e0        0x4
                0x080006e0                        . = ALIGN (0x4)
                0x080006e0                        PROVIDE (__init_array_start = .)
 *(SORT_BY_NAME(.init_array.*))
 *(.init_array*)
 .init_array    0x080006e0        0x4 /home/chandana/st/stm32cubeide_1.15.1_2/plugins/com.st.stm32cube.ide.mcu.externaltools.gnu-tools-for-stm32.12.3.rel1.linux64_1.0.100.202403111256/tools/bin/../lib/gcc/arm-none-eabi/12.3.1/thumb/v7e-m+fp/hard/crtbegin.o
                0x080006e4                        PROVIDE (__init_array_end = .)
                0x080006e4                        . = ALIGN (0x4)

.fini_array     0x080006e4        0x4
                0x080006e4                        . = ALIGN (0x4)
                [!provide]                        PROVIDE (__fini_array_start = .)
 *(SORT_BY_NAME(.fini_array.*))
 *(.fini_array*)
 .fini_array    0x080006e4        0x4 /home/chandana/st/stm32cubeide_1.15.1_2/plugins/com.st.stm32cube.ide.mcu.externaltools.gnu-tools-for-stm32.12.3.rel1.linux64_1.0.100.202403111256/tools/bin/../lib/gcc/arm-none-eabi/12.3.1/thumb/v7e-m+fp/hard/crtbegin.o
                [!provide]                        PROVIDE (__fini_array_end = .)
                0x080006e8                        . = ALIGN (0x4)
                0x080006e8                        _sidata = LOADADDR (.data)

.rel.dyn        0x080006e8        0x0
 .rel.iplt      0x080006e8        0x0 /home/chandana/st/stm32cubeide_1.15.1_2/plugins/com.st.stm32cube.ide.mcu.externaltools.gnu-tools-for-stm32.12.3.rel1.linux64_1.0.100.202403111256/tools/bin/../lib/gcc/arm-none-eabi/12.3.1/thumb/v7e-m+fp/hard/crtbegin.o

.data           0x20000000        0x0 load address 0x080006e8
                0x20000000                        . = ALIGN (0x4)
                0x20000000                        _sdata = .
 *(.data)
 *(.data*)
 *(.RamFunc)
 *(.RamFunc*)
                0x20000000                        . = ALIGN (0x4)
                0x20000000                        _edata = .
                0x080006e8                        _siccmram = LOADADDR (.ccmram)

.igot.plt       0x20000000        0x0 load address 0x080006e8
 .igot.plt      0x20000000        0x0 /home/chandana/st/stm32cubeide_1.15.1_2/plugins/com.st.stm32cube.ide.mcu.externaltools.gnu-tools-for-stm32.12.3.rel1.linux64_1.0.100.202403111256/tools/bin/../lib/gcc/arm-none-eabi/12.3.1/thumb/v7e-m+fp/hard/crtbegin.o

.ccmram         0x10000000        0x0 load address 0x080006e8
                0x10000000                        . = ALIGN (0x4)
                0x10000000                        _sccmram = .
 *(.ccmram)
 *(.ccmram*)
                0x10000000                        . = ALIGN (0x4)
                0x10000000                        _eccmram = .
                0x10000000                        . = ALIGN (0x4)

.bss            0x20000000       0xa8
                0x20000000                        _sbss = .
                0x20000000                        __bss_start__ = _sbss
 *(.bss)
 .bss           0x20000000       0x1c /home/chandana/st/stm32cubeide_1.15.1_2/plugins/com.st.stm32cube.ide.mcu.externaltools.gnu-tools-for-stm32.12.3.rel1.linux64_1.0.100.202403111256/tools/bin/../lib/gcc/arm-none-eabi/12.3.1/thumb/v7e-m+fp/hard/crtbegin.o
 *(.bss*)
 .bss.pxCurrentTCB
                0x2000001c        0x4 ./FreeRTOS/tasks.o
                0x2000001c                pxCurrentTCB
 .bss.pxReadyTasksLists
                0x20000020       0x64 ./FreeRTOS/tasks.o
 .bss.pxDelayedTaskList
                0x20000084        0x4 ./FreeRTOS/tasks.o
 .bss.pxOverflowDelayedTaskList
                0x20000088        0x4 ./FreeRTOS/tasks.o
 .bss.xTickCount
                0x2000008c        0x4 ./FreeRTOS/tasks.o
 .bss.uxTopReadyPriority
                0x20000090        0x4 ./FreeRTOS/tasks.o
 .bss.xPendedTicks
                0x20000094        0x4 ./FreeRTOS/tasks.o
 .bss.xYieldPending
                0x20000098        0x4 ./FreeRTOS/tasks.o
 .bss.xNumOfOverflows
                0x2000009c        0x4 ./FreeRTOS/tasks.o
 .bss.xNextTaskUnblockTime
                0x200000a0        0x4 ./FreeRTOS/tasks.o
 .bss.uxSchedulerSuspended
                0x200000a4        0x4 ./FreeRTOS/tasks.o
 *(COMMON)
                0x200000a8                        . = ALIGN (0x4)
                0x200000a8                        _ebss = .
                0x200000a8                        __bss_end__ = _ebss

._user_heap_stack
                0x200000a8      0x600
                0x200000a8                        . = ALIGN (0x8)
                [!provide]                        PROVIDE (end = .)
                0x200000a8                        PROVIDE (_end = .)
                0x200002a8                        . = (. + _Min_Heap_Size)
 *fill*         0x200000a8      0x200 
                0x200006a8                        . = (. + _Min_Stack_Size)
 *fill*         0x200002a8      0x400 
                0x200006a8                        . = ALIGN (0x8)

/DISCARD/
 libc.a(*)
 libm.a(*)
 libgcc.a(*)

.ARM.attributes
                0x00000000       0x30
 *(.ARM.attributes)
 .ARM.attributes
                0x00000000       0x22 /home/chandana/st/stm32cubeide_1.15.1_2/plugins/com.st.stm32cube.ide.mcu.externaltools.gnu-tools-for-stm32.12.3.rel1.linux64_1.0.100.202403111256/tools/bin/../lib/gcc/arm-none-eabi/12.3.1/thumb/v7e-m+fp/hard/crti.o
 .ARM.attributes
                0x00000022       0x34 /home/chandana/st/stm32cubeide_1.15.1_2/plugins/com.st.stm32cube.ide.mcu.externaltools.gnu-tools-for-stm32.12.3.rel1.linux64_1.0.100.202403111256/tools/bin/../lib/gcc/arm-none-eabi/12.3.1/thumb/v7e-m+fp/hard/crtbegin.o
 .ARM.attributes
                0x00000056       0x34 ./FreeRTOS/tasks.o
 .ARM.attributes
                0x0000008a       0x34 ./FreeRTOS/portable/GCC/ARM_CM4F/port.o
 .ARM.attributes
                0x000000be       0x21 ./Startup/startup_stm32f407vgtx.o
 .ARM.attributes
                0x000000df       0x34 /home/chandana/st/stm32cubeide_1.15.1_2/plugins/com.st.stm32cube.ide.mcu.externaltools.gnu-tools-for-stm32.12.3.rel1.linux64_1.0.100.202403111256/tools/bin/../lib/gcc/arm-none-eabi/12.3.1/../../../../arm-none-eabi/lib/thumb/v7e-m+fp/hard/libc_nano.a(libc_a-init.o)
 .ARM.attributes
                0x00000113       0x22 /home/chandana/st/stm32cubeide_1.15.1_2/plugins/com.st.stm32cube.ide.mcu.externaltools.gnu-tools-for-stm32.12.3.rel1.linux64_1.0.100.202403111256/tools/bin/../lib/gcc/arm-none-eabi/12.3.1/thumb/v7e-m+fp/hard/crtn.o
OUTPUT(001_led_toggle_addr.elf elf32-littlearm)
LOAD linker stubs
LOAD /home/chandana/st/stm32cubeide_1.15.1_2/plugins/com.st.stm32cube.ide.mcu.externaltools.gnu-tools-for-stm32.12.3.rel1.linux64_1.0.100.202403111256/tools/bin/../lib/gcc/arm-none-eabi/12.3.1/../../../../arm-none-eabi/lib/thumb/v7e-m+fp/hard/libc.a
LOAD /home/chandana/st/stm32cubeide_1.15.1_2/plugins/com.st.stm32cube.ide.mcu.externaltools.gnu-tools-for-stm32.12.3.rel1.linux64_1.0.100.202403111256/tools/bin/../lib/gcc/arm-none-eabi/12.3.1/../../../../arm-none-eabi/lib/thumb/v7e-m+fp/hard/libm.a
LOAD /home/chandana/st/stm32cubeide_1.15.1_2/plugins/com.st.stm32cube.ide.mcu.externaltools.gnu-tools-for-stm32.12.3.rel1.linux64_1.0.100.202403111256/tools/bin/../lib/gcc/arm-none-eabi/12.3.1/thumb/v7e-m+fp/hard/libgcc.a

.debug_info     0x00000000     0x298d
 .debug_info    0x00000000     0x247c ./FreeRTOS/tasks.o
 .debug_info    0x0000247c      0x4e1 ./FreeRTOS/portable/GCC/ARM_CM4F/port.o
 .debug_info    0x0000295d       0x30 ./Startup/startup_stm32f407vgtx.o

.debug_abbrev   0x00000000      0x60d
 .debug_abbrev  0x00000000      0x38f ./FreeRTOS/tasks.o
 .debug_abbrev  0x0000038f      0x25a ./FreeRTOS/portable/GCC/ARM_CM4F/port.o
 .debug_abbrev  0x000005e9       0x24 ./Startup/startup_stm32f407vgtx.o

.debug_aranges  0x00000000      0x2a0
 .debug_aranges
                0x00000000      0x1f8 ./FreeRTOS/tasks.o
 .debug_aranges
                0x000001f8       0x80 ./FreeRTOS/portable/GCC/ARM_CM4F/port.o
 .debug_aranges
                0x00000278       0x28 ./Startup/startup_stm32f407vgtx.o

.debug_rnglists
                0x00000000      0x20b
 .debug_rnglists
                0x00000000      0x195 ./FreeRTOS/tasks.o
 .debug_rnglists
                0x00000195       0x5d ./FreeRTOS/portable/GCC/ARM_CM4F/port.o
 .debug_rnglists
                0x000001f2       0x19 ./Startup/startup_stm32f407vgtx.o

.debug_macro    0x00000000      0x43b
 .debug_macro   0x00000000      0x27e ./FreeRTOS/tasks.o
 .debug_macro   0x0000027e       0x16 ./FreeRTOS/tasks.o
 .debug_macro   0x00000294      0x1a7 ./FreeRTOS/portable/GCC/ARM_CM4F/port.o

.debug_line     0x00000000     0x27f7
 .debug_line    0x00000000     0x1e8c ./FreeRTOS/tasks.o
 .debug_line    0x00001e8c      0x8f0 ./FreeRTOS/portable/GCC/ARM_CM4F/port.o
 .debug_line    0x0000277c       0x7b ./Startup/startup_stm32f407vgtx.o

.debug_str      0x00000000     0xe963
 .debug_str     0x00000000     0xe149 ./FreeRTOS/tasks.o
                               0xe45c (size before relaxing)
 .debug_str     0x0000e149      0x7db ./FreeRTOS/portable/GCC/ARM_CM4F/port.o
                               0x99bd (size before relaxing)
 .debug_str     0x0000e924       0x3f ./Startup/startup_stm32f407vgtx.o
                                 0xbc (size before relaxing)

.comment        0x00000000       0x43
 .comment       0x00000000       0x43 ./FreeRTOS/tasks.o
                                 0x44 (size before relaxing)
 .comment       0x00000043       0x44 ./FreeRTOS/portable/GCC/ARM_CM4F/port.o

.debug_frame    0x00000000      0xa7c
 .debug_frame   0x00000000      0x8a8 ./FreeRTOS/tasks.o
 .debug_frame   0x000008a8      0x1a8 ./FreeRTOS/portable/GCC/ARM_CM4F/port.o
 .debug_frame   0x00000a50       0x2c /home/chandana/st/stm32cubeide_1.15.1_2/plugins/com.st.stm32cube.ide.mcu.externaltools.gnu-tools-for-stm32.12.3.rel1.linux64_1.0.100.202403111256/tools/bin/../lib/gcc/arm-none-eabi/12.3.1/../../../../arm-none-eabi/lib/thumb/v7e-m+fp/hard/libc_nano.a(libc_a-init.o)

.debug_line_str
                0x00000000       0xa0
 .debug_line_str
                0x00000000       0xa0 ./Startup/startup_stm32f407vgtx.o
