Archive member included to satisfy reference by file (symbol)

c:/st/stm32cubeide_1.12.1/stm32cubeide/plugins/com.st.stm32cube.ide.mcu.externaltools.gnu-tools-for-stm32.10.3-2021.10.win32_1.0.200.202301161003/tools/bin/../lib/gcc/arm-none-eabi/10.3.1/../../../../arm-none-eabi/lib/thumb/v7e-m+fp/hard\libc_nano.a(lib_a-errno.o)
                              ./Src/syscalls.o (__errno)
c:/st/stm32cubeide_1.12.1/stm32cubeide/plugins/com.st.stm32cube.ide.mcu.externaltools.gnu-tools-for-stm32.10.3-2021.10.win32_1.0.200.202301161003/tools/bin/../lib/gcc/arm-none-eabi/10.3.1/../../../../arm-none-eabi/lib/thumb/v7e-m+fp/hard\libc_nano.a(lib_a-exit.o)
                              c:/st/stm32cubeide_1.12.1/stm32cubeide/plugins/com.st.stm32cube.ide.mcu.externaltools.gnu-tools-for-stm32.10.3-2021.10.win32_1.0.200.202301161003/tools/bin/../lib/gcc/arm-none-eabi/10.3.1/../../../../arm-none-eabi/lib/thumb/v7e-m+fp/hard/crt0.o (exit)
c:/st/stm32cubeide_1.12.1/stm32cubeide/plugins/com.st.stm32cube.ide.mcu.externaltools.gnu-tools-for-stm32.10.3-2021.10.win32_1.0.200.202301161003/tools/bin/../lib/gcc/arm-none-eabi/10.3.1/../../../../arm-none-eabi/lib/thumb/v7e-m+fp/hard\libc_nano.a(lib_a-impure.o)
                              c:/st/stm32cubeide_1.12.1/stm32cubeide/plugins/com.st.stm32cube.ide.mcu.externaltools.gnu-tools-for-stm32.10.3-2021.10.win32_1.0.200.202301161003/tools/bin/../lib/gcc/arm-none-eabi/10.3.1/../../../../arm-none-eabi/lib/thumb/v7e-m+fp/hard\libc_nano.a(lib_a-exit.o) (_global_impure_ptr)
c:/st/stm32cubeide_1.12.1/stm32cubeide/plugins/com.st.stm32cube.ide.mcu.externaltools.gnu-tools-for-stm32.10.3-2021.10.win32_1.0.200.202301161003/tools/bin/../lib/gcc/arm-none-eabi/10.3.1/../../../../arm-none-eabi/lib/thumb/v7e-m+fp/hard\libc_nano.a(lib_a-init.o)
                              c:/st/stm32cubeide_1.12.1/stm32cubeide/plugins/com.st.stm32cube.ide.mcu.externaltools.gnu-tools-for-stm32.10.3-2021.10.win32_1.0.200.202301161003/tools/bin/../lib/gcc/arm-none-eabi/10.3.1/../../../../arm-none-eabi/lib/thumb/v7e-m+fp/hard/crt0.o (__libc_init_array)
c:/st/stm32cubeide_1.12.1/stm32cubeide/plugins/com.st.stm32cube.ide.mcu.externaltools.gnu-tools-for-stm32.10.3-2021.10.win32_1.0.200.202301161003/tools/bin/../lib/gcc/arm-none-eabi/10.3.1/../../../../arm-none-eabi/lib/thumb/v7e-m+fp/hard\libc_nano.a(lib_a-memcpy-stub.o)
                              ./FreeRTOS/Source/queue.o (memcpy)
c:/st/stm32cubeide_1.12.1/stm32cubeide/plugins/com.st.stm32cube.ide.mcu.externaltools.gnu-tools-for-stm32.10.3-2021.10.win32_1.0.200.202301161003/tools/bin/../lib/gcc/arm-none-eabi/10.3.1/../../../../arm-none-eabi/lib/thumb/v7e-m+fp/hard\libc_nano.a(lib_a-memset.o)
                              c:/st/stm32cubeide_1.12.1/stm32cubeide/plugins/com.st.stm32cube.ide.mcu.externaltools.gnu-tools-for-stm32.10.3-2021.10.win32_1.0.200.202301161003/tools/bin/../lib/gcc/arm-none-eabi/10.3.1/../../../../arm-none-eabi/lib/thumb/v7e-m+fp/hard/crt0.o (memset)

Discarded input sections

 .text          0x0000000000000000        0x0 c:/st/stm32cubeide_1.12.1/stm32cubeide/plugins/com.st.stm32cube.ide.mcu.externaltools.gnu-tools-for-stm32.10.3-2021.10.win32_1.0.200.202301161003/tools/bin/../lib/gcc/arm-none-eabi/10.3.1/thumb/v7e-m+fp/hard/crti.o
 .data          0x0000000000000000        0x0 c:/st/stm32cubeide_1.12.1/stm32cubeide/plugins/com.st.stm32cube.ide.mcu.externaltools.gnu-tools-for-stm32.10.3-2021.10.win32_1.0.200.202301161003/tools/bin/../lib/gcc/arm-none-eabi/10.3.1/thumb/v7e-m+fp/hard/crti.o
 .bss           0x0000000000000000        0x0 c:/st/stm32cubeide_1.12.1/stm32cubeide/plugins/com.st.stm32cube.ide.mcu.externaltools.gnu-tools-for-stm32.10.3-2021.10.win32_1.0.200.202301161003/tools/bin/../lib/gcc/arm-none-eabi/10.3.1/thumb/v7e-m+fp/hard/crti.o
 .data          0x0000000000000000        0x4 c:/st/stm32cubeide_1.12.1/stm32cubeide/plugins/com.st.stm32cube.ide.mcu.externaltools.gnu-tools-for-stm32.10.3-2021.10.win32_1.0.200.202301161003/tools/bin/../lib/gcc/arm-none-eabi/10.3.1/thumb/v7e-m+fp/hard/crtbegin.o
 .rodata        0x0000000000000000       0x24 c:/st/stm32cubeide_1.12.1/stm32cubeide/plugins/com.st.stm32cube.ide.mcu.externaltools.gnu-tools-for-stm32.10.3-2021.10.win32_1.0.200.202301161003/tools/bin/../lib/gcc/arm-none-eabi/10.3.1/thumb/v7e-m+fp/hard/crtbegin.o
 .text          0x0000000000000000       0x7c c:/st/stm32cubeide_1.12.1/stm32cubeide/plugins/com.st.stm32cube.ide.mcu.externaltools.gnu-tools-for-stm32.10.3-2021.10.win32_1.0.200.202301161003/tools/bin/../lib/gcc/arm-none-eabi/10.3.1/../../../../arm-none-eabi/lib/thumb/v7e-m+fp/hard/crt0.o
 .data          0x0000000000000000        0x0 c:/st/stm32cubeide_1.12.1/stm32cubeide/plugins/com.st.stm32cube.ide.mcu.externaltools.gnu-tools-for-stm32.10.3-2021.10.win32_1.0.200.202301161003/tools/bin/../lib/gcc/arm-none-eabi/10.3.1/../../../../arm-none-eabi/lib/thumb/v7e-m+fp/hard/crt0.o
[...]
Memory Configuration

Name             Origin             Length             Attributes
CCMRAM           0x0000000010000000 0x0000000000010000 xrw
RAM              0x0000000020000000 0x0000000000020000 xrw
FLASH            0x0000000008000000 0x0000000000100000 xr
*default*        0x0000000000000000 0xffffffffffffffff

Linker script and memory map

LOAD c:/st/stm32cubeide_1.12.1/stm32cubeide/plugins/com.st.stm32cube.ide.mcu.externaltools.gnu-tools-for-stm32.10.3-2021.10.win32_1.0.200.202301161003/tools/bin/../lib/gcc/arm-none-eabi/10.3.1/thumb/v7e-m+fp/hard/crti.o
LOAD c:/st/stm32cubeide_1.12.1/stm32cubeide/plugins/com.st.stm32cube.ide.mcu.externaltools.gnu-tools-for-stm32.10.3-2021.10.win32_1.0.200.202301161003/tools/bin/../lib/gcc/arm-none-eabi/10.3.1/thumb/v7e-m+fp/hard/crtbegin.o
LOAD c:/st/stm32cubeide_1.12.1/stm32cubeide/plugins/com.st.stm32cube.ide.mcu.externaltools.gnu-tools-for-stm32.10.3-2021.10.win32_1.0.200.202301161003/tools/bin/../lib/gcc/arm-none-eabi/10.3.1/../../../../arm-none-eabi/lib/thumb/v7e-m+fp/hard/crt0.o
LOAD ./FreeRTOS/Source/croutine.o
LOAD ./FreeRTOS/Source/event_groups.o
LOAD ./FreeRTOS/Source/list.o
LOAD ./FreeRTOS/Source/queue.o
LOAD ./FreeRTOS/Source/stream_buffer.o
LOAD ./FreeRTOS/Source/tasks.o
LOAD ./FreeRTOS/Source/timers.o
LOAD ./FreeRTOS/Source/portable/GCC/ARM_CM4F/port.o
LOAD ./FreeRTOS/Source/portable/MemMang/heap_4.o
LOAD ./Src/exti.o
LOAD ./Src/main.o
LOAD ./Src/my_tasks.o
LOAD ./Src/syscalls.o
LOAD ./Src/sysmem.o
LOAD ./Startup/startup_stm32f407vgtx.o
START GROUP
END GROUP
START GROUP
LOAD c:/st/stm32cubeide_1.12.1/stm32cubeide/plugins/com.st.stm32cube.ide.mcu.externaltools.gnu-tools-for-stm32.10.3-2021.10.win32_1.0.200.202301161003/tools/bin/../lib/gcc/arm-none-eabi/10.3.1/../../../../arm-none-eabi/lib/thumb/v7e-m+fp/hard\libc_nano.a
LOAD c:/st/stm32cubeide_1.12.1/stm32cubeide/plugins/com.st.stm32cube.ide.mcu.externaltools.gnu-tools-for-stm32.10.3-2021.10.win32_1.0.200.202301161003/tools/bin/../lib/gcc/arm-none-eabi/10.3.1/../../../../arm-none-eabi/lib/thumb/v7e-m+fp/hard\libm.a
END GROUP
START GROUP
LOAD c:/st/stm32cubeide_1.12.1/stm32cubeide/plugins/com.st.stm32cube.ide.mcu.externaltools.gnu-tools-for-stm32.10.3-2021.10.win32_1.0.200.202301161003/tools/bin/../lib/gcc/arm-none-eabi/10.3.1/thumb/v7e-m+fp/hard\libgcc.a
LOAD c:/st/stm32cubeide_1.12.1/stm32cubeide/plugins/com.st.stm32cube.ide.mcu.externaltools.gnu-tools-for-stm32.10.3-2021.10.win32_1.0.200.202301161003/tools/bin/../lib/gcc/arm-none-eabi/10.3.1/../../../../arm-none-eabi/lib/thumb/v7e-m+fp/hard\libc_nano.a
END GROUP
START GROUP
LOAD c:/st/stm32cubeide_1.12.1/stm32cubeide/plugins/com.st.stm32cube.ide.mcu.externaltools.gnu-tools-for-stm32.10.3-2021.10.win32_1.0.200.202301161003/tools/bin/../lib/gcc/arm-none-eabi/10.3.1/thumb/v7e-m+fp/hard\libgcc.a
LOAD c:/st/stm32cubeide_1.12.1/stm32cubeide/plugins/com.st.stm32cube.ide.mcu.externaltools.gnu-tools-for-stm32.10.3-2021.10.win32_1.0.200.202301161003/tools/bin/../lib/gcc/arm-none-eabi/10.3.1/../../../../arm-none-eabi/lib/thumb/v7e-m+fp/hard\libc_nano.a
LOAD c:/st/stm32cubeide_1.12.1/stm32cubeide/plugins/com.st.stm32cube.ide.mcu.externaltools.gnu-tools-for-stm32.10.3-2021.10.win32_1.0.200.202301161003/tools/bin/../lib/gcc/arm-none-eabi/10.3.1/../../../../arm-none-eabi/lib/thumb/v7e-m+fp/hard\libnosys.a
END GROUP
START GROUP
LOAD c:/st/stm32cubeide_1.12.1/stm32cubeide/plugins/com.st.stm32cube.ide.mcu.externaltools.gnu-tools-for-stm32.10.3-2021.10.win32_1.0.200.202301161003/tools/bin/../lib/gcc/arm-none-eabi/10.3.1/thumb/v7e-m+fp/hard\libgcc.a
LOAD c:/st/stm32cubeide_1.12.1/stm32cubeide/plugins/com.st.stm32cube.ide.mcu.externaltools.gnu-tools-for-stm32.10.3-2021.10.win32_1.0.200.202301161003/tools/bin/../lib/gcc/arm-none-eabi/10.3.1/../../../../arm-none-eabi/lib/thumb/v7e-m+fp/hard\libc_nano.a
LOAD c:/st/stm32cubeide_1.12.1/stm32cubeide/plugins/com.st.stm32cube.ide.mcu.externaltools.gnu-tools-for-stm32.10.3-2021.10.win32_1.0.200.202301161003/tools/bin/../lib/gcc/arm-none-eabi/10.3.1/../../../../arm-none-eabi/lib/thumb/v7e-m+fp/hard\libnosys.a
END GROUP
LOAD c:/st/stm32cubeide_1.12.1/stm32cubeide/plugins/com.st.stm32cube.ide.mcu.externaltools.gnu-tools-for-stm32.10.3-2021.10.win32_1.0.200.202301161003/tools/bin/../lib/gcc/arm-none-eabi/10.3.1/thumb/v7e-m+fp/hard/crtend.o
LOAD c:/st/stm32cubeide_1.12.1/stm32cubeide/plugins/com.st.stm32cube.ide.mcu.externaltools.gnu-tools-for-stm32.10.3-2021.10.win32_1.0.200.202301161003/tools/bin/../lib/gcc/arm-none-eabi/10.3.1/thumb/v7e-m+fp/hard/crtn.o
                0x0000000020020000                _estack = (ORIGIN (RAM) + LENGTH (RAM))
                0x0000000000000200                _Min_Heap_Size = 0x200
                0x0000000000000400                _Min_Stack_Size = 0x400

.isr_vector     0x0000000008000000      0x1a8
                0x0000000008000000                . = ALIGN (0x4)
 *(.isr_vector)
 .isr_vector    0x0000000008000000      0x1a8 ./Startup/startup_stm32f407vgtx.o
                0x0000000008000000                g_pfnVectors
                0x00000000080001a8                . = ALIGN (0x4)

.text           0x00000000080001b0     0x2954
                0x00000000080001b0                . = ALIGN (0x4)
 *(.text)
 .text          0x00000000080001b0       0x40 c:/st/stm32cubeide_1.12.1/stm32cubeide/plugins/com.st.stm32cube.ide.mcu.externaltools.gnu-tools-for-stm32.10.3-2021.10.win32_1.0.200.202301161003/tools/bin/../lib/gcc/arm-none-eabi/10.3.1/thumb/v7e-m+fp/hard/crtbegin.o
 *(.text*)
 .text.vListInitialise
                0x00000000080001f0       0x40 ./FreeRTOS/Source/list.o
                0x00000000080001f0                vListInitialise
 .text.vListInitialiseItem
                0x0000000008000230       0x1a ./FreeRTOS/Source/list.o
                0x0000000008000230                vListInitialiseItem
 .text.vListInsert
                0x000000000800024a       0x72 ./FreeRTOS/Source/list.o
                0x000000000800024a                vListInsert
 .text.uxListRemove
                0x00000000080002bc       0x54 ./FreeRTOS/Source/list.o
                0x00000000080002bc                uxListRemove
 .text.xQueueGenericReset
                0x0000000008000310      0x120 ./FreeRTOS/Source/queue.o
                0x0000000008000310                xQueueGenericReset
 .text.xQueueGenericCreate
                0x0000000008000430       0x9c ./FreeRTOS/Source/queue.o
                0x0000000008000430                xQueueGenericCreate
 .text.prvInitialiseNewQueue
                0x00000000080004cc       0x46 ./FreeRTOS/Source/queue.o
 *fill*         0x0000000008000512        0x2 
 .text.xQueueReceive
                0x0000000008000514      0x1c0 ./FreeRTOS/Source/queue.o
                0x0000000008000514                xQueueReceive
 .text.prvCopyDataFromQueue
                0x00000000080006d4       0x4c ./FreeRTOS/Source/queue.o
 .text.prvUnlockQueue
                0x0000000008000720       0xa4 ./FreeRTOS/Source/queue.o
 .text.prvIsQueueEmpty
                0x00000000080007c4       0x2c ./FreeRTOS/Source/queue.o
 .text.vQueueAddToRegistry
                0x00000000080007f0       0x9c ./FreeRTOS/Source/queue.o
                0x00000000080007f0                vQueueAddToRegistry
 .text.vQueueWaitForMessageRestricted
                0x000000000800088c       0x68 ./FreeRTOS/Source/queue.o
                0x000000000800088c                vQueueWaitForMessageRestricted
 .text.xTaskCreate
                0x00000000080008f4       0x8c ./FreeRTOS/Source/tasks.o
                0x00000000080008f4                xTaskCreate
 .text.prvInitialiseNewTask
                0x0000000008000980      0x11c ./FreeRTOS/Source/tasks.o
 .text.prvAddNewTaskToReadyList
                0x0000000008000a9c      0x12c ./FreeRTOS/Source/tasks.o
 .text.vTaskStartScheduler
                0x0000000008000bc8       0xa4 ./FreeRTOS/Source/tasks.o
                0x0000000008000bc8                vTaskStartScheduler
 .text.vTaskSuspendAll
                0x0000000008000c6c       0x1c ./FreeRTOS/Source/tasks.o
                0x0000000008000c6c                vTaskSuspendAll
 .text.xTaskResumeAll
                0x0000000008000c88      0x1f8 ./FreeRTOS/Source/tasks.o
                0x0000000008000c88                xTaskResumeAll
 .text.xTaskGetTickCount
                0x0000000008000e80       0x20 ./FreeRTOS/Source/tasks.o
                0x0000000008000e80                xTaskGetTickCount
 .text.xTaskIncrementTick
                0x0000000008000ea0      0x22c ./FreeRTOS/Source/tasks.o
                0x0000000008000ea0                xTaskIncrementTick
 .text.vTaskSwitchContext
                0x00000000080010cc       0xb8 ./FreeRTOS/Source/tasks.o
                0x00000000080010cc                vTaskSwitchContext
 .text.vTaskPlaceOnEventList
                0x0000000008001184       0x48 ./FreeRTOS/Source/tasks.o
                0x0000000008001184                vTaskPlaceOnEventList
 .text.vTaskPlaceOnEventListRestricted
                0x00000000080011cc       0x8c ./FreeRTOS/Source/tasks.o
                0x00000000080011cc                vTaskPlaceOnEventListRestricted
 .text.xTaskRemoveFromEventList
                0x0000000008001258      0x1ac ./FreeRTOS/Source/tasks.o
                0x0000000008001258                xTaskRemoveFromEventList
 .text.vTaskInternalSetTimeOutState
                0x0000000008001404       0x2c ./FreeRTOS/Source/tasks.o
                0x0000000008001404                vTaskInternalSetTimeOutState
 .text.xTaskCheckForTimeOut
                0x0000000008001430       0xcc ./FreeRTOS/Source/tasks.o
                0x0000000008001430                xTaskCheckForTimeOut
 .text.vTaskMissedYield
                0x00000000080014fc       0x18 ./FreeRTOS/Source/tasks.o
                0x00000000080014fc                vTaskMissedYield
 .text.prvIdleTask
                0x0000000008001514       0x30 ./FreeRTOS/Source/tasks.o
 .text.prvInitialiseTaskLists
                0x0000000008001544       0x80 ./FreeRTOS/Source/tasks.o
 .text.prvCheckTasksWaitingTermination
                0x00000000080015c4       0x5c ./FreeRTOS/Source/tasks.o
 .text.prvDeleteTCB
                0x0000000008001620       0x20 ./FreeRTOS/Source/tasks.o
 .text.prvResetNextTaskUnblockTime
                0x0000000008001640       0x38 ./FreeRTOS/Source/tasks.o
 .text.xTaskGetSchedulerState
                0x0000000008001678       0x3c ./FreeRTOS/Source/tasks.o
                0x0000000008001678                xTaskGetSchedulerState
 .text.ulTaskGenericNotifyTake
                0x00000000080016b4       0xd0 ./FreeRTOS/Source/tasks.o
                0x00000000080016b4                ulTaskGenericNotifyTake
 .text.vTaskGenericNotifyGiveFromISR
                0x0000000008001784      0x20c ./FreeRTOS/Source/tasks.o
                0x0000000008001784                vTaskGenericNotifyGiveFromISR
 .text.prvAddCurrentTaskToDelayedList
                0x0000000008001990      0x100 ./FreeRTOS/Source/tasks.o
 .text.xTimerCreateTimerTask
                0x0000000008001a90       0x64 ./FreeRTOS/Source/timers.o
                0x0000000008001a90                xTimerCreateTimerTask
 .text.prvReloadTimer
                0x0000000008001af4       0x42 ./FreeRTOS/Source/timers.o
 *fill*         0x0000000008001b36        0x2 
 .text.prvProcessExpiredTimer
                0x0000000008001b38       0x60 ./FreeRTOS/Source/timers.o
 .text.prvTimerTask
                0x0000000008001b98       0x24 ./FreeRTOS/Source/timers.o
 .text.prvProcessTimerOrBlockTask
                0x0000000008001bbc       0x9c ./FreeRTOS/Source/timers.o
 .text.prvGetNextExpireTime
                0x0000000008001c58       0x48 ./FreeRTOS/Source/timers.o
 .text.prvSampleTimeNow
                0x0000000008001ca0       0x40 ./FreeRTOS/Source/timers.o
 .text.prvInsertTimerInActiveList
                0x0000000008001ce0       0x84 ./FreeRTOS/Source/timers.o
 .text.prvProcessReceivedCommands
                0x0000000008001d64      0x17c ./FreeRTOS/Source/timers.o
 .text.prvSwitchTimerLists
                0x0000000008001ee0       0x4c ./FreeRTOS/Source/timers.o
 .text.prvCheckForValidListAndQueue
                0x0000000008001f2c       0x6c ./FreeRTOS/Source/timers.o
 .text.pxPortInitialiseStack
                0x0000000008001f98       0x68 ./FreeRTOS/Source/portable/GCC/ARM_CM4F/port.o
                0x0000000008001f98                pxPortInitialiseStack
 .text.prvTaskExitError
                0x0000000008002000       0x58 ./FreeRTOS/Source/portable/GCC/ARM_CM4F/port.o
 *fill*         0x0000000008002058        0x8 
 .text.SVC_Handler
                0x0000000008002060       0x28 ./FreeRTOS/Source/portable/GCC/ARM_CM4F/port.o
                0x0000000008002060                SVC_Handler
 .text.prvPortStartFirstTask
                0x0000000008002088       0x2c ./FreeRTOS/Source/portable/GCC/ARM_CM4F/port.o
 .text.xPortStartScheduler
                0x00000000080020b4      0x144 ./FreeRTOS/Source/portable/GCC/ARM_CM4F/port.o
                0x00000000080020b4                xPortStartScheduler
 .text.vPortEnterCritical
                0x00000000080021f8       0x60 ./FreeRTOS/Source/portable/GCC/ARM_CM4F/port.o
                0x00000000080021f8                vPortEnterCritical
 .text.vPortExitCritical
                0x0000000008002258       0x54 ./FreeRTOS/Source/portable/GCC/ARM_CM4F/port.o
                0x0000000008002258                vPortExitCritical
 *fill*         0x00000000080022ac        0x4 
 .text.PendSV_Handler
                0x00000000080022b0       0x68 ./FreeRTOS/Source/portable/GCC/ARM_CM4F/port.o
                0x00000000080022b0                PendSV_Handler
 .text.SysTick_Handler
                0x0000000008002318       0x44 ./FreeRTOS/Source/portable/GCC/ARM_CM4F/port.o
                0x0000000008002318                SysTick_Handler
 .text.vPortSetupTimerInterrupt
                0x000000000800235c       0x34 ./FreeRTOS/Source/portable/GCC/ARM_CM4F/port.o
                0x000000000800235c                vPortSetupTimerInterrupt
 .text.vPortEnableVFP
                0x0000000008002390       0x18 ./FreeRTOS/Source/portable/GCC/ARM_CM4F/port.o
 .text.vPortValidateInterruptPriority
                0x00000000080023a8       0x80 ./FreeRTOS/Source/portable/GCC/ARM_CM4F/port.o
                0x00000000080023a8                vPortValidateInterruptPriority
 .text.pvPortMalloc
                0x0000000008002428      0x174 ./FreeRTOS/Source/portable/MemMang/heap_4.o
                0x0000000008002428                pvPortMalloc
 .text.vPortFree
                0x000000000800259c       0xb8 ./FreeRTOS/Source/portable/MemMang/heap_4.o
                0x000000000800259c                vPortFree
 .text.prvHeapInit
                0x0000000008002654       0xb8 ./FreeRTOS/Source/portable/MemMang/heap_4.o
 .text.prvInsertBlockIntoFreeList
                0x000000000800270c       0xb4 ./FreeRTOS/Source/portable/MemMang/heap_4.o
 .text.__NVIC_EnableIRQ
                0x00000000080027c0       0x3c ./Src/exti.o
 .text.__NVIC_SetPriority
                0x00000000080027fc       0x54 ./Src/exti.o
 .text.EXTI0Init
                0x0000000008002850       0x84 ./Src/exti.o
                0x0000000008002850                EXTI0Init
 .text.main     0x00000000080028d4       0x6c ./Src/main.o
                0x00000000080028d4                main
 .text.toggleLED
                0x0000000008002940       0x20 ./Src/main.o
                0x0000000008002940                toggleLED
 .text.isrHandleTaskCreate
                0x0000000008002960       0x2c ./Src/main.o
                0x0000000008002960                isrHandleTaskCreate
 .text.isrHandleTask
                0x000000000800298c       0x22 ./Src/main.o
                0x000000000800298c                isrHandleTask
 *fill*         0x00000000080029ae        0x2 
 .text.EXTI0_IRQHandler
                0x00000000080029b0       0x5c ./Src/main.o
                0x00000000080029b0                EXTI0_IRQHandler
 .text.taskSetup
                0x0000000008002a0c        0xc ./Src/my_tasks.o
                0x0000000008002a0c                taskSetup
 .text.initTasks
                0x0000000008002a18        0xc ./Src/my_tasks.o
                0x0000000008002a18                initTasks
 .text.Reset_Handler
                0x0000000008002a24       0x50 ./Startup/startup_stm32f407vgtx.o
                0x0000000008002a24                Reset_Handler
 .text.Default_Handler
                0x0000000008002a74        0x2 ./Startup/startup_stm32f407vgtx.o
                0x0000000008002a74                RTC_Alarm_IRQHandler
                0x0000000008002a74                HASH_RNG_IRQHandler
                0x0000000008002a74                EXTI2_IRQHandler
                0x0000000008002a74                TIM8_CC_IRQHandler
                0x0000000008002a74                DebugMon_Handler
                0x0000000008002a74                TIM1_CC_IRQHandler
                0x0000000008002a74                DMA2_Stream5_IRQHandler
                0x0000000008002a74                HardFault_Handler
                0x0000000008002a74                DMA1_Stream5_IRQHandler
                0x0000000008002a74                PVD_IRQHandler
                0x0000000008002a74                SDIO_IRQHandler
                0x0000000008002a74                TAMP_STAMP_IRQHandler
                0x0000000008002a74                NMI_Handler
                0x0000000008002a74                CAN2_RX1_IRQHandler
                0x0000000008002a74                EXTI3_IRQHandler
                0x0000000008002a74                TIM8_TRG_COM_TIM14_IRQHandler
                0x0000000008002a74                TIM1_UP_TIM10_IRQHandler
                0x0000000008002a74                TIM8_UP_TIM13_IRQHandler
                0x0000000008002a74                I2C3_ER_IRQHandler
                0x0000000008002a74                LCD_TFT_IRQHandler
                0x0000000008002a74                I2C2_EV_IRQHandler
                0x0000000008002a74                DMA1_Stream2_IRQHandler
                0x0000000008002a74                CAN1_RX0_IRQHandler
                0x0000000008002a74                FPU_IRQHandler
                0x0000000008002a74                OTG_HS_WKUP_IRQHandler
                0x0000000008002a74                UsageFault_Handler
                0x0000000008002a74                CAN2_SCE_IRQHandler
                0x0000000008002a74                DMA2_Stream2_IRQHandler
                0x0000000008002a74                SPI1_IRQHandler
                0x0000000008002a74                TIM6_DAC_IRQHandler
                0x0000000008002a74                TIM1_BRK_TIM9_IRQHandler
                0x0000000008002a74                DCMI_IRQHandler
                0x0000000008002a74                CAN2_RX0_IRQHandler
                0x0000000008002a74                DMA2_Stream3_IRQHandler
                0x0000000008002a74                USART6_IRQHandler
                0x0000000008002a74                USART3_IRQHandler
                0x0000000008002a74                CRYP_IRQHandler
                0x0000000008002a74                CAN1_RX1_IRQHandler
                0x0000000008002a74                UART5_IRQHandler
                0x0000000008002a74                DMA2_Stream0_IRQHandler
                0x0000000008002a74                TIM4_IRQHandler
                0x0000000008002a74                I2C1_EV_IRQHandler
                0x0000000008002a74                DMA1_Stream6_IRQHandler
                0x0000000008002a74                DMA1_Stream1_IRQHandler
                0x0000000008002a74                UART4_IRQHandler
                0x0000000008002a74                LCD_TFT_1_IRQHandler
                0x0000000008002a74                TIM3_IRQHandler
                0x0000000008002a74                RCC_IRQHandler
                0x0000000008002a74                TIM8_BRK_TIM12_IRQHandler
                0x0000000008002a74                Default_Handler
                0x0000000008002a74                EXTI15_10_IRQHandler
                0x0000000008002a74                ADC_IRQHandler
                0x0000000008002a74                DMA1_Stream7_IRQHandler
                0x0000000008002a74                TIM7_IRQHandler
                0x0000000008002a74                CAN2_TX_IRQHandler
                0x0000000008002a74                TIM5_IRQHandler
                0x0000000008002a74                DMA2_Stream7_IRQHandler
                0x0000000008002a74                I2C3_EV_IRQHandler
                0x0000000008002a74                EXTI9_5_IRQHandler
                0x0000000008002a74                RTC_WKUP_IRQHandler
                0x0000000008002a74                ETH_WKUP_IRQHandler
                0x0000000008002a74                SPI2_IRQHandler
                0x0000000008002a74                OTG_HS_EP1_IN_IRQHandler
                0x0000000008002a74                MemManage_Handler
                0x0000000008002a74                DMA1_Stream0_IRQHandler
                0x0000000008002a74                CAN1_TX_IRQHandler
                0x0000000008002a74                EXTI4_IRQHandler
                0x0000000008002a74                FSMC_IRQHandler
                0x0000000008002a74                ETH_IRQHandler
                0x0000000008002a74                OTG_HS_EP1_OUT_IRQHandler
                0x0000000008002a74                WWDG_IRQHandler
                0x0000000008002a74                TIM2_IRQHandler
                0x0000000008002a74                OTG_FS_WKUP_IRQHandler
                0x0000000008002a74                TIM1_TRG_COM_TIM11_IRQHandler
                0x0000000008002a74                OTG_HS_IRQHandler
                0x0000000008002a74                EXTI1_IRQHandler
                0x0000000008002a74                USART2_IRQHandler
                0x0000000008002a74                I2C2_ER_IRQHandler
                0x0000000008002a74                DMA2_Stream1_IRQHandler
                0x0000000008002a74                CAN1_SCE_IRQHandler
                0x0000000008002a74                DMA2_Stream4_IRQHandler
                0x0000000008002a74                BusFault_Handler
                0x0000000008002a74                USART1_IRQHandler
                0x0000000008002a74                OTG_FS_IRQHandler
                0x0000000008002a74                SPI3_IRQHandler
                0x0000000008002a74                DMA1_Stream4_IRQHandler
                0x0000000008002a74                I2C1_ER_IRQHandler
                0x0000000008002a74                DMA2_Stream6_IRQHandler
                0x0000000008002a74                DMA1_Stream3_IRQHandler
 *fill*         0x0000000008002a76        0x2 
 .text.__libc_init_array
                0x0000000008002a78       0x48 c:/st/stm32cubeide_1.12.1/stm32cubeide/plugins/com.st.stm32cube.ide.mcu.externaltools.gnu-tools-for-stm32.10.3-2021.10.win32_1.0.200.202301161003/tools/bin/../lib/gcc/arm-none-eabi/10.3.1/../../../../arm-none-eabi/lib/thumb/v7e-m+fp/hard\libc_nano.a(lib_a-init.o)
                0x0000000008002a78                __libc_init_array
 .text.memcpy   0x0000000008002ac0       0x1c c:/st/stm32cubeide_1.12.1/stm32cubeide/plugins/com.st.stm32cube.ide.mcu.externaltools.gnu-tools-for-stm32.10.3-2021.10.win32_1.0.200.202301161003/tools/bin/../lib/gcc/arm-none-eabi/10.3.1/../../../../arm-none-eabi/lib/thumb/v7e-m+fp/hard\libc_nano.a(lib_a-memcpy-stub.o)
                0x0000000008002ac0                memcpy
 .text.memset   0x0000000008002adc       0x10 c:/st/stm32cubeide_1.12.1/stm32cubeide/plugins/com.st.stm32cube.ide.mcu.externaltools.gnu-tools-for-stm32.10.3-2021.10.win32_1.0.200.202301161003/tools/bin/../lib/gcc/arm-none-eabi/10.3.1/../../../../arm-none-eabi/lib/thumb/v7e-m+fp/hard\libc_nano.a(lib_a-memset.o)
                0x0000000008002adc                memset
 *(.glue_7)
 .glue_7        0x0000000008002aec        0x0 linker stubs
 *(.glue_7t)
 .glue_7t       0x0000000008002aec        0x0 linker stubs
 *(.eh_frame)
 .eh_frame      0x0000000008002aec        0x0 c:/st/stm32cubeide_1.12.1/stm32cubeide/plugins/com.st.stm32cube.ide.mcu.externaltools.gnu-tools-for-stm32.10.3-2021.10.win32_1.0.200.202301161003/tools/bin/../lib/gcc/arm-none-eabi/10.3.1/thumb/v7e-m+fp/hard/crtbegin.o
 *(.init)
 .init          0x0000000008002aec        0x4 c:/st/stm32cubeide_1.12.1/stm32cubeide/plugins/com.st.stm32cube.ide.mcu.externaltools.gnu-tools-for-stm32.10.3-2021.10.win32_1.0.200.202301161003/tools/bin/../lib/gcc/arm-none-eabi/10.3.1/thumb/v7e-m+fp/hard/crti.o
                0x0000000008002aec                _init
 .init          0x0000000008002af0        0x8 c:/st/stm32cubeide_1.12.1/stm32cubeide/plugins/com.st.stm32cube.ide.mcu.externaltools.gnu-tools-for-stm32.10.3-2021.10.win32_1.0.200.202301161003/tools/bin/../lib/gcc/arm-none-eabi/10.3.1/thumb/v7e-m+fp/hard/crtn.o
 *(.fini)
 .fini          0x0000000008002af8        0x4 c:/st/stm32cubeide_1.12.1/stm32cubeide/plugins/com.st.stm32cube.ide.mcu.externaltools.gnu-tools-for-stm32.10.3-2021.10.win32_1.0.200.202301161003/tools/bin/../lib/gcc/arm-none-eabi/10.3.1/thumb/v7e-m+fp/hard/crti.o
                0x0000000008002af8                _fini
 .fini          0x0000000008002afc        0x8 c:/st/stm32cubeide_1.12.1/stm32cubeide/plugins/com.st.stm32cube.ide.mcu.externaltools.gnu-tools-for-stm32.10.3-2021.10.win32_1.0.200.202301161003/tools/bin/../lib/gcc/arm-none-eabi/10.3.1/thumb/v7e-m+fp/hard/crtn.o
                0x0000000008002b04                . = ALIGN (0x4)
                0x0000000008002b04                _etext = .

.vfp11_veneer   0x0000000008002b04        0x0
 .vfp11_veneer  0x0000000008002b04        0x0 linker stubs

.v4_bx          0x0000000008002b04        0x0
 .v4_bx         0x0000000008002b04        0x0 linker stubs

.iplt           0x0000000008002b04        0x0
 .iplt          0x0000000008002b04        0x0 c:/st/stm32cubeide_1.12.1/stm32cubeide/plugins/com.st.stm32cube.ide.mcu.externaltools.gnu-tools-for-stm32.10.3-2021.10.win32_1.0.200.202301161003/tools/bin/../lib/gcc/arm-none-eabi/10.3.1/thumb/v7e-m+fp/hard/crtbegin.o

.rodata         0x0000000008002b04       0x28
                0x0000000008002b04                . = ALIGN (0x4)
 *(.rodata)
 .rodata        0x0000000008002b04        0x5 ./FreeRTOS/Source/tasks.o
 *fill*         0x0000000008002b09        0x3 
 .rodata        0x0000000008002b0c        0xd ./FreeRTOS/Source/timers.o
 *fill*         0x0000000008002b19        0x3 
 .rodata        0x0000000008002b1c       0x10 ./Src/main.o
 *(.rodata*)
                0x0000000008002b2c                . = ALIGN (0x4)

.rel.dyn        0x0000000008002b2c        0x0
 .rel.iplt      0x0000000008002b2c        0x0 c:/st/stm32cubeide_1.12.1/stm32cubeide/plugins/com.st.stm32cube.ide.mcu.externaltools.gnu-tools-for-stm32.10.3-2021.10.win32_1.0.200.202301161003/tools/bin/../lib/gcc/arm-none-eabi/10.3.1/thumb/v7e-m+fp/hard/crtbegin.o

.ARM.extab      0x0000000008002b2c        0x0
                0x0000000008002b2c                . = ALIGN (0x4)
 *(.ARM.extab* .gnu.linkonce.armextab.*)
                0x0000000008002b2c                . = ALIGN (0x4)

.ARM            0x0000000008002b2c        0x0
                0x0000000008002b2c                . = ALIGN (0x4)
                0x0000000008002b2c                __exidx_start = .
 *(.ARM.exidx*)
                0x0000000008002b2c                __exidx_end = .
                0x0000000008002b2c                . = ALIGN (0x4)

.preinit_array  0x0000000008002b2c        0x0
                0x0000000008002b2c                . = ALIGN (0x4)
                0x0000000008002b2c                PROVIDE (__preinit_array_start = .)
 *(.preinit_array*)
                0x0000000008002b2c                PROVIDE (__preinit_array_end = .)
                0x0000000008002b2c                . = ALIGN (0x4)

.init_array     0x0000000008002b2c        0x4
                0x0000000008002b2c                . = ALIGN (0x4)
                0x0000000008002b2c                PROVIDE (__init_array_start = .)
 *(SORT_BY_NAME(.init_array.*))
 *(.init_array*)
 .init_array    0x0000000008002b2c        0x4 c:/st/stm32cubeide_1.12.1/stm32cubeide/plugins/com.st.stm32cube.ide.mcu.externaltools.gnu-tools-for-stm32.10.3-2021.10.win32_1.0.200.202301161003/tools/bin/../lib/gcc/arm-none-eabi/10.3.1/thumb/v7e-m+fp/hard/crtbegin.o
                0x0000000008002b30                PROVIDE (__init_array_end = .)
                0x0000000008002b30                . = ALIGN (0x4)

.fini_array     0x0000000008002b30        0x4
                0x0000000008002b30                . = ALIGN (0x4)
                [!provide]                        PROVIDE (__fini_array_start = .)
 *(SORT_BY_NAME(.fini_array.*))
 *(.fini_array*)
 .fini_array    0x0000000008002b30        0x4 c:/st/stm32cubeide_1.12.1/stm32cubeide/plugins/com.st.stm32cube.ide.mcu.externaltools.gnu-tools-for-stm32.10.3-2021.10.win32_1.0.200.202301161003/tools/bin/../lib/gcc/arm-none-eabi/10.3.1/thumb/v7e-m+fp/hard/crtbegin.o
                [!provide]                        PROVIDE (__fini_array_end = .)
                0x0000000008002b34                . = ALIGN (0x4)
                0x0000000008002b34                _sidata = LOADADDR (.data)

.data           0x0000000020000000        0x8 load address 0x0000000008002b34
                0x0000000020000000                . = ALIGN (0x4)
                0x0000000020000000                _sdata = .
 *(.data)
 *(.data*)
 .data.uxTopUsedPriority
                0x0000000020000000        0x4 ./FreeRTOS/Source/tasks.o
                0x0000000020000000                uxTopUsedPriority
 .data.uxCriticalNesting
                0x0000000020000004        0x4 ./FreeRTOS/Source/portable/GCC/ARM_CM4F/port.o
 *(.RamFunc)
 *(.RamFunc*)
                0x0000000020000008                . = ALIGN (0x4)
                0x0000000020000008                _edata = .
                0x0000000008002b3c                _siccmram = LOADADDR (.ccmram)

.igot.plt       0x0000000020000008        0x0 load address 0x0000000008002b3c
 .igot.plt      0x0000000020000008        0x0 c:/st/stm32cubeide_1.12.1/stm32cubeide/plugins/com.st.stm32cube.ide.mcu.externaltools.gnu-tools-for-stm32.10.3-2021.10.win32_1.0.200.202301161003/tools/bin/../lib/gcc/arm-none-eabi/10.3.1/thumb/v7e-m+fp/hard/crtbegin.o

.ccmram         0x0000000010000000        0x0 load address 0x0000000008002b3c
                0x0000000010000000                . = ALIGN (0x4)
                0x0000000010000000                _sccmram = .
 *(.ccmram)
 *(.ccmram*)
                0x0000000010000000                . = ALIGN (0x4)
                0x0000000010000000                _eccmram = .
                0x0000000010000000                . = ALIGN (0x4)

.bss            0x0000000020000008    0x12dc4
                0x0000000020000008                _sbss = .
                0x0000000020000008                __bss_start__ = _sbss
 *(.bss)
 .bss           0x0000000020000008       0x1c c:/st/stm32cubeide_1.12.1/stm32cubeide/plugins/com.st.stm32cube.ide.mcu.externaltools.gnu-tools-for-stm32.10.3-2021.10.win32_1.0.200.202301161003/tools/bin/../lib/gcc/arm-none-eabi/10.3.1/thumb/v7e-m+fp/hard/crtbegin.o
 *(.bss*)
 .bss.xQueueRegistry
                0x0000000020000024       0x40 ./FreeRTOS/Source/queue.o
                0x0000000020000024                xQueueRegistry
 .bss.pxCurrentTCB
                0x0000000020000064        0x4 ./FreeRTOS/Source/tasks.o
                0x0000000020000064                pxCurrentTCB
 .bss.pxReadyTasksLists
                0x0000000020000068       0x64 ./FreeRTOS/Source/tasks.o
 .bss.xDelayedTaskList1
                0x00000000200000cc       0x14 ./FreeRTOS/Source/tasks.o
 .bss.xDelayedTaskList2
                0x00000000200000e0       0x14 ./FreeRTOS/Source/tasks.o
 .bss.pxDelayedTaskList
                0x00000000200000f4        0x4 ./FreeRTOS/Source/tasks.o
 .bss.pxOverflowDelayedTaskList
                0x00000000200000f8        0x4 ./FreeRTOS/Source/tasks.o
 .bss.xPendingReadyList
                0x00000000200000fc       0x14 ./FreeRTOS/Source/tasks.o
 .bss.xTasksWaitingTermination
                0x0000000020000110       0x14 ./FreeRTOS/Source/tasks.o
 .bss.uxDeletedTasksWaitingCleanUp
                0x0000000020000124        0x4 ./FreeRTOS/Source/tasks.o
 .bss.xSuspendedTaskList
                0x0000000020000128       0x14 ./FreeRTOS/Source/tasks.o
 .bss.uxCurrentNumberOfTasks
                0x000000002000013c        0x4 ./FreeRTOS/Source/tasks.o
 .bss.xTickCount
                0x0000000020000140        0x4 ./FreeRTOS/Source/tasks.o
 .bss.uxTopReadyPriority
                0x0000000020000144        0x4 ./FreeRTOS/Source/tasks.o
 .bss.xSchedulerRunning
                0x0000000020000148        0x4 ./FreeRTOS/Source/tasks.o
 .bss.xPendedTicks
                0x000000002000014c        0x4 ./FreeRTOS/Source/tasks.o
 .bss.xYieldPending
                0x0000000020000150        0x4 ./FreeRTOS/Source/tasks.o
 .bss.xNumOfOverflows
                0x0000000020000154        0x4 ./FreeRTOS/Source/tasks.o
 .bss.uxTaskNumber
                0x0000000020000158        0x4 ./FreeRTOS/Source/tasks.o
 .bss.xNextTaskUnblockTime
                0x000000002000015c        0x4 ./FreeRTOS/Source/tasks.o
 .bss.xIdleTaskHandle
                0x0000000020000160        0x4 ./FreeRTOS/Source/tasks.o
 .bss.uxSchedulerSuspended
                0x0000000020000164        0x4 ./FreeRTOS/Source/tasks.o
 .bss.xActiveTimerList1
                0x0000000020000168       0x14 ./FreeRTOS/Source/timers.o
 .bss.xActiveTimerList2
                0x000000002000017c       0x14 ./FreeRTOS/Source/timers.o
 .bss.pxCurrentTimerList
                0x0000000020000190        0x4 ./FreeRTOS/Source/timers.o
 .bss.pxOverflowTimerList
                0x0000000020000194        0x4 ./FreeRTOS/Source/timers.o
 .bss.xTimerQueue
                0x0000000020000198        0x4 ./FreeRTOS/Source/timers.o
 .bss.xTimerTaskHandle
                0x000000002000019c        0x4 ./FreeRTOS/Source/timers.o
 .bss.xLastTime.0
                0x00000000200001a0        0x4 ./FreeRTOS/Source/timers.o
 .bss.ucMaxSysCallPriority
                0x00000000200001a4        0x1 ./FreeRTOS/Source/portable/GCC/ARM_CM4F/port.o
 *fill*         0x00000000200001a5        0x3 
 .bss.ulMaxPRIGROUPValue
                0x00000000200001a8        0x4 ./FreeRTOS/Source/portable/GCC/ARM_CM4F/port.o
 .bss.ucHeap    0x00000000200001ac    0x12c00 ./FreeRTOS/Source/portable/MemMang/heap_4.o
 .bss.xStart    0x0000000020012dac        0x8 ./FreeRTOS/Source/portable/MemMang/heap_4.o
 .bss.pxEnd     0x0000000020012db4        0x4 ./FreeRTOS/Source/portable/MemMang/heap_4.o
 .bss.xFreeBytesRemaining
                0x0000000020012db8        0x4 ./FreeRTOS/Source/portable/MemMang/heap_4.o
 .bss.xMinimumEverFreeBytesRemaining
                0x0000000020012dbc        0x4 ./FreeRTOS/Source/portable/MemMang/heap_4.o
 .bss.xNumberOfSuccessfulAllocations
                0x0000000020012dc0        0x4 ./FreeRTOS/Source/portable/MemMang/heap_4.o
 .bss.xNumberOfSuccessfulFrees
                0x0000000020012dc4        0x4 ./FreeRTOS/Source/portable/MemMang/heap_4.o
 .bss.xISRTaskHandle
                0x0000000020012dc8        0x4 ./Src/main.o
                0x0000000020012dc8                xISRTaskHandle
 *(COMMON)
                0x0000000020012dcc                . = ALIGN (0x4)
                0x0000000020012dcc                _ebss = .
                0x0000000020012dcc                __bss_end__ = _ebss

._user_heap_stack
                0x0000000020012dcc      0x604
                0x0000000020012dd0                . = ALIGN (0x8)
 *fill*         0x0000000020012dcc        0x4 
                [!provide]                        PROVIDE (end = .)
                0x0000000020012dd0                PROVIDE (_end = .)
                0x0000000020012fd0                . = (. + _Min_Heap_Size)
 *fill*         0x0000000020012dd0      0x200 
                0x00000000200133d0                . = (. + _Min_Stack_Size)
 *fill*         0x0000000020012fd0      0x400 
                0x00000000200133d0                . = ALIGN (0x8)

/DISCARD/
 libc.a(*)
 libm.a(*)
 libgcc.a(*)

.ARM.attributes
                0x0000000000000000       0x30
 *(.ARM.attributes)
 .ARM.attributes
                0x0000000000000000       0x1e c:/st/stm32cubeide_1.12.1/stm32cubeide/plugins/com.st.stm32cube.ide.mcu.externaltools.gnu-tools-for-stm32.10.3-2021.10.win32_1.0.200.202301161003/tools/bin/../lib/gcc/arm-none-eabi/10.3.1/thumb/v7e-m+fp/hard/crti.o
 .ARM.attributes
                0x000000000000001e       0x34 c:/st/stm32cubeide_1.12.1/stm32cubeide/plugins/com.st.stm32cube.ide.mcu.externaltools.gnu-tools-for-stm32.10.3-2021.10.win32_1.0.200.202301161003/tools/bin/../lib/gcc/arm-none-eabi/10.3.1/thumb/v7e-m+fp/hard/crtbegin.o
 .ARM.attributes
                0x0000000000000052       0x34 ./FreeRTOS/Source/list.o
 .ARM.attributes
                0x0000000000000086       0x34 ./FreeRTOS/Source/queue.o
 .ARM.attributes
                0x00000000000000ba       0x34 ./FreeRTOS/Source/tasks.o
 .ARM.attributes
                0x00000000000000ee       0x34 ./FreeRTOS/Source/timers.o
 .ARM.attributes
                0x0000000000000122       0x34 ./FreeRTOS/Source/portable/GCC/ARM_CM4F/port.o
 .ARM.attributes
                0x0000000000000156       0x34 ./FreeRTOS/Source/portable/MemMang/heap_4.o
 .ARM.attributes
                0x000000000000018a       0x34 ./Src/exti.o
 .ARM.attributes
                0x00000000000001be       0x34 ./Src/main.o
 .ARM.attributes
                0x00000000000001f2       0x34 ./Src/my_tasks.o
 .ARM.attributes
                0x0000000000000226       0x21 ./Startup/startup_stm32f407vgtx.o
 .ARM.attributes
                0x0000000000000247       0x34 c:/st/stm32cubeide_1.12.1/stm32cubeide/plugins/com.st.stm32cube.ide.mcu.externaltools.gnu-tools-for-stm32.10.3-2021.10.win32_1.0.200.202301161003/tools/bin/../lib/gcc/arm-none-eabi/10.3.1/../../../../arm-none-eabi/lib/thumb/v7e-m+fp/hard\libc_nano.a(lib_a-init.o)
 .ARM.attributes
                0x000000000000027b       0x34 c:/st/stm32cubeide_1.12.1/stm32cubeide/plugins/com.st.stm32cube.ide.mcu.externaltools.gnu-tools-for-stm32.10.3-2021.10.win32_1.0.200.202301161003/tools/bin/../lib/gcc/arm-none-eabi/10.3.1/../../../../arm-none-eabi/lib/thumb/v7e-m+fp/hard\libc_nano.a(lib_a-memcpy-stub.o)
 .ARM.attributes
                0x00000000000002af       0x34 c:/st/stm32cubeide_1.12.1/stm32cubeide/plugins/com.st.stm32cube.ide.mcu.externaltools.gnu-tools-for-stm32.10.3-2021.10.win32_1.0.200.202301161003/tools/bin/../lib/gcc/arm-none-eabi/10.3.1/../../../../arm-none-eabi/lib/thumb/v7e-m+fp/hard\libc_nano.a(lib_a-memset.o)
 .ARM.attributes
                0x00000000000002e3       0x1e c:/st/stm32cubeide_1.12.1/stm32cubeide/plugins/com.st.stm32cube.ide.mcu.externaltools.gnu-tools-for-stm32.10.3-2021.10.win32_1.0.200.202301161003/tools/bin/../lib/gcc/arm-none-eabi/10.3.1/thumb/v7e-m+fp/hard/crtn.o
OUTPUT(002_led_interrupt_toggle_addr.elf elf32-littlearm)
LOAD linker stubs
LOAD c:/st/stm32cubeide_1.12.1/stm32cubeide/plugins/com.st.stm32cube.ide.mcu.externaltools.gnu-tools-for-stm32.10.3-2021.10.win32_1.0.200.202301161003/tools/bin/../lib/gcc/arm-none-eabi/10.3.1/../../../../arm-none-eabi/lib/thumb/v7e-m+fp/hard\libc.a
LOAD c:/st/stm32cubeide_1.12.1/stm32cubeide/plugins/com.st.stm32cube.ide.mcu.externaltools.gnu-tools-for-stm32.10.3-2021.10.win32_1.0.200.202301161003/tools/bin/../lib/gcc/arm-none-eabi/10.3.1/../../../../arm-none-eabi/lib/thumb/v7e-m+fp/hard\libm.a
LOAD c:/st/stm32cubeide_1.12.1/stm32cubeide/plugins/com.st.stm32cube.ide.mcu.externaltools.gnu-tools-for-stm32.10.3-2021.10.win32_1.0.200.202301161003/tools/bin/../lib/gcc/arm-none-eabi/10.3.1/thumb/v7e-m+fp/hard\libgcc.a

.debug_info     0x0000000000000000     0x64c6
 .debug_info    0x0000000000000000      0x2d1 ./FreeRTOS/Source/list.o
 .debug_info    0x00000000000002d1     0x196b ./FreeRTOS/Source/queue.o
 .debug_info    0x0000000000001c3c     0x25ab ./FreeRTOS/Source/tasks.o
 .debug_info    0x00000000000041e7      0xeaf ./FreeRTOS/Source/timers.o
 .debug_info    0x0000000000005096      0x4fb ./FreeRTOS/Source/portable/GCC/ARM_CM4F/port.o
 .debug_info    0x0000000000005591      0x558 ./FreeRTOS/Source/portable/MemMang/heap_4.o
 .debug_info    0x0000000000005ae9      0x694 ./Src/exti.o
 .debug_info    0x000000000000617d      0x274 ./Src/main.o
 .debug_info    0x00000000000063f1       0xb3 ./Src/my_tasks.o
 .debug_info    0x00000000000064a4       0x22 ./Startup/startup_stm32f407vgtx.o

.debug_abbrev   0x0000000000000000     0x11ff
 .debug_abbrev  0x0000000000000000       0xf2 ./FreeRTOS/Source/list.o
 .debug_abbrev  0x00000000000000f2      0x312 ./FreeRTOS/Source/queue.o
 .debug_abbrev  0x0000000000000404      0x36c ./FreeRTOS/Source/tasks.o
 .debug_abbrev  0x0000000000000770      0x2c5 ./FreeRTOS/Source/timers.o
 .debug_abbrev  0x0000000000000a35      0x246 ./FreeRTOS/Source/portable/GCC/ARM_CM4F/port.o
 .debug_abbrev  0x0000000000000c7b      0x24e ./FreeRTOS/Source/portable/MemMang/heap_4.o
 .debug_abbrev  0x0000000000000ec9      0x164 ./Src/exti.o
 .debug_abbrev  0x000000000000102d      0x153 ./Src/main.o
 .debug_abbrev  0x0000000000001180       0x6d ./Src/my_tasks.o
 .debug_abbrev  0x00000000000011ed       0x12 ./Startup/startup_stm32f407vgtx.o

.debug_aranges  0x0000000000000000      0x5f0
 .debug_aranges
                0x0000000000000000       0x40 ./FreeRTOS/Source/list.o
 .debug_aranges
                0x0000000000000040      0x130 ./FreeRTOS/Source/queue.o
 .debug_aranges
                0x0000000000000170      0x1f8 ./FreeRTOS/Source/tasks.o
 .debug_aranges
                0x0000000000000368       0xe8 ./FreeRTOS/Source/timers.o
 .debug_aranges
                0x0000000000000450       0x80 ./FreeRTOS/Source/portable/GCC/ARM_CM4F/port.o
 .debug_aranges
                0x00000000000004d0       0x60 ./FreeRTOS/Source/portable/MemMang/heap_4.o
 .debug_aranges
                0x0000000000000530       0x30 ./Src/exti.o
 .debug_aranges
                0x0000000000000560       0x40 ./Src/main.o
 .debug_aranges
                0x00000000000005a0       0x28 ./Src/my_tasks.o
 .debug_aranges
                0x00000000000005c8       0x28 ./Startup/startup_stm32f407vgtx.o

.debug_ranges   0x0000000000000000      0x558
 .debug_ranges  0x0000000000000000       0x30 ./FreeRTOS/Source/list.o
 .debug_ranges  0x0000000000000030      0x120 ./FreeRTOS/Source/queue.o
 .debug_ranges  0x0000000000000150      0x1e8 ./FreeRTOS/Source/tasks.o
 .debug_ranges  0x0000000000000338       0xd8 ./FreeRTOS/Source/timers.o
 .debug_ranges  0x0000000000000410       0x70 ./FreeRTOS/Source/portable/GCC/ARM_CM4F/port.o
 .debug_ranges  0x0000000000000480       0x50 ./FreeRTOS/Source/portable/MemMang/heap_4.o
 .debug_ranges  0x00000000000004d0       0x20 ./Src/exti.o
 .debug_ranges  0x00000000000004f0       0x30 ./Src/main.o
 .debug_ranges  0x0000000000000520       0x18 ./Src/my_tasks.o
 .debug_ranges  0x0000000000000538       0x20 ./Startup/startup_stm32f407vgtx.o

.debug_macro    0x0000000000000000    0x189dd
 .debug_macro   0x0000000000000000      0x198 ./FreeRTOS/Source/list.o
 .debug_macro   0x0000000000000198      0x22f ./FreeRTOS/Source/queue.o
 .debug_macro   0x00000000000003c7       0x16 ./FreeRTOS/Source/queue.o
 .debug_macro   0x00000000000003dd       0x35 ./FreeRTOS/Source/queue.o
 .debug_macro   0x0000000000000412       0x20 ./FreeRTOS/Source/queue.o
 .debug_macro   0x0000000000000432       0x80 ./FreeRTOS/Source/queue.o
 .debug_macro   0x00000000000004b2      0x27e ./FreeRTOS/Source/tasks.o
 .debug_macro   0x0000000000000730       0x17 ./FreeRTOS/Source/tasks.o
 .debug_macro   0x0000000000000747      0x1e7 ./FreeRTOS/Source/timers.o
 .debug_macro   0x000000000000092e       0x97 ./FreeRTOS/Source/timers.o
 .debug_macro   0x00000000000009c5      0x1a7 ./FreeRTOS/Source/portable/GCC/ARM_CM4F/port.o
 .debug_macro   0x0000000000000b6c      0x219 ./FreeRTOS/Source/portable/MemMang/heap_4.o
 .debug_macro   0x0000000000000d85      0x15d ./Src/exti.o
 .debug_macro   0x0000000000000ee2      0x130 ./Src/exti.o
 .debug_macro   0x0000000000001012       0x2e ./Src/exti.o
 .debug_macro   0x0000000000001040       0x2f ./Src/exti.o
 .debug_macro   0x000000000000106f       0x1c ./Src/exti.o
 .debug_macro   0x000000000000108b       0x22 ./Src/exti.o
 .debug_macro   0x00000000000010ad       0xfb ./Src/exti.o
 .debug_macro   0x00000000000011a8     0x1011 ./Src/exti.o
 .debug_macro   0x00000000000021b9      0x11f ./Src/exti.o
 .debug_macro   0x00000000000022d8    0x15e97 ./Src/exti.o
 .debug_macro   0x000000000001816f       0x6d ./Src/exti.o
 .debug_macro   0x00000000000181dc       0xfa ./Src/exti.o
 .debug_macro   0x00000000000182d6      0x52d ./Src/exti.o
 .debug_macro   0x0000000000018803       0xf2 ./Src/main.o
 .debug_macro   0x00000000000188f5       0xe8 ./Src/my_tasks.o

.debug_line     0x0000000000000000     0x7635
 .debug_line    0x0000000000000000      0x867 ./FreeRTOS/Source/list.o
 .debug_line    0x0000000000000867     0x1773 ./FreeRTOS/Source/queue.o
 .debug_line    0x0000000000001fda     0x1e9b ./FreeRTOS/Source/tasks.o
 .debug_line    0x0000000000003e75      0xd89 ./FreeRTOS/Source/timers.o
 .debug_line    0x0000000000004bfe      0x943 ./FreeRTOS/Source/portable/GCC/ARM_CM4F/port.o
 .debug_line    0x0000000000005541      0xaeb ./FreeRTOS/Source/portable/MemMang/heap_4.o
 .debug_line    0x000000000000602c      0x882 ./Src/exti.o
 .debug_line    0x00000000000068ae      0x6bb ./Src/main.o
 .debug_line    0x0000000000006f69      0x648 ./Src/my_tasks.o
 .debug_line    0x00000000000075b1       0x84 ./Startup/startup_stm32f407vgtx.o

.debug_str      0x0000000000000000    0x95462
 .debug_str     0x0000000000000000     0xaafd ./FreeRTOS/Source/list.o
                                       0xad22 (size before relaxing)
 .debug_str     0x000000000000aafd     0x26df ./FreeRTOS/Source/queue.o
                                       0xd421 (size before relaxing)
 .debug_str     0x000000000000d1dc     0x1af2 ./FreeRTOS/Source/tasks.o
                                       0xde33 (size before relaxing)
 .debug_str     0x000000000000ecce      0x540 ./FreeRTOS/Source/timers.o
                                       0xd5a1 (size before relaxing)
 .debug_str     0x000000000000f20e      0x7d2 ./FreeRTOS/Source/portable/GCC/ARM_CM4F/port.o
                                       0x9881 (size before relaxing)
 .debug_str     0x000000000000f9e0      0x5d3 ./FreeRTOS/Source/portable/MemMang/heap_4.o
                                       0xc54c (size before relaxing)
 .debug_str     0x000000000000ffb3    0x8537c ./Src/exti.o
                                      0x8e2e6 (size before relaxing)
 .debug_str     0x000000000009532f       0x7f ./Src/main.o
                                       0x97b0 (size before relaxing)
 .debug_str     0x00000000000953ae       0x12 ./Src/my_tasks.o
                                       0x9683 (size before relaxing)
 .debug_str     0x00000000000953c0       0xa2 ./Startup/startup_stm32f407vgtx.o

.comment        0x0000000000000000       0x50
 .comment       0x0000000000000000       0x50 ./FreeRTOS/Source/list.o
                                         0x51 (size before relaxing)
 .comment       0x0000000000000050       0x51 ./FreeRTOS/Source/queue.o
 .comment       0x0000000000000050       0x51 ./FreeRTOS/Source/tasks.o
 .comment       0x0000000000000050       0x51 ./FreeRTOS/Source/timers.o
 .comment       0x0000000000000050       0x51 ./FreeRTOS/Source/portable/GCC/ARM_CM4F/port.o
 .comment       0x0000000000000050       0x51 ./FreeRTOS/Source/portable/MemMang/heap_4.o
 .comment       0x0000000000000050       0x51 ./Src/exti.o
 .comment       0x0000000000000050       0x51 ./Src/main.o
 .comment       0x0000000000000050       0x51 ./Src/my_tasks.o

.debug_frame    0x0000000000000000     0x175c
 .debug_frame   0x0000000000000000       0xd8 ./FreeRTOS/Source/list.o
 .debug_frame   0x00000000000000d8      0x530 ./FreeRTOS/Source/queue.o
 .debug_frame   0x0000000000000608      0x8a8 ./FreeRTOS/Source/tasks.o
 .debug_frame   0x0000000000000eb0      0x3c8 ./FreeRTOS/Source/timers.o
 .debug_frame   0x0000000000001278      0x1a8 ./FreeRTOS/Source/portable/GCC/ARM_CM4F/port.o
 .debug_frame   0x0000000000001420      0x150 ./FreeRTOS/Source/portable/MemMang/heap_4.o
 .debug_frame   0x0000000000001570       0x7c ./Src/exti.o
 .debug_frame   0x00000000000015ec       0xb4 ./Src/main.o
 .debug_frame   0x00000000000016a0       0x48 ./Src/my_tasks.o
 .debug_frame   0x00000000000016e8       0x2c c:/st/stm32cubeide_1.12.1/stm32cubeide/plugins/com.st.stm32cube.ide.mcu.externaltools.gnu-tools-for-stm32.10.3-2021.10.win32_1.0.200.202301161003/tools/bin/../lib/gcc/arm-none-eabi/10.3.1/../../../../arm-none-eabi/lib/thumb/v7e-m+fp/hard\libc_nano.a(lib_a-init.o)
 .debug_frame   0x0000000000001714       0x28 c:/st/stm32cubeide_1.12.1/stm32cubeide/plugins/com.st.stm32cube.ide.mcu.externaltools.gnu-tools-for-stm32.10.3-2021.10.win32_1.0.200.202301161003/tools/bin/../lib/gcc/arm-none-eabi/10.3.1/../../../../arm-none-eabi/lib/thumb/v7e-m+fp/hard\libc_nano.a(lib_a-memcpy-stub.o)
 .debug_frame   0x000000000000173c       0x20 c:/st/stm32cubeide_1.12.1/stm32cubeide/plugins/com.st.stm32cube.ide.mcu.externaltools.gnu-tools-for-stm32.10.3-2021.10.win32_1.0.200.202301161003/tools/bin/../lib/gcc/arm-none-eabi/10.3.1/../../../../arm-none-eabi/lib/thumb/v7e-m+fp/hard\libc_nano.a(lib_a-memset.o)
