Archive member included to satisfy reference by file (symbol)

c:/st/stm32cubeide_1.12.1/stm32cubeide/plugins/com.st.stm32cube.ide.mcu.externaltools.gnu-tools-for-stm32.10.3-2021.10.win32_1.0.200.202301161003/tools/bin/../lib/gcc/arm-none-eabi/10.3.1/../../../../arm-none-eabi/lib/thumb/v7e-m+fp/hard\libc_nano.a(lib_a-errno.o)
                              ./Src/syscalls.o (__errno)
c:/st/stm32cubeide_1.12.1/stm32cubeide/plugins/com.st.stm32cube.ide.mcu.externaltools.gnu-tools-for-stm32.10.3-2021.10.win32_1.0.200.202301161003/tools/bin/../lib/gcc/arm-none-eabi/10.3.1/../../../../arm-none-eabi/lib/thumb/v7e-m+fp/hard\libc_nano.a(lib_a-exit.o)
                              c:/st/stm32cubeide_1.12.1/stm32cubeide/plugins/com.st.stm32cube.ide.mcu.externaltools.gnu-tools-for-stm32.10.3-2021.10.win32_1.0.200.202301161003/tools/bin/../lib/gcc/arm-none-eabi/10.3.1/../../../../arm-none-eabi/lib/thumb/v7e-m+fp/hard/crt0.o (exit)
c:/st/stm32cubeide_1.12.1/stm32cubeide/plugins/com.st.stm32cube.ide.mcu.externaltools.gnu-tools-for-stm32.10.3-2021.10.win32_1.0.200.202301161003/tools/bin/../lib/gcc/arm-none-eabi/10.3.1/../../../../arm-none-eabi/lib/thumb/v7e-m+fp/hard\libc_nano.a(lib_a-impure.o)
                              c:/st/stm32cubeide_1.12.1/stm32cubeide/plugins/com.st.stm32cube.ide.mcu.externaltools.gnu-tools-for-stm32.10.3-2021.10.win32_1.0.200.202301161003/tools/bin/../lib/gcc/arm-none-eabi/10.3.1/../../../../arm-none-eabi/lib/thumb/v7e-m+fp/hard\libc_nano.a(lib_a-exit.o) (_global_impure_ptr)
c:/st/stm32cubeide_1.12.1/stm32cubeide/plugins/com.st.stm32cube.ide.mcu.externaltools.gnu-tools-for-stm32.10.3-2021.10.win32_1.0.200.202301161003/tools/bin/../lib/gcc/arm-none-eabi/10.3.1/../../../../arm-none-eabi/lib/thumb/v7e-m+fp/hard\libc_nano.a(lib_a-init.o)
                              c:/st/stm32cubeide_1.12.1/stm32cubeide/plugins/com.st.stm32cube.ide.mcu.externaltools.gnu-tools-for-stm32.10.3-2021.10.win32_1.0.200.202301161003/tools/bin/../lib/gcc/arm-none-eabi/10.3.1/../../../../arm-none-eabi/lib/thumb/v7e-m+fp/hard/crt0.o (__libc_init_array)
c:/st/stm32cubeide_1.12.1/stm32cubeide/plugins/com.st.stm32cube.ide.mcu.externaltools.gnu-tools-for-stm32.10.3-2021.10.win32_1.0.200.202301161003/tools/bin/../lib/gcc/arm-none-eabi/10.3.1/../../../../arm-none-eabi/lib/thumb/v7e-m+fp/hard\libc_nano.a(lib_a-memcpy-stub.o)
                              ./FreeRTOS/Source/queue.o (memcpy)
c:/st/stm32cubeide_1.12.1/stm32cubeide/plugins/com.st.stm32cube.ide.mcu.externaltools.gnu-tools-for-stm32.10.3-2021.10.win32_1.0.200.202301161003/tools/bin/../lib/gcc/arm-none-eabi/10.3.1/../../../../arm-none-eabi/lib/thumb/v7e-m+fp/hard\libc_nano.a(lib_a-memset.o)
                              c:/st/stm32cubeide_1.12.1/stm32cubeide/plugins/com.st.stm32cube.ide.mcu.externaltools.gnu-tools-for-stm32.10.3-2021.10.win32_1.0.200.202301161003/tools/bin/../lib/gcc/arm-none-eabi/10.3.1/../../../../arm-none-eabi/lib/thumb/v7e-m+fp/hard/crt0.o (memset)
c:/st/stm32cubeide_1.12.1/stm32cubeide/plugins/com.st.stm32cube.ide.mcu.externaltools.gnu-tools-for-stm32.10.3-2021.10.win32_1.0.200.202301161003/tools/bin/../lib/gcc/arm-none-eabi/10.3.1/../../../../arm-none-eabi/lib/thumb/v7e-m+fp/hard\libc_nano.a(lib_a-printf.o)
                              ./Src/my_tasks.o (printf)
c:/st/stm32cubeide_1.12.1/stm32cubeide/plugins/com.st.stm32cube.ide.mcu.externaltools.gnu-tools-for-stm32.10.3-2021.10.win32_1.0.200.202301161003/tools/bin/../lib/gcc/arm-none-eabi/10.3.1/../../../../arm-none-eabi/lib/thumb/v7e-m+fp/hard\libc_nano.a(lib_a-puts.o)
                              ./Src/my_tasks.o (puts)
c:/st/stm32cubeide_1.12.1/stm32cubeide/plugins/com.st.stm32cube.ide.mcu.externaltools.gnu-tools-for-stm32.10.3-2021.10.win32_1.0.200.202301161003/tools/bin/../lib/gcc/arm-none-eabi/10.3.1/../../../../arm-none-eabi/lib/thumb/v7e-m+fp/hard\libc_nano.a(lib_a-wbuf.o)
                              c:/st/stm32cubeide_1.12.1/stm32cubeide/plugins/com.st.stm32cube.ide.mcu.externaltools.gnu-tools-for-stm32.10.3-2021.10.win32_1.0.200.202301161003/tools/bin/../lib/gcc/arm-none-eabi/10.3.1/../../../../arm-none-eabi/lib/thumb/v7e-m+fp/hard\libc_nano.a(lib_a-puts.o) (__swbuf_r)
c:/st/stm32cubeide_1.12.1/stm32cubeide/plugins/com.st.stm32cube.ide.mcu.externaltools.gnu-tools-for-stm32.10.3-2021.10.win32_1.0.200.202301161003/tools/bin/../lib/gcc/arm-none-eabi/10.3.1/../../../../arm-none-eabi/lib/thumb/v7e-m+fp/hard\libc_nano.a(lib_a-wsetup.o)
                              c:/st/stm32cubeide_1.12.1/stm32cubeide/plugins/com.st.stm32cube.ide.mcu.externaltools.gnu-tools-for-stm32.10.3-2021.10.win32_1.0.200.202301161003/tools/bin/../lib/gcc/arm-none-eabi/10.3.1/../../../../arm-none-eabi/lib/thumb/v7e-m+fp/hard\libc_nano.a(lib_a-puts.o) (__swsetup_r)
[...]
Memory Configuration

Name             Origin             Length             Attributes
CCMRAM           0x0000000010000000 0x0000000000010000 xrw
RAM              0x0000000020000000 0x0000000000020000 xrw
FLASH            0x0000000008000000 0x0000000000100000 xr
*default*        0x0000000000000000 0xffffffffffffffff

Linker script and memory map

LOAD c:/st/stm32cubeide_1.12.1/stm32cubeide/plugins/com.st.stm32cube.ide.mcu.externaltools.gnu-tools-for-stm32.10.3-2021.10.win32_1.0.200.202301161003/tools/bin/../lib/gcc/arm-none-eabi/10.3.1/thumb/v7e-m+fp/hard/crti.o
LOAD c:/st/stm32cubeide_1.12.1/stm32cubeide/plugins/com.st.stm32cube.ide.mcu.externaltools.gnu-tools-for-stm32.10.3-2021.10.win32_1.0.200.202301161003/tools/bin/../lib/gcc/arm-none-eabi/10.3.1/thumb/v7e-m+fp/hard/crtbegin.o
LOAD c:/st/stm32cubeide_1.12.1/stm32cubeide/plugins/com.st.stm32cube.ide.mcu.externaltools.gnu-tools-for-stm32.10.3-2021.10.win32_1.0.200.202301161003/tools/bin/../lib/gcc/arm-none-eabi/10.3.1/../../../../arm-none-eabi/lib/thumb/v7e-m+fp/hard/crt0.o
LOAD ./FreeRTOS/Source/croutine.o
LOAD ./FreeRTOS/Source/event_groups.o
LOAD ./FreeRTOS/Source/list.o
LOAD ./FreeRTOS/Source/queue.o
LOAD ./FreeRTOS/Source/stream_buffer.o
LOAD ./FreeRTOS/Source/tasks.o
LOAD ./FreeRTOS/Source/timers.o
LOAD ./FreeRTOS/Source/portable/GCC/ARM_CM4F/port.o
LOAD ./FreeRTOS/Source/portable/MemMang/heap_4.o
LOAD ./Src/main.o
LOAD ./Src/my_tasks.o
LOAD ./Src/syscalls.o
LOAD ./Src/sysmem.o
LOAD ./Startup/startup_stm32f407vgtx.o
START GROUP
END GROUP
START GROUP
LOAD c:/st/stm32cubeide_1.12.1/stm32cubeide/plugins/com.st.stm32cube.ide.mcu.externaltools.gnu-tools-for-stm32.10.3-2021.10.win32_1.0.200.202301161003/tools/bin/../lib/gcc/arm-none-eabi/10.3.1/../../../../arm-none-eabi/lib/thumb/v7e-m+fp/hard\libc_nano.a
LOAD c:/st/stm32cubeide_1.12.1/stm32cubeide/plugins/com.st.stm32cube.ide.mcu.externaltools.gnu-tools-for-stm32.10.3-2021.10.win32_1.0.200.202301161003/tools/bin/../lib/gcc/arm-none-eabi/10.3.1/../../../../arm-none-eabi/lib/thumb/v7e-m+fp/hard\libm.a
END GROUP
START GROUP
LOAD c:/st/stm32cubeide_1.12.1/stm32cubeide/plugins/com.st.stm32cube.ide.mcu.externaltools.gnu-tools-for-stm32.10.3-2021.10.win32_1.0.200.202301161003/tools/bin/../lib/gcc/arm-none-eabi/10.3.1/thumb/v7e-m+fp/hard\libgcc.a
LOAD c:/st/stm32cubeide_1.12.1/stm32cubeide/plugins/com.st.stm32cube.ide.mcu.externaltools.gnu-tools-for-stm32.10.3-2021.10.win32_1.0.200.202301161003/tools/bin/../lib/gcc/arm-none-eabi/10.3.1/../../../../arm-none-eabi/lib/thumb/v7e-m+fp/hard\libc_nano.a
END GROUP
START GROUP
LOAD c:/st/stm32cubeide_1.12.1/stm32cubeide/plugins/com.st.stm32cube.ide.mcu.externaltools.gnu-tools-for-stm32.10.3-2021.10.win32_1.0.200.202301161003/tools/bin/../lib/gcc/arm-none-eabi/10.3.1/thumb/v7e-m+fp/hard\libgcc.a
LOAD c:/st/stm32cubeide_1.12.1/stm32cubeide/plugins/com.st.stm32cube.ide.mcu.externaltools.gnu-tools-for-stm32.10.3-2021.10.win32_1.0.200.202301161003/tools/bin/../lib/gcc/arm-none-eabi/10.3.1/../../../../arm-none-eabi/lib/thumb/v7e-m+fp/hard\libc_nano.a
LOAD c:/st/stm32cubeide_1.12.1/stm32cubeide/plugins/com.st.stm32cube.ide.mcu.externaltools.gnu-tools-for-stm32.10.3-2021.10.win32_1.0.200.202301161003/tools/bin/../lib/gcc/arm-none-eabi/10.3.1/../../../../arm-none-eabi/lib/thumb/v7e-m+fp/hard\libnosys.a
END GROUP
START GROUP
LOAD c:/st/stm32cubeide_1.12.1/stm32cubeide/plugins/com.st.stm32cube.ide.mcu.externaltools.gnu-tools-for-stm32.10.3-2021.10.win32_1.0.200.202301161003/tools/bin/../lib/gcc/arm-none-eabi/10.3.1/thumb/v7e-m+fp/hard\libgcc.a
LOAD c:/st/stm32cubeide_1.12.1/stm32cubeide/plugins/com.st.stm32cube.ide.mcu.externaltools.gnu-tools-for-stm32.10.3-2021.10.win32_1.0.200.202301161003/tools/bin/../lib/gcc/arm-none-eabi/10.3.1/../../../../arm-none-eabi/lib/thumb/v7e-m+fp/hard\libc_nano.a
LOAD c:/st/stm32cubeide_1.12.1/stm32cubeide/plugins/com.st.stm32cube.ide.mcu.externaltools.gnu-tools-for-stm32.10.3-2021.10.win32_1.0.200.202301161003/tools/bin/../lib/gcc/arm-none-eabi/10.3.1/../../../../arm-none-eabi/lib/thumb/v7e-m+fp/hard\libnosys.a
END GROUP
LOAD c:/st/stm32cubeide_1.12.1/stm32cubeide/plugins/com.st.stm32cube.ide.mcu.externaltools.gnu-tools-for-stm32.10.3-2021.10.win32_1.0.200.202301161003/tools/bin/../lib/gcc/arm-none-eabi/10.3.1/thumb/v7e-m+fp/hard/crtend.o
LOAD c:/st/stm32cubeide_1.12.1/stm32cubeide/plugins/com.st.stm32cube.ide.mcu.externaltools.gnu-tools-for-stm32.10.3-2021.10.win32_1.0.200.202301161003/tools/bin/../lib/gcc/arm-none-eabi/10.3.1/thumb/v7e-m+fp/hard/crtn.o
                0x0000000020020000                _estack = (ORIGIN (RAM) + LENGTH (RAM))
                0x0000000000000200                _Min_Heap_Size = 0x200
                0x0000000000000400                _Min_Stack_Size = 0x400

.isr_vector     0x0000000008000000      0x1a8
                0x0000000008000000                . = ALIGN (0x4)
 *(.isr_vector)
 .isr_vector    0x0000000008000000      0x1a8 ./Startup/startup_stm32f407vgtx.o
                0x0000000008000000                g_pfnVectors
                0x00000000080001a8                . = ALIGN (0x4)

.text           0x00000000080001b0     0x3b60
                0x00000000080001b0                . = ALIGN (0x4)
 *(.text)
 .text          0x00000000080001b0       0x40 c:/st/stm32cubeide_1.12.1/stm32cubeide/plugins/com.st.stm32cube.ide.mcu.externaltools.gnu-tools-for-stm32.10.3-2021.10.win32_1.0.200.202301161003/tools/bin/../lib/gcc/arm-none-eabi/10.3.1/thumb/v7e-m+fp/hard/crtbegin.o
 .text          0x00000000080001f0       0xa0 c:/st/stm32cubeide_1.12.1/stm32cubeide/plugins/com.st.stm32cube.ide.mcu.externaltools.gnu-tools-for-stm32.10.3-2021.10.win32_1.0.200.202301161003/tools/bin/../lib/gcc/arm-none-eabi/10.3.1/../../../../arm-none-eabi/lib/thumb/v7e-m+fp/hard\libc_nano.a(lib_a-memchr.o)
                0x00000000080001f0                memchr
 *(.text*)
 .text.vListInitialise
                0x0000000008000290       0x40 ./FreeRTOS/Source/list.o
                0x0000000008000290                vListInitialise
 .text.vListInitialiseItem
                0x00000000080002d0       0x1a ./FreeRTOS/Source/list.o
                0x00000000080002d0                vListInitialiseItem
 .text.vListInsert
                0x00000000080002ea       0x72 ./FreeRTOS/Source/list.o
                0x00000000080002ea                vListInsert
 .text.uxListRemove
                0x000000000800035c       0x54 ./FreeRTOS/Source/list.o
                0x000000000800035c                uxListRemove
 .text.xQueueGenericReset
                0x00000000080003b0      0x120 ./FreeRTOS/Source/queue.o
                0x00000000080003b0                xQueueGenericReset
 .text.xQueueGenericCreate
                0x00000000080004d0       0x9c ./FreeRTOS/Source/queue.o
                0x00000000080004d0                xQueueGenericCreate
 .text.prvInitialiseNewQueue
                0x000000000800056c       0x46 ./FreeRTOS/Source/queue.o
 *fill*         0x00000000080005b2        0x2 
 .text.xQueueGenericSend
                0x00000000080005b4      0x1fc ./FreeRTOS/Source/queue.o
                0x00000000080005b4                xQueueGenericSend
 .text.xQueueReceive
                0x00000000080007b0      0x1c0 ./FreeRTOS/Source/queue.o
                0x00000000080007b0                xQueueReceive
 .text.prvCopyDataToQueue
                0x0000000008000970       0xd4 ./FreeRTOS/Source/queue.o
 .text.prvCopyDataFromQueue
                0x0000000008000a44       0x4c ./FreeRTOS/Source/queue.o
 .text.prvUnlockQueue
                0x0000000008000a90       0xa4 ./FreeRTOS/Source/queue.o
 .text.prvIsQueueEmpty
                0x0000000008000b34       0x2c ./FreeRTOS/Source/queue.o
 .text.prvIsQueueFull
                0x0000000008000b60       0x30 ./FreeRTOS/Source/queue.o
 .text.vQueueAddToRegistry
                0x0000000008000b90       0x9c ./FreeRTOS/Source/queue.o
                0x0000000008000b90                vQueueAddToRegistry
 .text.vQueueWaitForMessageRestricted
                0x0000000008000c2c       0x68 ./FreeRTOS/Source/queue.o
                0x0000000008000c2c                vQueueWaitForMessageRestricted
 .text.xTaskCreate
                0x0000000008000c94       0x8c ./FreeRTOS/Source/tasks.o
                0x0000000008000c94                xTaskCreate
 .text.prvInitialiseNewTask
                0x0000000008000d20      0x11c ./FreeRTOS/Source/tasks.o
 .text.prvAddNewTaskToReadyList
                0x0000000008000e3c      0x12c ./FreeRTOS/Source/tasks.o
 .text.vTaskDelay
                0x0000000008000f68       0x68 ./FreeRTOS/Source/tasks.o
                0x0000000008000f68                vTaskDelay
 .text.vTaskStartScheduler
                0x0000000008000fd0       0xa4 ./FreeRTOS/Source/tasks.o
                0x0000000008000fd0                vTaskStartScheduler
 .text.vTaskSuspendAll
                0x0000000008001074       0x1c ./FreeRTOS/Source/tasks.o
                0x0000000008001074                vTaskSuspendAll
 .text.xTaskResumeAll
                0x0000000008001090      0x1f8 ./FreeRTOS/Source/tasks.o
                0x0000000008001090                xTaskResumeAll
 .text.xTaskGetTickCount
                0x0000000008001288       0x20 ./FreeRTOS/Source/tasks.o
                0x0000000008001288                xTaskGetTickCount
 .text.xTaskIncrementTick
                0x00000000080012a8      0x22c ./FreeRTOS/Source/tasks.o
                0x00000000080012a8                xTaskIncrementTick
 .text.vTaskSwitchContext
                0x00000000080014d4       0xb8 ./FreeRTOS/Source/tasks.o
                0x00000000080014d4                vTaskSwitchContext
 .text.vTaskPlaceOnEventList
                0x000000000800158c       0x48 ./FreeRTOS/Source/tasks.o
                0x000000000800158c                vTaskPlaceOnEventList
 .text.vTaskPlaceOnEventListRestricted
                0x00000000080015d4       0x8c ./FreeRTOS/Source/tasks.o
                0x00000000080015d4                vTaskPlaceOnEventListRestricted
 .text.xTaskRemoveFromEventList
                0x0000000008001660      0x1ac ./FreeRTOS/Source/tasks.o
                0x0000000008001660                xTaskRemoveFromEventList
 .text.vTaskInternalSetTimeOutState
                0x000000000800180c       0x2c ./FreeRTOS/Source/tasks.o
                0x000000000800180c                vTaskInternalSetTimeOutState
 .text.xTaskCheckForTimeOut
                0x0000000008001838       0xcc ./FreeRTOS/Source/tasks.o
                0x0000000008001838                xTaskCheckForTimeOut
 .text.vTaskMissedYield
                0x0000000008001904       0x18 ./FreeRTOS/Source/tasks.o
                0x0000000008001904                vTaskMissedYield
 .text.prvIdleTask
                0x000000000800191c       0x30 ./FreeRTOS/Source/tasks.o
 .text.prvInitialiseTaskLists
                0x000000000800194c       0x80 ./FreeRTOS/Source/tasks.o
 .text.prvCheckTasksWaitingTermination
                0x00000000080019cc       0x5c ./FreeRTOS/Source/tasks.o
 .text.prvDeleteTCB
                0x0000000008001a28       0x20 ./FreeRTOS/Source/tasks.o
 .text.prvResetNextTaskUnblockTime
                0x0000000008001a48       0x38 ./FreeRTOS/Source/tasks.o
 .text.xTaskGetSchedulerState
                0x0000000008001a80       0x3c ./FreeRTOS/Source/tasks.o
                0x0000000008001a80                xTaskGetSchedulerState
 .text.xTaskPriorityDisinherit
                0x0000000008001abc      0x148 ./FreeRTOS/Source/tasks.o
                0x0000000008001abc                xTaskPriorityDisinherit
 .text.prvAddCurrentTaskToDelayedList
                0x0000000008001c04      0x100 ./FreeRTOS/Source/tasks.o
 .text.xTimerCreateTimerTask
                0x0000000008001d04       0x64 ./FreeRTOS/Source/timers.o
                0x0000000008001d04                xTimerCreateTimerTask
 .text.prvReloadTimer
                0x0000000008001d68       0x42 ./FreeRTOS/Source/timers.o
 *fill*         0x0000000008001daa        0x2 
 .text.prvProcessExpiredTimer
                0x0000000008001dac       0x60 ./FreeRTOS/Source/timers.o
 .text.prvTimerTask
                0x0000000008001e0c       0x24 ./FreeRTOS/Source/timers.o
 .text.prvProcessTimerOrBlockTask
                0x0000000008001e30       0x9c ./FreeRTOS/Source/timers.o
 .text.prvGetNextExpireTime
                0x0000000008001ecc       0x48 ./FreeRTOS/Source/timers.o
 .text.prvSampleTimeNow
                0x0000000008001f14       0x40 ./FreeRTOS/Source/timers.o
 .text.prvInsertTimerInActiveList
                0x0000000008001f54       0x84 ./FreeRTOS/Source/timers.o
 .text.prvProcessReceivedCommands
                0x0000000008001fd8      0x17c ./FreeRTOS/Source/timers.o
 .text.prvSwitchTimerLists
                0x0000000008002154       0x4c ./FreeRTOS/Source/timers.o
 .text.prvCheckForValidListAndQueue
                0x00000000080021a0       0x6c ./FreeRTOS/Source/timers.o
 .text.pxPortInitialiseStack
                0x000000000800220c       0x68 ./FreeRTOS/Source/portable/GCC/ARM_CM4F/port.o
                0x000000000800220c                pxPortInitialiseStack
 .text.prvTaskExitError
                0x0000000008002274       0x58 ./FreeRTOS/Source/portable/GCC/ARM_CM4F/port.o
 *fill*         0x00000000080022cc        0x4 
 .text.SVC_Handler
                0x00000000080022d0       0x28 ./FreeRTOS/Source/portable/GCC/ARM_CM4F/port.o
                0x00000000080022d0                SVC_Handler
 .text.prvPortStartFirstTask
                0x00000000080022f8       0x2c ./FreeRTOS/Source/portable/GCC/ARM_CM4F/port.o
 .text.xPortStartScheduler
                0x0000000008002324      0x144 ./FreeRTOS/Source/portable/GCC/ARM_CM4F/port.o
                0x0000000008002324                xPortStartScheduler
 .text.vPortEnterCritical
                0x0000000008002468       0x60 ./FreeRTOS/Source/portable/GCC/ARM_CM4F/port.o
                0x0000000008002468                vPortEnterCritical
 .text.vPortExitCritical
                0x00000000080024c8       0x54 ./FreeRTOS/Source/portable/GCC/ARM_CM4F/port.o
                0x00000000080024c8                vPortExitCritical
 *fill*         0x000000000800251c        0x4 
 .text.PendSV_Handler
                0x0000000008002520       0x68 ./FreeRTOS/Source/portable/GCC/ARM_CM4F/port.o
                0x0000000008002520                PendSV_Handler
 .text.SysTick_Handler
                0x0000000008002588       0x44 ./FreeRTOS/Source/portable/GCC/ARM_CM4F/port.o
                0x0000000008002588                SysTick_Handler
 .text.vPortSetupTimerInterrupt
                0x00000000080025cc       0x34 ./FreeRTOS/Source/portable/GCC/ARM_CM4F/port.o
                0x00000000080025cc                vPortSetupTimerInterrupt
 .text.vPortEnableVFP
                0x0000000008002600       0x18 ./FreeRTOS/Source/portable/GCC/ARM_CM4F/port.o
 .text.pvPortMalloc
                0x0000000008002618      0x174 ./FreeRTOS/Source/portable/MemMang/heap_4.o
                0x0000000008002618                pvPortMalloc
 .text.vPortFree
                0x000000000800278c       0xb8 ./FreeRTOS/Source/portable/MemMang/heap_4.o
                0x000000000800278c                vPortFree
 .text.prvHeapInit
                0x0000000008002844       0xb8 ./FreeRTOS/Source/portable/MemMang/heap_4.o
 .text.prvInsertBlockIntoFreeList
                0x00000000080028fc       0xb4 ./FreeRTOS/Source/portable/MemMang/heap_4.o
 .text.main     0x00000000080029b0       0x12 ./Src/main.o
                0x00000000080029b0                main
 .text.taskSetup
                0x00000000080029c2       0x10 ./Src/my_tasks.o
                0x00000000080029c2                taskSetup
 *fill*         0x00000000080029d2        0x2 
 .text.senderTaskCreate
                0x00000000080029d4       0x2c ./Src/my_tasks.o
                0x00000000080029d4                senderTaskCreate
 .text.senderTask
                0x0000000008002a00       0x58 ./Src/my_tasks.o
                0x0000000008002a00                senderTask
 .text.receiverTaskCreate
                0x0000000008002a58       0x2c ./Src/my_tasks.o
                0x0000000008002a58                receiverTaskCreate
 .text.receiverTask
                0x0000000008002a84       0x44 ./Src/my_tasks.o
                0x0000000008002a84                receiverTask
 .text.initTasks
                0x0000000008002ac8        0xc ./Src/my_tasks.o
                0x0000000008002ac8                initTasks
 .text._read    0x0000000008002ad4       0x3a ./Src/syscalls.o
                0x0000000008002ad4                _read
 .text._write   0x0000000008002b0e       0x38 ./Src/syscalls.o
                0x0000000008002b0e                _write
 .text._close   0x0000000008002b46       0x18 ./Src/syscalls.o
                0x0000000008002b46                _close
 .text._fstat   0x0000000008002b5e       0x20 ./Src/syscalls.o
                0x0000000008002b5e                _fstat
 .text._isatty  0x0000000008002b7e       0x16 ./Src/syscalls.o
                0x0000000008002b7e                _isatty
 .text._lseek   0x0000000008002b94       0x1a ./Src/syscalls.o
                0x0000000008002b94                _lseek
 *fill*         0x0000000008002bae        0x2 
 .text._sbrk    0x0000000008002bb0       0x6c ./Src/sysmem.o
                0x0000000008002bb0                _sbrk
 .text.Reset_Handler
                0x0000000008002c1c       0x50 ./Startup/startup_stm32f407vgtx.o
                0x0000000008002c1c                Reset_Handler
 .text.Default_Handler
                0x0000000008002c6c        0x2 ./Startup/startup_stm32f407vgtx.o
                0x0000000008002c6c                RTC_Alarm_IRQHandler
                0x0000000008002c6c                HASH_RNG_IRQHandler
                0x0000000008002c6c                EXTI2_IRQHandler
                0x0000000008002c6c                TIM8_CC_IRQHandler
                0x0000000008002c6c                DebugMon_Handler
                0x0000000008002c6c                TIM1_CC_IRQHandler
                0x0000000008002c6c                DMA2_Stream5_IRQHandler
                0x0000000008002c6c                HardFault_Handler
                0x0000000008002c6c                DMA1_Stream5_IRQHandler
                0x0000000008002c6c                PVD_IRQHandler
                0x0000000008002c6c                SDIO_IRQHandler
                0x0000000008002c6c                TAMP_STAMP_IRQHandler
                0x0000000008002c6c                NMI_Handler
                0x0000000008002c6c                CAN2_RX1_IRQHandler
                0x0000000008002c6c                EXTI3_IRQHandler
                0x0000000008002c6c                TIM8_TRG_COM_TIM14_IRQHandler
                0x0000000008002c6c                TIM1_UP_TIM10_IRQHandler
                0x0000000008002c6c                TIM8_UP_TIM13_IRQHandler
                0x0000000008002c6c                I2C3_ER_IRQHandler
                0x0000000008002c6c                LCD_TFT_IRQHandler
                0x0000000008002c6c                EXTI0_IRQHandler
                0x0000000008002c6c                I2C2_EV_IRQHandler
                0x0000000008002c6c                DMA1_Stream2_IRQHandler
                0x0000000008002c6c                CAN1_RX0_IRQHandler
                0x0000000008002c6c                FPU_IRQHandler
                0x0000000008002c6c                OTG_HS_WKUP_IRQHandler
                0x0000000008002c6c                UsageFault_Handler
                0x0000000008002c6c                CAN2_SCE_IRQHandler
                0x0000000008002c6c                DMA2_Stream2_IRQHandler
                0x0000000008002c6c                SPI1_IRQHandler
                0x0000000008002c6c                TIM6_DAC_IRQHandler
                0x0000000008002c6c                TIM1_BRK_TIM9_IRQHandler
                0x0000000008002c6c                DCMI_IRQHandler
                0x0000000008002c6c                CAN2_RX0_IRQHandler
                0x0000000008002c6c                DMA2_Stream3_IRQHandler
                0x0000000008002c6c                USART6_IRQHandler
                0x0000000008002c6c                USART3_IRQHandler
                0x0000000008002c6c                CRYP_IRQHandler
                0x0000000008002c6c                CAN1_RX1_IRQHandler
                0x0000000008002c6c                UART5_IRQHandler
                0x0000000008002c6c                DMA2_Stream0_IRQHandler
                0x0000000008002c6c                TIM4_IRQHandler
                0x0000000008002c6c                I2C1_EV_IRQHandler
                0x0000000008002c6c                DMA1_Stream6_IRQHandler
                0x0000000008002c6c                DMA1_Stream1_IRQHandler
                0x0000000008002c6c                UART4_IRQHandler
                0x0000000008002c6c                LCD_TFT_1_IRQHandler
                0x0000000008002c6c                TIM3_IRQHandler
                0x0000000008002c6c                RCC_IRQHandler
                0x0000000008002c6c                TIM8_BRK_TIM12_IRQHandler
                0x0000000008002c6c                Default_Handler
                0x0000000008002c6c                EXTI15_10_IRQHandler
                0x0000000008002c6c                ADC_IRQHandler
                0x0000000008002c6c                DMA1_Stream7_IRQHandler
                0x0000000008002c6c                TIM7_IRQHandler
                0x0000000008002c6c                CAN2_TX_IRQHandler
                0x0000000008002c6c                TIM5_IRQHandler
                0x0000000008002c6c                DMA2_Stream7_IRQHandler
                0x0000000008002c6c                I2C3_EV_IRQHandler
                0x0000000008002c6c                EXTI9_5_IRQHandler
                0x0000000008002c6c                RTC_WKUP_IRQHandler
                0x0000000008002c6c                ETH_WKUP_IRQHandler
                0x0000000008002c6c                SPI2_IRQHandler
                0x0000000008002c6c                OTG_HS_EP1_IN_IRQHandler
                0x0000000008002c6c                MemManage_Handler
                0x0000000008002c6c                DMA1_Stream0_IRQHandler
                0x0000000008002c6c                CAN1_TX_IRQHandler
                0x0000000008002c6c                EXTI4_IRQHandler
                0x0000000008002c6c                FSMC_IRQHandler
                0x0000000008002c6c                ETH_IRQHandler
                0x0000000008002c6c                OTG_HS_EP1_OUT_IRQHandler
                0x0000000008002c6c                WWDG_IRQHandler
                0x0000000008002c6c                TIM2_IRQHandler
                0x0000000008002c6c                OTG_FS_WKUP_IRQHandler
                0x0000000008002c6c                TIM1_TRG_COM_TIM11_IRQHandler
                0x0000000008002c6c                OTG_HS_IRQHandler
                0x0000000008002c6c                EXTI1_IRQHandler
                0x0000000008002c6c                USART2_IRQHandler
                0x0000000008002c6c                I2C2_ER_IRQHandler
                0x0000000008002c6c                DMA2_Stream1_IRQHandler
                0x0000000008002c6c                CAN1_SCE_IRQHandler
                0x0000000008002c6c                DMA2_Stream4_IRQHandler
                0x0000000008002c6c                BusFault_Handler
                0x0000000008002c6c                USART1_IRQHandler
                0x0000000008002c6c                OTG_FS_IRQHandler
                0x0000000008002c6c                SPI3_IRQHandler
                0x0000000008002c6c                DMA1_Stream4_IRQHandler
                0x0000000008002c6c                I2C1_ER_IRQHandler
                0x0000000008002c6c                DMA2_Stream6_IRQHandler
                0x0000000008002c6c                DMA1_Stream3_IRQHandler
 *fill*         0x0000000008002c6e        0x2 
 .text.__errno  0x0000000008002c70        0xc c:/st/stm32cubeide_1.12.1/stm32cubeide/plugins/com.st.stm32cube.ide.mcu.externaltools.gnu-tools-for-stm32.10.3-2021.10.win32_1.0.200.202301161003/tools/bin/../lib/gcc/arm-none-eabi/10.3.1/../../../../arm-none-eabi/lib/thumb/v7e-m+fp/hard\libc_nano.a(lib_a-errno.o)
                0x0000000008002c70                __errno
 .text.__libc_init_array
                0x0000000008002c7c       0x48 c:/st/stm32cubeide_1.12.1/stm32cubeide/plugins/com.st.stm32cube.ide.mcu.externaltools.gnu-tools-for-stm32.10.3-2021.10.win32_1.0.200.202301161003/tools/bin/../lib/gcc/arm-none-eabi/10.3.1/../../../../arm-none-eabi/lib/thumb/v7e-m+fp/hard\libc_nano.a(lib_a-init.o)
                0x0000000008002c7c                __libc_init_array
 .text.memcpy   0x0000000008002cc4       0x1c c:/st/stm32cubeide_1.12.1/stm32cubeide/plugins/com.st.stm32cube.ide.mcu.externaltools.gnu-tools-for-stm32.10.3-2021.10.win32_1.0.200.202301161003/tools/bin/../lib/gcc/arm-none-eabi/10.3.1/../../../../arm-none-eabi/lib/thumb/v7e-m+fp/hard\libc_nano.a(lib_a-memcpy-stub.o)
                0x0000000008002cc4                memcpy
 .text.memset   0x0000000008002ce0       0x10 c:/st/stm32cubeide_1.12.1/stm32cubeide/plugins/com.st.stm32cube.ide.mcu.externaltools.gnu-tools-for-stm32.10.3-2021.10.win32_1.0.200.202301161003/tools/bin/../lib/gcc/arm-none-eabi/10.3.1/../../../../arm-none-eabi/lib/thumb/v7e-m+fp/hard\libc_nano.a(lib_a-memset.o)
                0x0000000008002ce0                memset
 .text.printf   0x0000000008002cf0       0x30 c:/st/stm32cubeide_1.12.1/stm32cubeide/plugins/com.st.stm32cube.ide.mcu.externaltools.gnu-tools-for-stm32.10.3-2021.10.win32_1.0.200.202301161003/tools/bin/../lib/gcc/arm-none-eabi/10.3.1/../../../../arm-none-eabi/lib/thumb/v7e-m+fp/hard\libc_nano.a(lib_a-printf.o)
                0x0000000008002cf0                iprintf
                0x0000000008002cf0                printf
 .text._puts_r  0x0000000008002d20       0xdc c:/st/stm32cubeide_1.12.1/stm32cubeide/plugins/com.st.stm32cube.ide.mcu.externaltools.gnu-tools-for-stm32.10.3-2021.10.win32_1.0.200.202301161003/tools/bin/../lib/gcc/arm-none-eabi/10.3.1/../../../../arm-none-eabi/lib/thumb/v7e-m+fp/hard\libc_nano.a(lib_a-puts.o)
                0x0000000008002d20                _puts_r
 .text.puts     0x0000000008002dfc       0x10 c:/st/stm32cubeide_1.12.1/stm32cubeide/plugins/com.st.stm32cube.ide.mcu.externaltools.gnu-tools-for-stm32.10.3-2021.10.win32_1.0.200.202301161003/tools/bin/../lib/gcc/arm-none-eabi/10.3.1/../../../../arm-none-eabi/lib/thumb/v7e-m+fp/hard\libc_nano.a(lib_a-puts.o)
                0x0000000008002dfc                puts
 .text.__swbuf_r
                0x0000000008002e0c       0xa4 c:/st/stm32cubeide_1.12.1/stm32cubeide/plugins/com.st.stm32cube.ide.mcu.externaltools.gnu-tools-for-stm32.10.3-2021.10.win32_1.0.200.202301161003/tools/bin/../lib/gcc/arm-none-eabi/10.3.1/../../../../arm-none-eabi/lib/thumb/v7e-m+fp/hard\libc_nano.a(lib_a-wbuf.o)
                0x0000000008002e0c                __swbuf_r
 .text.__swsetup_r
                0x0000000008002eb0       0xdc c:/st/stm32cubeide_1.12.1/stm32cubeide/plugins/com.st.stm32cube.ide.mcu.externaltools.gnu-tools-for-stm32.10.3-2021.10.win32_1.0.200.202301161003/tools/bin/../lib/gcc/arm-none-eabi/10.3.1/../../../../arm-none-eabi/lib/thumb/v7e-m+fp/hard\libc_nano.a(lib_a-wsetup.o)
                0x0000000008002eb0                __swsetup_r
 .text.__sflush_r
                0x0000000008002f8c      0x10c c:/st/stm32cubeide_1.12.1/stm32cubeide/plugins/com.st.stm32cube.ide.mcu.externaltools.gnu-tools-for-stm32.10.3-2021.10.win32_1.0.200.202301161003/tools/bin/../lib/gcc/arm-none-eabi/10.3.1/../../../../arm-none-eabi/lib/thumb/v7e-m+fp/hard\libc_nano.a(lib_a-fflush.o)
                0x0000000008002f8c                __sflush_r
 .text._fflush_r
                0x0000000008003098       0x78 c:/st/stm32cubeide_1.12.1/stm32cubeide/plugins/com.st.stm32cube.ide.mcu.externaltools.gnu-tools-for-stm32.10.3-2021.10.win32_1.0.200.202301161003/tools/bin/../lib/gcc/arm-none-eabi/10.3.1/../../../../arm-none-eabi/lib/thumb/v7e-m+fp/hard\libc_nano.a(lib_a-fflush.o)
                0x0000000008003098                _fflush_r
 .text.std      0x0000000008003110       0x48 c:/st/stm32cubeide_1.12.1/stm32cubeide/plugins/com.st.stm32cube.ide.mcu.externaltools.gnu-tools-for-stm32.10.3-2021.10.win32_1.0.200.202301161003/tools/bin/../lib/gcc/arm-none-eabi/10.3.1/../../../../arm-none-eabi/lib/thumb/v7e-m+fp/hard\libc_nano.a(lib_a-findfp.o)
 .text._cleanup_r
                0x0000000008003158        0xc c:/st/stm32cubeide_1.12.1/stm32cubeide/plugins/com.st.stm32cube.ide.mcu.externaltools.gnu-tools-for-stm32.10.3-2021.10.win32_1.0.200.202301161003/tools/bin/../lib/gcc/arm-none-eabi/10.3.1/../../../../arm-none-eabi/lib/thumb/v7e-m+fp/hard\libc_nano.a(lib_a-findfp.o)
                0x0000000008003158                _cleanup_r
 .text.__sfmoreglue
                0x0000000008003164       0x2c c:/st/stm32cubeide_1.12.1/stm32cubeide/plugins/com.st.stm32cube.ide.mcu.externaltools.gnu-tools-for-stm32.10.3-2021.10.win32_1.0.200.202301161003/tools/bin/../lib/gcc/arm-none-eabi/10.3.1/../../../../arm-none-eabi/lib/thumb/v7e-m+fp/hard\libc_nano.a(lib_a-findfp.o)
                0x0000000008003164                __sfmoreglue
 .text.__sfp_lock_acquire
                0x0000000008003190        0xc c:/st/stm32cubeide_1.12.1/stm32cubeide/plugins/com.st.stm32cube.ide.mcu.externaltools.gnu-tools-for-stm32.10.3-2021.10.win32_1.0.200.202301161003/tools/bin/../lib/gcc/arm-none-eabi/10.3.1/../../../../arm-none-eabi/lib/thumb/v7e-m+fp/hard\libc_nano.a(lib_a-findfp.o)
                0x0000000008003190                __sfp_lock_acquire
 .text.__sfp_lock_release
                0x000000000800319c        0xc c:/st/stm32cubeide_1.12.1/stm32cubeide/plugins/com.st.stm32cube.ide.mcu.externaltools.gnu-tools-for-stm32.10.3-2021.10.win32_1.0.200.202301161003/tools/bin/../lib/gcc/arm-none-eabi/10.3.1/../../../../arm-none-eabi/lib/thumb/v7e-m+fp/hard\libc_nano.a(lib_a-findfp.o)
                0x000000000800319c                __sfp_lock_release
 .text.__sinit_lock_acquire
                0x00000000080031a8        0xc c:/st/stm32cubeide_1.12.1/stm32cubeide/plugins/com.st.stm32cube.ide.mcu.externaltools.gnu-tools-for-stm32.10.3-2021.10.win32_1.0.200.202301161003/tools/bin/../lib/gcc/arm-none-eabi/10.3.1/../../../../arm-none-eabi/lib/thumb/v7e-m+fp/hard\libc_nano.a(lib_a-findfp.o)
                0x00000000080031a8                __sinit_lock_acquire
 .text.__sinit_lock_release
                0x00000000080031b4        0xc c:/st/stm32cubeide_1.12.1/stm32cubeide/plugins/com.st.stm32cube.ide.mcu.externaltools.gnu-tools-for-stm32.10.3-2021.10.win32_1.0.200.202301161003/tools/bin/../lib/gcc/arm-none-eabi/10.3.1/../../../../arm-none-eabi/lib/thumb/v7e-m+fp/hard\libc_nano.a(lib_a-findfp.o)
                0x00000000080031b4                __sinit_lock_release
 .text.__sinit  0x00000000080031c0       0x70 c:/st/stm32cubeide_1.12.1/stm32cubeide/plugins/com.st.stm32cube.ide.mcu.externaltools.gnu-tools-for-stm32.10.3-2021.10.win32_1.0.200.202301161003/tools/bin/../lib/gcc/arm-none-eabi/10.3.1/../../../../arm-none-eabi/lib/thumb/v7e-m+fp/hard\libc_nano.a(lib_a-findfp.o)
                0x00000000080031c0                __sinit
 .text.__sfp    0x0000000008003230       0x8c c:/st/stm32cubeide_1.12.1/stm32cubeide/plugins/com.st.stm32cube.ide.mcu.externaltools.gnu-tools-for-stm32.10.3-2021.10.win32_1.0.200.202301161003/tools/bin/../lib/gcc/arm-none-eabi/10.3.1/../../../../arm-none-eabi/lib/thumb/v7e-m+fp/hard\libc_nano.a(lib_a-findfp.o)
                0x0000000008003230                __sfp
 .text._fwalk_reent
                0x00000000080032bc       0x3e c:/st/stm32cubeide_1.12.1/stm32cubeide/plugins/com.st.stm32cube.ide.mcu.externaltools.gnu-tools-for-stm32.10.3-2021.10.win32_1.0.200.202301161003/tools/bin/../lib/gcc/arm-none-eabi/10.3.1/../../../../arm-none-eabi/lib/thumb/v7e-m+fp/hard\libc_nano.a(lib_a-fwalk.o)
                0x00000000080032bc                _fwalk_reent
 .text.__retarget_lock_init_recursive
                0x00000000080032fa        0x2 c:/st/stm32cubeide_1.12.1/stm32cubeide/plugins/com.st.stm32cube.ide.mcu.externaltools.gnu-tools-for-stm32.10.3-2021.10.win32_1.0.200.202301161003/tools/bin/../lib/gcc/arm-none-eabi/10.3.1/../../../../arm-none-eabi/lib/thumb/v7e-m+fp/hard\libc_nano.a(lib_a-lock.o)
                0x00000000080032fa                __retarget_lock_init_recursive
 .text.__retarget_lock_acquire_recursive
                0x00000000080032fc        0x2 c:/st/stm32cubeide_1.12.1/stm32cubeide/plugins/com.st.stm32cube.ide.mcu.externaltools.gnu-tools-for-stm32.10.3-2021.10.win32_1.0.200.202301161003/tools/bin/../lib/gcc/arm-none-eabi/10.3.1/../../../../arm-none-eabi/lib/thumb/v7e-m+fp/hard\libc_nano.a(lib_a-lock.o)
                0x00000000080032fc                __retarget_lock_acquire_recursive
 .text.__retarget_lock_release_recursive
                0x00000000080032fe        0x2 c:/st/stm32cubeide_1.12.1/stm32cubeide/plugins/com.st.stm32cube.ide.mcu.externaltools.gnu-tools-for-stm32.10.3-2021.10.win32_1.0.200.202301161003/tools/bin/../lib/gcc/arm-none-eabi/10.3.1/../../../../arm-none-eabi/lib/thumb/v7e-m+fp/hard\libc_nano.a(lib_a-lock.o)
                0x00000000080032fe                __retarget_lock_release_recursive
 .text.__swhatbuf_r
                0x0000000008003300       0x4a c:/st/stm32cubeide_1.12.1/stm32cubeide/plugins/com.st.stm32cube.ide.mcu.externaltools.gnu-tools-for-stm32.10.3-2021.10.win32_1.0.200.202301161003/tools/bin/../lib/gcc/arm-none-eabi/10.3.1/../../../../arm-none-eabi/lib/thumb/v7e-m+fp/hard\libc_nano.a(lib_a-makebuf.o)
                0x0000000008003300                __swhatbuf_r
 *fill*         0x000000000800334a        0x2 
 .text.__smakebuf_r
                0x000000000800334c       0x80 c:/st/stm32cubeide_1.12.1/stm32cubeide/plugins/com.st.stm32cube.ide.mcu.externaltools.gnu-tools-for-stm32.10.3-2021.10.win32_1.0.200.202301161003/tools/bin/../lib/gcc/arm-none-eabi/10.3.1/../../../../arm-none-eabi/lib/thumb/v7e-m+fp/hard\libc_nano.a(lib_a-makebuf.o)
                0x000000000800334c                __smakebuf_r
 .text._free_r  0x00000000080033cc       0x98 c:/st/stm32cubeide_1.12.1/stm32cubeide/plugins/com.st.stm32cube.ide.mcu.externaltools.gnu-tools-for-stm32.10.3-2021.10.win32_1.0.200.202301161003/tools/bin/../lib/gcc/arm-none-eabi/10.3.1/../../../../arm-none-eabi/lib/thumb/v7e-m+fp/hard\libc_nano.a(lib_a-nano-freer.o)
                0x00000000080033cc                _free_r
 .text.sbrk_aligned
                0x0000000008003464       0x40 c:/st/stm32cubeide_1.12.1/stm32cubeide/plugins/com.st.stm32cube.ide.mcu.externaltools.gnu-tools-for-stm32.10.3-2021.10.win32_1.0.200.202301161003/tools/bin/../lib/gcc/arm-none-eabi/10.3.1/../../../../arm-none-eabi/lib/thumb/v7e-m+fp/hard\libc_nano.a(lib_a-nano-mallocr.o)
 .text._malloc_r
                0x00000000080034a4       0xe8 c:/st/stm32cubeide_1.12.1/stm32cubeide/plugins/com.st.stm32cube.ide.mcu.externaltools.gnu-tools-for-stm32.10.3-2021.10.win32_1.0.200.202301161003/tools/bin/../lib/gcc/arm-none-eabi/10.3.1/../../../../arm-none-eabi/lib/thumb/v7e-m+fp/hard\libc_nano.a(lib_a-nano-mallocr.o)
                0x00000000080034a4                _malloc_r
 .text.__sfputc_r
                0x000000000800358c       0x2e c:/st/stm32cubeide_1.12.1/stm32cubeide/plugins/com.st.stm32cube.ide.mcu.externaltools.gnu-tools-for-stm32.10.3-2021.10.win32_1.0.200.202301161003/tools/bin/../lib/gcc/arm-none-eabi/10.3.1/../../../../arm-none-eabi/lib/thumb/v7e-m+fp/hard\libc_nano.a(lib_a-nano-vfprintf.o)
 .text.__sfputs_r
                0x00000000080035ba       0x24 c:/st/stm32cubeide_1.12.1/stm32cubeide/plugins/com.st.stm32cube.ide.mcu.externaltools.gnu-tools-for-stm32.10.3-2021.10.win32_1.0.200.202301161003/tools/bin/../lib/gcc/arm-none-eabi/10.3.1/../../../../arm-none-eabi/lib/thumb/v7e-m+fp/hard\libc_nano.a(lib_a-nano-vfprintf.o)
                0x00000000080035ba                __sfputs_r
 *fill*         0x00000000080035de        0x2 
 .text._vfprintf_r
                0x00000000080035e0      0x260 c:/st/stm32cubeide_1.12.1/stm32cubeide/plugins/com.st.stm32cube.ide.mcu.externaltools.gnu-tools-for-stm32.10.3-2021.10.win32_1.0.200.202301161003/tools/bin/../lib/gcc/arm-none-eabi/10.3.1/../../../../arm-none-eabi/lib/thumb/v7e-m+fp/hard\libc_nano.a(lib_a-nano-vfprintf.o)
                0x00000000080035e0                _vfprintf_r
                0x00000000080035e0                _vfiprintf_r
 .text._printf_common
                0x0000000008003840       0xda c:/st/stm32cubeide_1.12.1/stm32cubeide/plugins/com.st.stm32cube.ide.mcu.externaltools.gnu-tools-for-stm32.10.3-2021.10.win32_1.0.200.202301161003/tools/bin/../lib/gcc/arm-none-eabi/10.3.1/../../../../arm-none-eabi/lib/thumb/v7e-m+fp/hard\libc_nano.a(lib_a-nano-vfprintf_i.o)
                0x0000000008003840                _printf_common
 *fill*         0x000000000800391a        0x2 
 .text._printf_i
                0x000000000800391c      0x24c c:/st/stm32cubeide_1.12.1/stm32cubeide/plugins/com.st.stm32cube.ide.mcu.externaltools.gnu-tools-for-stm32.10.3-2021.10.win32_1.0.200.202301161003/tools/bin/../lib/gcc/arm-none-eabi/10.3.1/../../../../arm-none-eabi/lib/thumb/v7e-m+fp/hard\libc_nano.a(lib_a-nano-vfprintf_i.o)
                0x000000000800391c                _printf_i
 .text._sbrk_r  0x0000000008003b68       0x20 c:/st/stm32cubeide_1.12.1/stm32cubeide/plugins/com.st.stm32cube.ide.mcu.externaltools.gnu-tools-for-stm32.10.3-2021.10.win32_1.0.200.202301161003/tools/bin/../lib/gcc/arm-none-eabi/10.3.1/../../../../arm-none-eabi/lib/thumb/v7e-m+fp/hard\libc_nano.a(lib_a-sbrkr.o)
                0x0000000008003b68                _sbrk_r
 .text.__sread  0x0000000008003b88       0x22 c:/st/stm32cubeide_1.12.1/stm32cubeide/plugins/com.st.stm32cube.ide.mcu.externaltools.gnu-tools-for-stm32.10.3-2021.10.win32_1.0.200.202301161003/tools/bin/../lib/gcc/arm-none-eabi/10.3.1/../../../../arm-none-eabi/lib/thumb/v7e-m+fp/hard\libc_nano.a(lib_a-stdio.o)
                0x0000000008003b88                __sread
 .text.__swrite
                0x0000000008003baa       0x38 c:/st/stm32cubeide_1.12.1/stm32cubeide/plugins/com.st.stm32cube.ide.mcu.externaltools.gnu-tools-for-stm32.10.3-2021.10.win32_1.0.200.202301161003/tools/bin/../lib/gcc/arm-none-eabi/10.3.1/../../../../arm-none-eabi/lib/thumb/v7e-m+fp/hard\libc_nano.a(lib_a-stdio.o)
                0x0000000008003baa                __swrite
 .text.__sseek  0x0000000008003be2       0x24 c:/st/stm32cubeide_1.12.1/stm32cubeide/plugins/com.st.stm32cube.ide.mcu.externaltools.gnu-tools-for-stm32.10.3-2021.10.win32_1.0.200.202301161003/tools/bin/../lib/gcc/arm-none-eabi/10.3.1/../../../../arm-none-eabi/lib/thumb/v7e-m+fp/hard\libc_nano.a(lib_a-stdio.o)
                0x0000000008003be2                __sseek
 .text.__sclose
                0x0000000008003c06        0x8 c:/st/stm32cubeide_1.12.1/stm32cubeide/plugins/com.st.stm32cube.ide.mcu.externaltools.gnu-tools-for-stm32.10.3-2021.10.win32_1.0.200.202301161003/tools/bin/../lib/gcc/arm-none-eabi/10.3.1/../../../../arm-none-eabi/lib/thumb/v7e-m+fp/hard\libc_nano.a(lib_a-stdio.o)
                0x0000000008003c06                __sclose
 *fill*         0x0000000008003c0e        0x2 
 .text._write_r
                0x0000000008003c10       0x24 c:/st/stm32cubeide_1.12.1/stm32cubeide/plugins/com.st.stm32cube.ide.mcu.externaltools.gnu-tools-for-stm32.10.3-2021.10.win32_1.0.200.202301161003/tools/bin/../lib/gcc/arm-none-eabi/10.3.1/../../../../arm-none-eabi/lib/thumb/v7e-m+fp/hard\libc_nano.a(lib_a-writer.o)
                0x0000000008003c10                _write_r
 .text._close_r
                0x0000000008003c34       0x20 c:/st/stm32cubeide_1.12.1/stm32cubeide/plugins/com.st.stm32cube.ide.mcu.externaltools.gnu-tools-for-stm32.10.3-2021.10.win32_1.0.200.202301161003/tools/bin/../lib/gcc/arm-none-eabi/10.3.1/../../../../arm-none-eabi/lib/thumb/v7e-m+fp/hard\libc_nano.a(lib_a-closer.o)
                0x0000000008003c34                _close_r
 .text._fstat_r
                0x0000000008003c54       0x24 c:/st/stm32cubeide_1.12.1/stm32cubeide/plugins/com.st.stm32cube.ide.mcu.externaltools.gnu-tools-for-stm32.10.3-2021.10.win32_1.0.200.202301161003/tools/bin/../lib/gcc/arm-none-eabi/10.3.1/../../../../arm-none-eabi/lib/thumb/v7e-m+fp/hard\libc_nano.a(lib_a-fstatr.o)
                0x0000000008003c54                _fstat_r
 .text._isatty_r
                0x0000000008003c78       0x20 c:/st/stm32cubeide_1.12.1/stm32cubeide/plugins/com.st.stm32cube.ide.mcu.externaltools.gnu-tools-for-stm32.10.3-2021.10.win32_1.0.200.202301161003/tools/bin/../lib/gcc/arm-none-eabi/10.3.1/../../../../arm-none-eabi/lib/thumb/v7e-m+fp/hard\libc_nano.a(lib_a-isattyr.o)
                0x0000000008003c78                _isatty_r
 .text._lseek_r
                0x0000000008003c98       0x24 c:/st/stm32cubeide_1.12.1/stm32cubeide/plugins/com.st.stm32cube.ide.mcu.externaltools.gnu-tools-for-stm32.10.3-2021.10.win32_1.0.200.202301161003/tools/bin/../lib/gcc/arm-none-eabi/10.3.1/../../../../arm-none-eabi/lib/thumb/v7e-m+fp/hard\libc_nano.a(lib_a-lseekr.o)
                0x0000000008003c98                _lseek_r
 .text.__malloc_lock
                0x0000000008003cbc        0xc c:/st/stm32cubeide_1.12.1/stm32cubeide/plugins/com.st.stm32cube.ide.mcu.externaltools.gnu-tools-for-stm32.10.3-2021.10.win32_1.0.200.202301161003/tools/bin/../lib/gcc/arm-none-eabi/10.3.1/../../../../arm-none-eabi/lib/thumb/v7e-m+fp/hard\libc_nano.a(lib_a-mlock.o)
                0x0000000008003cbc                __malloc_lock
 .text.__malloc_unlock
                0x0000000008003cc8        0xc c:/st/stm32cubeide_1.12.1/stm32cubeide/plugins/com.st.stm32cube.ide.mcu.externaltools.gnu-tools-for-stm32.10.3-2021.10.win32_1.0.200.202301161003/tools/bin/../lib/gcc/arm-none-eabi/10.3.1/../../../../arm-none-eabi/lib/thumb/v7e-m+fp/hard\libc_nano.a(lib_a-mlock.o)
                0x0000000008003cc8                __malloc_unlock
 .text._read_r  0x0000000008003cd4       0x24 c:/st/stm32cubeide_1.12.1/stm32cubeide/plugins/com.st.stm32cube.ide.mcu.externaltools.gnu-tools-for-stm32.10.3-2021.10.win32_1.0.200.202301161003/tools/bin/../lib/gcc/arm-none-eabi/10.3.1/../../../../arm-none-eabi/lib/thumb/v7e-m+fp/hard\libc_nano.a(lib_a-readr.o)
                0x0000000008003cd4                _read_r
 *(.glue_7)
 .glue_7        0x0000000008003cf8        0x0 linker stubs
 *(.glue_7t)
 .glue_7t       0x0000000008003cf8        0x0 linker stubs
 *(.eh_frame)
 .eh_frame      0x0000000008003cf8        0x0 c:/st/stm32cubeide_1.12.1/stm32cubeide/plugins/com.st.stm32cube.ide.mcu.externaltools.gnu-tools-for-stm32.10.3-2021.10.win32_1.0.200.202301161003/tools/bin/../lib/gcc/arm-none-eabi/10.3.1/thumb/v7e-m+fp/hard/crtbegin.o
 *(.init)
 .init          0x0000000008003cf8        0x4 c:/st/stm32cubeide_1.12.1/stm32cubeide/plugins/com.st.stm32cube.ide.mcu.externaltools.gnu-tools-for-stm32.10.3-2021.10.win32_1.0.200.202301161003/tools/bin/../lib/gcc/arm-none-eabi/10.3.1/thumb/v7e-m+fp/hard/crti.o
                0x0000000008003cf8                _init
 .init          0x0000000008003cfc        0x8 c:/st/stm32cubeide_1.12.1/stm32cubeide/plugins/com.st.stm32cube.ide.mcu.externaltools.gnu-tools-for-stm32.10.3-2021.10.win32_1.0.200.202301161003/tools/bin/../lib/gcc/arm-none-eabi/10.3.1/thumb/v7e-m+fp/hard/crtn.o
 *(.fini)
 .fini          0x0000000008003d04        0x4 c:/st/stm32cubeide_1.12.1/stm32cubeide/plugins/com.st.stm32cube.ide.mcu.externaltools.gnu-tools-for-stm32.10.3-2021.10.win32_1.0.200.202301161003/tools/bin/../lib/gcc/arm-none-eabi/10.3.1/thumb/v7e-m+fp/hard/crti.o
                0x0000000008003d04                _fini
 .fini          0x0000000008003d08        0x8 c:/st/stm32cubeide_1.12.1/stm32cubeide/plugins/com.st.stm32cube.ide.mcu.externaltools.gnu-tools-for-stm32.10.3-2021.10.win32_1.0.200.202301161003/tools/bin/../lib/gcc/arm-none-eabi/10.3.1/thumb/v7e-m+fp/hard/crtn.o
                0x0000000008003d10                . = ALIGN (0x4)
                0x0000000008003d10                _etext = .

.vfp11_veneer   0x0000000008003d10        0x0
 .vfp11_veneer  0x0000000008003d10        0x0 linker stubs

.v4_bx          0x0000000008003d10        0x0
 .v4_bx         0x0000000008003d10        0x0 linker stubs

.iplt           0x0000000008003d10        0x0
 .iplt          0x0000000008003d10        0x0 c:/st/stm32cubeide_1.12.1/stm32cubeide/plugins/com.st.stm32cube.ide.mcu.externaltools.gnu-tools-for-stm32.10.3-2021.10.win32_1.0.200.202301161003/tools/bin/../lib/gcc/arm-none-eabi/10.3.1/thumb/v7e-m+fp/hard/crtbegin.o

.rodata         0x0000000008003d10      0x120
                0x0000000008003d10                . = ALIGN (0x4)
 *(.rodata)
 .rodata        0x0000000008003d10        0x5 ./FreeRTOS/Source/tasks.o
 *fill*         0x0000000008003d15        0x3 
 .rodata        0x0000000008003d18        0xd ./FreeRTOS/Source/timers.o
 *fill*         0x0000000008003d25        0x3 
 .rodata        0x0000000008003d28       0x6f ./Src/my_tasks.o
 *(.rodata*)
 *fill*         0x0000000008003d97        0x1 
 .rodata._global_impure_ptr
                0x0000000008003d98        0x4 c:/st/stm32cubeide_1.12.1/stm32cubeide/plugins/com.st.stm32cube.ide.mcu.externaltools.gnu-tools-for-stm32.10.3-2021.10.win32_1.0.200.202301161003/tools/bin/../lib/gcc/arm-none-eabi/10.3.1/../../../../arm-none-eabi/lib/thumb/v7e-m+fp/hard\libc_nano.a(lib_a-impure.o)
                0x0000000008003d98                _global_impure_ptr
 .rodata.__sf_fake_stderr
                0x0000000008003d9c       0x20 c:/st/stm32cubeide_1.12.1/stm32cubeide/plugins/com.st.stm32cube.ide.mcu.externaltools.gnu-tools-for-stm32.10.3-2021.10.win32_1.0.200.202301161003/tools/bin/../lib/gcc/arm-none-eabi/10.3.1/../../../../arm-none-eabi/lib/thumb/v7e-m+fp/hard\libc_nano.a(lib_a-findfp.o)
                0x0000000008003d9c                __sf_fake_stderr
 .rodata.__sf_fake_stdin
                0x0000000008003dbc       0x20 c:/st/stm32cubeide_1.12.1/stm32cubeide/plugins/com.st.stm32cube.ide.mcu.externaltools.gnu-tools-for-stm32.10.3-2021.10.win32_1.0.200.202301161003/tools/bin/../lib/gcc/arm-none-eabi/10.3.1/../../../../arm-none-eabi/lib/thumb/v7e-m+fp/hard\libc_nano.a(lib_a-findfp.o)
                0x0000000008003dbc                __sf_fake_stdin
 .rodata.__sf_fake_stdout
                0x0000000008003ddc       0x20 c:/st/stm32cubeide_1.12.1/stm32cubeide/plugins/com.st.stm32cube.ide.mcu.externaltools.gnu-tools-for-stm32.10.3-2021.10.win32_1.0.200.202301161003/tools/bin/../lib/gcc/arm-none-eabi/10.3.1/../../../../arm-none-eabi/lib/thumb/v7e-m+fp/hard\libc_nano.a(lib_a-findfp.o)
                0x0000000008003ddc                __sf_fake_stdout
 .rodata._vfprintf_r.str1.1
                0x0000000008003dfc       0x11 c:/st/stm32cubeide_1.12.1/stm32cubeide/plugins/com.st.stm32cube.ide.mcu.externaltools.gnu-tools-for-stm32.10.3-2021.10.win32_1.0.200.202301161003/tools/bin/../lib/gcc/arm-none-eabi/10.3.1/../../../../arm-none-eabi/lib/thumb/v7e-m+fp/hard\libc_nano.a(lib_a-nano-vfprintf.o)
 .rodata._printf_i.str1.1
                0x0000000008003e0d       0x22 c:/st/stm32cubeide_1.12.1/stm32cubeide/plugins/com.st.stm32cube.ide.mcu.externaltools.gnu-tools-for-stm32.10.3-2021.10.win32_1.0.200.202301161003/tools/bin/../lib/gcc/arm-none-eabi/10.3.1/../../../../arm-none-eabi/lib/thumb/v7e-m+fp/hard\libc_nano.a(lib_a-nano-vfprintf_i.o)
                0x0000000008003e30                . = ALIGN (0x4)
 *fill*         0x0000000008003e2f        0x1 

.rel.dyn        0x0000000008003e30        0x0
 .rel.iplt      0x0000000008003e30        0x0 c:/st/stm32cubeide_1.12.1/stm32cubeide/plugins/com.st.stm32cube.ide.mcu.externaltools.gnu-tools-for-stm32.10.3-2021.10.win32_1.0.200.202301161003/tools/bin/../lib/gcc/arm-none-eabi/10.3.1/thumb/v7e-m+fp/hard/crtbegin.o

.ARM.extab      0x0000000008003e30        0x0
                0x0000000008003e30                . = ALIGN (0x4)
 *(.ARM.extab* .gnu.linkonce.armextab.*)
                0x0000000008003e30                . = ALIGN (0x4)

.ARM            0x0000000008003e30        0x0
                0x0000000008003e30                . = ALIGN (0x4)
                0x0000000008003e30                __exidx_start = .
 *(.ARM.exidx*)
                0x0000000008003e30                __exidx_end = .
                0x0000000008003e30                . = ALIGN (0x4)

.preinit_array  0x0000000008003e30        0x0
                0x0000000008003e30                . = ALIGN (0x4)
                0x0000000008003e30                PROVIDE (__preinit_array_start = .)
 *(.preinit_array*)
                0x0000000008003e30                PROVIDE (__preinit_array_end = .)
                0x0000000008003e30                . = ALIGN (0x4)

.init_array     0x0000000008003e30        0x4
                0x0000000008003e30                . = ALIGN (0x4)
                0x0000000008003e30                PROVIDE (__init_array_start = .)
 *(SORT_BY_NAME(.init_array.*))
 *(.init_array*)
 .init_array    0x0000000008003e30        0x4 c:/st/stm32cubeide_1.12.1/stm32cubeide/plugins/com.st.stm32cube.ide.mcu.externaltools.gnu-tools-for-stm32.10.3-2021.10.win32_1.0.200.202301161003/tools/bin/../lib/gcc/arm-none-eabi/10.3.1/thumb/v7e-m+fp/hard/crtbegin.o
                0x0000000008003e34                PROVIDE (__init_array_end = .)
                0x0000000008003e34                . = ALIGN (0x4)

.fini_array     0x0000000008003e34        0x4
                0x0000000008003e34                . = ALIGN (0x4)
                [!provide]                        PROVIDE (__fini_array_start = .)
 *(SORT_BY_NAME(.fini_array.*))
 *(.fini_array*)
 .fini_array    0x0000000008003e34        0x4 c:/st/stm32cubeide_1.12.1/stm32cubeide/plugins/com.st.stm32cube.ide.mcu.externaltools.gnu-tools-for-stm32.10.3-2021.10.win32_1.0.200.202301161003/tools/bin/../lib/gcc/arm-none-eabi/10.3.1/thumb/v7e-m+fp/hard/crtbegin.o
                [!provide]                        PROVIDE (__fini_array_end = .)
                0x0000000008003e38                . = ALIGN (0x4)
                0x0000000008003e38                _sidata = LOADADDR (.data)

.data           0x0000000020000000       0x6c load address 0x0000000008003e38
                0x0000000020000000                . = ALIGN (0x4)
                0x0000000020000000                _sdata = .
 *(.data)
 *(.data*)
 .data.uxTopUsedPriority
                0x0000000020000000        0x4 ./FreeRTOS/Source/tasks.o
                0x0000000020000000                uxTopUsedPriority
 .data.uxCriticalNesting
                0x0000000020000004        0x4 ./FreeRTOS/Source/portable/GCC/ARM_CM4F/port.o
 .data._impure_ptr
                0x0000000020000008        0x4 c:/st/stm32cubeide_1.12.1/stm32cubeide/plugins/com.st.stm32cube.ide.mcu.externaltools.gnu-tools-for-stm32.10.3-2021.10.win32_1.0.200.202301161003/tools/bin/../lib/gcc/arm-none-eabi/10.3.1/../../../../arm-none-eabi/lib/thumb/v7e-m+fp/hard\libc_nano.a(lib_a-impure.o)
                0x0000000020000008                _impure_ptr
 .data.impure_data
                0x000000002000000c       0x60 c:/st/stm32cubeide_1.12.1/stm32cubeide/plugins/com.st.stm32cube.ide.mcu.externaltools.gnu-tools-for-stm32.10.3-2021.10.win32_1.0.200.202301161003/tools/bin/../lib/gcc/arm-none-eabi/10.3.1/../../../../arm-none-eabi/lib/thumb/v7e-m+fp/hard\libc_nano.a(lib_a-impure.o)
 *(.RamFunc)
 *(.RamFunc*)
                0x000000002000006c                . = ALIGN (0x4)
                0x000000002000006c                _edata = .
                0x0000000008003ea4                _siccmram = LOADADDR (.ccmram)

.igot.plt       0x000000002000006c        0x0 load address 0x0000000008003ea4
 .igot.plt      0x000000002000006c        0x0 c:/st/stm32cubeide_1.12.1/stm32cubeide/plugins/com.st.stm32cube.ide.mcu.externaltools.gnu-tools-for-stm32.10.3-2021.10.win32_1.0.200.202301161003/tools/bin/../lib/gcc/arm-none-eabi/10.3.1/thumb/v7e-m+fp/hard/crtbegin.o

.ccmram         0x0000000010000000        0x0 load address 0x0000000008003ea4
                0x0000000010000000                . = ALIGN (0x4)
                0x0000000010000000                _sccmram = .
 *(.ccmram)
 *(.ccmram*)
                0x0000000010000000                . = ALIGN (0x4)
                0x0000000010000000                _eccmram = .
                0x0000000010000000                . = ALIGN (0x4)

.bss            0x000000002000006c    0x12de8
                0x000000002000006c                _sbss = .
                0x000000002000006c                __bss_start__ = _sbss
 *(.bss)
 .bss           0x000000002000006c       0x1c c:/st/stm32cubeide_1.12.1/stm32cubeide/plugins/com.st.stm32cube.ide.mcu.externaltools.gnu-tools-for-stm32.10.3-2021.10.win32_1.0.200.202301161003/tools/bin/../lib/gcc/arm-none-eabi/10.3.1/thumb/v7e-m+fp/hard/crtbegin.o
 *(.bss*)
 .bss.xQueueRegistry
                0x0000000020000088       0x40 ./FreeRTOS/Source/queue.o
                0x0000000020000088                xQueueRegistry
 .bss.pxCurrentTCB
                0x00000000200000c8        0x4 ./FreeRTOS/Source/tasks.o
                0x00000000200000c8                pxCurrentTCB
 .bss.pxReadyTasksLists
                0x00000000200000cc       0x64 ./FreeRTOS/Source/tasks.o
 .bss.xDelayedTaskList1
                0x0000000020000130       0x14 ./FreeRTOS/Source/tasks.o
 .bss.xDelayedTaskList2
                0x0000000020000144       0x14 ./FreeRTOS/Source/tasks.o
 .bss.pxDelayedTaskList
                0x0000000020000158        0x4 ./FreeRTOS/Source/tasks.o
 .bss.pxOverflowDelayedTaskList
                0x000000002000015c        0x4 ./FreeRTOS/Source/tasks.o
 .bss.xPendingReadyList
                0x0000000020000160       0x14 ./FreeRTOS/Source/tasks.o
 .bss.xTasksWaitingTermination
                0x0000000020000174       0x14 ./FreeRTOS/Source/tasks.o
 .bss.uxDeletedTasksWaitingCleanUp
                0x0000000020000188        0x4 ./FreeRTOS/Source/tasks.o
 .bss.xSuspendedTaskList
                0x000000002000018c       0x14 ./FreeRTOS/Source/tasks.o
 .bss.uxCurrentNumberOfTasks
                0x00000000200001a0        0x4 ./FreeRTOS/Source/tasks.o
 .bss.xTickCount
                0x00000000200001a4        0x4 ./FreeRTOS/Source/tasks.o
 .bss.uxTopReadyPriority
                0x00000000200001a8        0x4 ./FreeRTOS/Source/tasks.o
 .bss.xSchedulerRunning
                0x00000000200001ac        0x4 ./FreeRTOS/Source/tasks.o
 .bss.xPendedTicks
                0x00000000200001b0        0x4 ./FreeRTOS/Source/tasks.o
 .bss.xYieldPending
                0x00000000200001b4        0x4 ./FreeRTOS/Source/tasks.o
 .bss.xNumOfOverflows
                0x00000000200001b8        0x4 ./FreeRTOS/Source/tasks.o
 .bss.uxTaskNumber
                0x00000000200001bc        0x4 ./FreeRTOS/Source/tasks.o
 .bss.xNextTaskUnblockTime
                0x00000000200001c0        0x4 ./FreeRTOS/Source/tasks.o
 .bss.xIdleTaskHandle
                0x00000000200001c4        0x4 ./FreeRTOS/Source/tasks.o
 .bss.uxSchedulerSuspended
                0x00000000200001c8        0x4 ./FreeRTOS/Source/tasks.o
 .bss.xActiveTimerList1
                0x00000000200001cc       0x14 ./FreeRTOS/Source/timers.o
 .bss.xActiveTimerList2
                0x00000000200001e0       0x14 ./FreeRTOS/Source/timers.o
 .bss.pxCurrentTimerList
                0x00000000200001f4        0x4 ./FreeRTOS/Source/timers.o
 .bss.pxOverflowTimerList
                0x00000000200001f8        0x4 ./FreeRTOS/Source/timers.o
 .bss.xTimerQueue
                0x00000000200001fc        0x4 ./FreeRTOS/Source/timers.o
 .bss.xTimerTaskHandle
                0x0000000020000200        0x4 ./FreeRTOS/Source/timers.o
 .bss.xLastTime.0
                0x0000000020000204        0x4 ./FreeRTOS/Source/timers.o
 .bss.ucMaxSysCallPriority
                0x0000000020000208        0x1 ./FreeRTOS/Source/portable/GCC/ARM_CM4F/port.o
 *fill*         0x0000000020000209        0x3 
 .bss.ulMaxPRIGROUPValue
                0x000000002000020c        0x4 ./FreeRTOS/Source/portable/GCC/ARM_CM4F/port.o
 .bss.ucHeap    0x0000000020000210    0x12c00 ./FreeRTOS/Source/portable/MemMang/heap_4.o
 .bss.xStart    0x0000000020012e10        0x8 ./FreeRTOS/Source/portable/MemMang/heap_4.o
 .bss.pxEnd     0x0000000020012e18        0x4 ./FreeRTOS/Source/portable/MemMang/heap_4.o
 .bss.xFreeBytesRemaining
                0x0000000020012e1c        0x4 ./FreeRTOS/Source/portable/MemMang/heap_4.o
 .bss.xMinimumEverFreeBytesRemaining
                0x0000000020012e20        0x4 ./FreeRTOS/Source/portable/MemMang/heap_4.o
 .bss.xNumberOfSuccessfulAllocations
                0x0000000020012e24        0x4 ./FreeRTOS/Source/portable/MemMang/heap_4.o
 .bss.xNumberOfSuccessfulFrees
                0x0000000020012e28        0x4 ./FreeRTOS/Source/portable/MemMang/heap_4.o
 .bss.xsenderTaskHandle
                0x0000000020012e2c        0x4 ./Src/my_tasks.o
                0x0000000020012e2c                xsenderTaskHandle
 .bss.xreceiverTaskHandle
                0x0000000020012e30        0x4 ./Src/my_tasks.o
                0x0000000020012e30                xreceiverTaskHandle
 .bss.xQueueTaskHandle
                0x0000000020012e34        0x4 ./Src/my_tasks.o
                0x0000000020012e34                xQueueTaskHandle
 .bss.sendValue
                0x0000000020012e38        0x4 ./Src/my_tasks.o
                0x0000000020012e38                sendValue
 .bss.receivedValue
                0x0000000020012e3c        0x4 ./Src/my_tasks.o
                0x0000000020012e3c                receivedValue
 .bss.__sbrk_heap_end
                0x0000000020012e40        0x4 ./Src/sysmem.o
 .bss.__lock___malloc_recursive_mutex
                0x0000000020012e44        0x1 c:/st/stm32cubeide_1.12.1/stm32cubeide/plugins/com.st.stm32cube.ide.mcu.externaltools.gnu-tools-for-stm32.10.3-2021.10.win32_1.0.200.202301161003/tools/bin/../lib/gcc/arm-none-eabi/10.3.1/../../../../arm-none-eabi/lib/thumb/v7e-m+fp/hard\libc_nano.a(lib_a-lock.o)
                0x0000000020012e44                __lock___malloc_recursive_mutex
 .bss.__lock___sfp_recursive_mutex
                0x0000000020012e45        0x1 c:/st/stm32cubeide_1.12.1/stm32cubeide/plugins/com.st.stm32cube.ide.mcu.externaltools.gnu-tools-for-stm32.10.3-2021.10.win32_1.0.200.202301161003/tools/bin/../lib/gcc/arm-none-eabi/10.3.1/../../../../arm-none-eabi/lib/thumb/v7e-m+fp/hard\libc_nano.a(lib_a-lock.o)
                0x0000000020012e45                __lock___sfp_recursive_mutex
 .bss.__lock___sinit_recursive_mutex
                0x0000000020012e46        0x1 c:/st/stm32cubeide_1.12.1/stm32cubeide/plugins/com.st.stm32cube.ide.mcu.externaltools.gnu-tools-for-stm32.10.3-2021.10.win32_1.0.200.202301161003/tools/bin/../lib/gcc/arm-none-eabi/10.3.1/../../../../arm-none-eabi/lib/thumb/v7e-m+fp/hard\libc_nano.a(lib_a-lock.o)
                0x0000000020012e46                __lock___sinit_recursive_mutex
 *fill*         0x0000000020012e47        0x1 
 .bss.__malloc_free_list
                0x0000000020012e48        0x4 c:/st/stm32cubeide_1.12.1/stm32cubeide/plugins/com.st.stm32cube.ide.mcu.externaltools.gnu-tools-for-stm32.10.3-2021.10.win32_1.0.200.202301161003/tools/bin/../lib/gcc/arm-none-eabi/10.3.1/../../../../arm-none-eabi/lib/thumb/v7e-m+fp/hard\libc_nano.a(lib_a-nano-mallocr.o)
                0x0000000020012e48                __malloc_free_list
 .bss.__malloc_sbrk_start
                0x0000000020012e4c        0x4 c:/st/stm32cubeide_1.12.1/stm32cubeide/plugins/com.st.stm32cube.ide.mcu.externaltools.gnu-tools-for-stm32.10.3-2021.10.win32_1.0.200.202301161003/tools/bin/../lib/gcc/arm-none-eabi/10.3.1/../../../../arm-none-eabi/lib/thumb/v7e-m+fp/hard\libc_nano.a(lib_a-nano-mallocr.o)
                0x0000000020012e4c                __malloc_sbrk_start
 .bss.errno     0x0000000020012e50        0x4 c:/st/stm32cubeide_1.12.1/stm32cubeide/plugins/com.st.stm32cube.ide.mcu.externaltools.gnu-tools-for-stm32.10.3-2021.10.win32_1.0.200.202301161003/tools/bin/../lib/gcc/arm-none-eabi/10.3.1/../../../../arm-none-eabi/lib/thumb/v7e-m+fp/hard\libc_nano.a(lib_a-reent.o)
                0x0000000020012e50                errno
 *(COMMON)
                0x0000000020012e54                . = ALIGN (0x4)
                0x0000000020012e54                _ebss = .
                0x0000000020012e54                __bss_end__ = _ebss

._user_heap_stack
                0x0000000020012e54      0x604
                0x0000000020012e58                . = ALIGN (0x8)
 *fill*         0x0000000020012e54        0x4 
                [!provide]                        PROVIDE (end = .)
                0x0000000020012e58                PROVIDE (_end = .)
                0x0000000020013058                . = (. + _Min_Heap_Size)
 *fill*         0x0000000020012e58      0x200 
                0x0000000020013458                . = (. + _Min_Stack_Size)
 *fill*         0x0000000020013058      0x400 
                0x0000000020013458                . = ALIGN (0x8)

/DISCARD/
 libc.a(*)
 libm.a(*)
 libgcc.a(*)

.ARM.attributes
                0x0000000000000000       0x30
 *(.ARM.attributes)
 .ARM.attributes
                0x0000000000000000       0x1e c:/st/stm32cubeide_1.12.1/stm32cubeide/plugins/com.st.stm32cube.ide.mcu.externaltools.gnu-tools-for-stm32.10.3-2021.10.win32_1.0.200.202301161003/tools/bin/../lib/gcc/arm-none-eabi/10.3.1/thumb/v7e-m+fp/hard/crti.o
 .ARM.attributes
                0x000000000000001e       0x34 c:/st/stm32cubeide_1.12.1/stm32cubeide/plugins/com.st.stm32cube.ide.mcu.externaltools.gnu-tools-for-stm32.10.3-2021.10.win32_1.0.200.202301161003/tools/bin/../lib/gcc/arm-none-eabi/10.3.1/thumb/v7e-m+fp/hard/crtbegin.o
 .ARM.attributes
                0x0000000000000052       0x34 ./FreeRTOS/Source/list.o
 .ARM.attributes
                0x0000000000000086       0x34 ./FreeRTOS/Source/queue.o
 .ARM.attributes
                0x00000000000000ba       0x34 ./FreeRTOS/Source/tasks.o
 .ARM.attributes
                0x00000000000000ee       0x34 ./FreeRTOS/Source/timers.o
 .ARM.attributes
                0x0000000000000122       0x34 ./FreeRTOS/Source/portable/GCC/ARM_CM4F/port.o
 .ARM.attributes
                0x0000000000000156       0x34 ./FreeRTOS/Source/portable/MemMang/heap_4.o
 .ARM.attributes
                0x000000000000018a       0x34 ./Src/main.o
 .ARM.attributes
                0x00000000000001be       0x34 ./Src/my_tasks.o
 .ARM.attributes
                0x00000000000001f2       0x34 ./Src/syscalls.o
 .ARM.attributes
                0x0000000000000226       0x34 ./Src/sysmem.o
 .ARM.attributes
                0x000000000000025a       0x21 ./Startup/startup_stm32f407vgtx.o
 .ARM.attributes
                0x000000000000027b       0x34 c:/st/stm32cubeide_1.12.1/stm32cubeide/plugins/com.st.stm32cube.ide.mcu.externaltools.gnu-tools-for-stm32.10.3-2021.10.win32_1.0.200.202301161003/tools/bin/../lib/gcc/arm-none-eabi/10.3.1/../../../../arm-none-eabi/lib/thumb/v7e-m+fp/hard\libc_nano.a(lib_a-errno.o)
 .ARM.attributes
                0x00000000000002af       0x34 c:/st/stm32cubeide_1.12.1/stm32cubeide/plugins/com.st.stm32cube.ide.mcu.externaltools.gnu-tools-for-stm32.10.3-2021.10.win32_1.0.200.202301161003/tools/bin/../lib/gcc/arm-none-eabi/10.3.1/../../../../arm-none-eabi/lib/thumb/v7e-m+fp/hard\libc_nano.a(lib_a-impure.o)
 .ARM.attributes
                0x00000000000002e3       0x34 c:/st/stm32cubeide_1.12.1/stm32cubeide/plugins/com.st.stm32cube.ide.mcu.externaltools.gnu-tools-for-stm32.10.3-2021.10.win32_1.0.200.202301161003/tools/bin/../lib/gcc/arm-none-eabi/10.3.1/../../../../arm-none-eabi/lib/thumb/v7e-m+fp/hard\libc_nano.a(lib_a-init.o)
 .ARM.attributes
                0x0000000000000317       0x34 c:/st/stm32cubeide_1.12.1/stm32cubeide/plugins/com.st.stm32cube.ide.mcu.externaltools.gnu-tools-for-stm32.10.3-2021.10.win32_1.0.200.202301161003/tools/bin/../lib/gcc/arm-none-eabi/10.3.1/../../../../arm-none-eabi/lib/thumb/v7e-m+fp/hard\libc_nano.a(lib_a-memcpy-stub.o)
 .ARM.attributes
                0x000000000000034b       0x34 c:/st/stm32cubeide_1.12.1/stm32cubeide/plugins/com.st.stm32cube.ide.mcu.externaltools.gnu-tools-for-stm32.10.3-2021.10.win32_1.0.200.202301161003/tools/bin/../lib/gcc/arm-none-eabi/10.3.1/../../../../arm-none-eabi/lib/thumb/v7e-m+fp/hard\libc_nano.a(lib_a-memset.o)
 .ARM.attributes
                0x000000000000037f       0x34 c:/st/stm32cubeide_1.12.1/stm32cubeide/plugins/com.st.stm32cube.ide.mcu.externaltools.gnu-tools-for-stm32.10.3-2021.10.win32_1.0.200.202301161003/tools/bin/../lib/gcc/arm-none-eabi/10.3.1/../../../../arm-none-eabi/lib/thumb/v7e-m+fp/hard\libc_nano.a(lib_a-printf.o)
 .ARM.attributes
                0x00000000000003b3       0x34 c:/st/stm32cubeide_1.12.1/stm32cubeide/plugins/com.st.stm32cube.ide.mcu.externaltools.gnu-tools-for-stm32.10.3-2021.10.win32_1.0.200.202301161003/tools/bin/../lib/gcc/arm-none-eabi/10.3.1/../../../../arm-none-eabi/lib/thumb/v7e-m+fp/hard\libc_nano.a(lib_a-puts.o)
 .ARM.attributes
                0x00000000000003e7       0x34 c:/st/stm32cubeide_1.12.1/stm32cubeide/plugins/com.st.stm32cube.ide.mcu.externaltools.gnu-tools-for-stm32.10.3-2021.10.win32_1.0.200.202301161003/tools/bin/../lib/gcc/arm-none-eabi/10.3.1/../../../../arm-none-eabi/lib/thumb/v7e-m+fp/hard\libc_nano.a(lib_a-wbuf.o)
 .ARM.attributes
                0x000000000000041b       0x34 c:/st/stm32cubeide_1.12.1/stm32cubeide/plugins/com.st.stm32cube.ide.mcu.externaltools.gnu-tools-for-stm32.10.3-2021.10.win32_1.0.200.202301161003/tools/bin/../lib/gcc/arm-none-eabi/10.3.1/../../../../arm-none-eabi/lib/thumb/v7e-m+fp/hard\libc_nano.a(lib_a-wsetup.o)
 .ARM.attributes
                0x000000000000044f       0x34 c:/st/stm32cubeide_1.12.1/stm32cubeide/plugins/com.st.stm32cube.ide.mcu.externaltools.gnu-tools-for-stm32.10.3-2021.10.win32_1.0.200.202301161003/tools/bin/../lib/gcc/arm-none-eabi/10.3.1/../../../../arm-none-eabi/lib/thumb/v7e-m+fp/hard\libc_nano.a(lib_a-fflush.o)
 .ARM.attributes
                0x0000000000000483       0x34 c:/st/stm32cubeide_1.12.1/stm32cubeide/plugins/com.st.stm32cube.ide.mcu.externaltools.gnu-tools-for-stm32.10.3-2021.10.win32_1.0.200.202301161003/tools/bin/../lib/gcc/arm-none-eabi/10.3.1/../../../../arm-none-eabi/lib/thumb/v7e-m+fp/hard\libc_nano.a(lib_a-findfp.o)
 .ARM.attributes
                0x00000000000004b7       0x34 c:/st/stm32cubeide_1.12.1/stm32cubeide/plugins/com.st.stm32cube.ide.mcu.externaltools.gnu-tools-for-stm32.10.3-2021.10.win32_1.0.200.202301161003/tools/bin/../lib/gcc/arm-none-eabi/10.3.1/../../../../arm-none-eabi/lib/thumb/v7e-m+fp/hard\libc_nano.a(lib_a-fwalk.o)
 .ARM.attributes
                0x00000000000004eb       0x34 c:/st/stm32cubeide_1.12.1/stm32cubeide/plugins/com.st.stm32cube.ide.mcu.externaltools.gnu-tools-for-stm32.10.3-2021.10.win32_1.0.200.202301161003/tools/bin/../lib/gcc/arm-none-eabi/10.3.1/../../../../arm-none-eabi/lib/thumb/v7e-m+fp/hard\libc_nano.a(lib_a-lock.o)
 .ARM.attributes
                0x000000000000051f       0x34 c:/st/stm32cubeide_1.12.1/stm32cubeide/plugins/com.st.stm32cube.ide.mcu.externaltools.gnu-tools-for-stm32.10.3-2021.10.win32_1.0.200.202301161003/tools/bin/../lib/gcc/arm-none-eabi/10.3.1/../../../../arm-none-eabi/lib/thumb/v7e-m+fp/hard\libc_nano.a(lib_a-makebuf.o)
 .ARM.attributes
                0x0000000000000553       0x34 c:/st/stm32cubeide_1.12.1/stm32cubeide/plugins/com.st.stm32cube.ide.mcu.externaltools.gnu-tools-for-stm32.10.3-2021.10.win32_1.0.200.202301161003/tools/bin/../lib/gcc/arm-none-eabi/10.3.1/../../../../arm-none-eabi/lib/thumb/v7e-m+fp/hard\libc_nano.a(lib_a-nano-freer.o)
 .ARM.attributes
                0x0000000000000587       0x34 c:/st/stm32cubeide_1.12.1/stm32cubeide/plugins/com.st.stm32cube.ide.mcu.externaltools.gnu-tools-for-stm32.10.3-2021.10.win32_1.0.200.202301161003/tools/bin/../lib/gcc/arm-none-eabi/10.3.1/../../../../arm-none-eabi/lib/thumb/v7e-m+fp/hard\libc_nano.a(lib_a-nano-mallocr.o)
 .ARM.attributes
                0x00000000000005bb       0x34 c:/st/stm32cubeide_1.12.1/stm32cubeide/plugins/com.st.stm32cube.ide.mcu.externaltools.gnu-tools-for-stm32.10.3-2021.10.win32_1.0.200.202301161003/tools/bin/../lib/gcc/arm-none-eabi/10.3.1/../../../../arm-none-eabi/lib/thumb/v7e-m+fp/hard\libc_nano.a(lib_a-nano-vfprintf.o)
 .ARM.attributes
                0x00000000000005ef       0x34 c:/st/stm32cubeide_1.12.1/stm32cubeide/plugins/com.st.stm32cube.ide.mcu.externaltools.gnu-tools-for-stm32.10.3-2021.10.win32_1.0.200.202301161003/tools/bin/../lib/gcc/arm-none-eabi/10.3.1/../../../../arm-none-eabi/lib/thumb/v7e-m+fp/hard\libc_nano.a(lib_a-nano-vfprintf_i.o)
 .ARM.attributes
                0x0000000000000623       0x34 c:/st/stm32cubeide_1.12.1/stm32cubeide/plugins/com.st.stm32cube.ide.mcu.externaltools.gnu-tools-for-stm32.10.3-2021.10.win32_1.0.200.202301161003/tools/bin/../lib/gcc/arm-none-eabi/10.3.1/../../../../arm-none-eabi/lib/thumb/v7e-m+fp/hard\libc_nano.a(lib_a-sbrkr.o)
 .ARM.attributes
                0x0000000000000657       0x34 c:/st/stm32cubeide_1.12.1/stm32cubeide/plugins/com.st.stm32cube.ide.mcu.externaltools.gnu-tools-for-stm32.10.3-2021.10.win32_1.0.200.202301161003/tools/bin/../lib/gcc/arm-none-eabi/10.3.1/../../../../arm-none-eabi/lib/thumb/v7e-m+fp/hard\libc_nano.a(lib_a-stdio.o)
 .ARM.attributes
                0x000000000000068b       0x34 c:/st/stm32cubeide_1.12.1/stm32cubeide/plugins/com.st.stm32cube.ide.mcu.externaltools.gnu-tools-for-stm32.10.3-2021.10.win32_1.0.200.202301161003/tools/bin/../lib/gcc/arm-none-eabi/10.3.1/../../../../arm-none-eabi/lib/thumb/v7e-m+fp/hard\libc_nano.a(lib_a-writer.o)
 .ARM.attributes
                0x00000000000006bf       0x34 c:/st/stm32cubeide_1.12.1/stm32cubeide/plugins/com.st.stm32cube.ide.mcu.externaltools.gnu-tools-for-stm32.10.3-2021.10.win32_1.0.200.202301161003/tools/bin/../lib/gcc/arm-none-eabi/10.3.1/../../../../arm-none-eabi/lib/thumb/v7e-m+fp/hard\libc_nano.a(lib_a-closer.o)
 .ARM.attributes
                0x00000000000006f3       0x34 c:/st/stm32cubeide_1.12.1/stm32cubeide/plugins/com.st.stm32cube.ide.mcu.externaltools.gnu-tools-for-stm32.10.3-2021.10.win32_1.0.200.202301161003/tools/bin/../lib/gcc/arm-none-eabi/10.3.1/../../../../arm-none-eabi/lib/thumb/v7e-m+fp/hard\libc_nano.a(lib_a-fstatr.o)
 .ARM.attributes
                0x0000000000000727       0x34 c:/st/stm32cubeide_1.12.1/stm32cubeide/plugins/com.st.stm32cube.ide.mcu.externaltools.gnu-tools-for-stm32.10.3-2021.10.win32_1.0.200.202301161003/tools/bin/../lib/gcc/arm-none-eabi/10.3.1/../../../../arm-none-eabi/lib/thumb/v7e-m+fp/hard\libc_nano.a(lib_a-isattyr.o)
 .ARM.attributes
                0x000000000000075b       0x34 c:/st/stm32cubeide_1.12.1/stm32cubeide/plugins/com.st.stm32cube.ide.mcu.externaltools.gnu-tools-for-stm32.10.3-2021.10.win32_1.0.200.202301161003/tools/bin/../lib/gcc/arm-none-eabi/10.3.1/../../../../arm-none-eabi/lib/thumb/v7e-m+fp/hard\libc_nano.a(lib_a-lseekr.o)
 .ARM.attributes
                0x000000000000078f       0x1c c:/st/stm32cubeide_1.12.1/stm32cubeide/plugins/com.st.stm32cube.ide.mcu.externaltools.gnu-tools-for-stm32.10.3-2021.10.win32_1.0.200.202301161003/tools/bin/../lib/gcc/arm-none-eabi/10.3.1/../../../../arm-none-eabi/lib/thumb/v7e-m+fp/hard\libc_nano.a(lib_a-memchr.o)
 .ARM.attributes
                0x00000000000007ab       0x34 c:/st/stm32cubeide_1.12.1/stm32cubeide/plugins/com.st.stm32cube.ide.mcu.externaltools.gnu-tools-for-stm32.10.3-2021.10.win32_1.0.200.202301161003/tools/bin/../lib/gcc/arm-none-eabi/10.3.1/../../../../arm-none-eabi/lib/thumb/v7e-m+fp/hard\libc_nano.a(lib_a-mlock.o)
 .ARM.attributes
                0x00000000000007df       0x34 c:/st/stm32cubeide_1.12.1/stm32cubeide/plugins/com.st.stm32cube.ide.mcu.externaltools.gnu-tools-for-stm32.10.3-2021.10.win32_1.0.200.202301161003/tools/bin/../lib/gcc/arm-none-eabi/10.3.1/../../../../arm-none-eabi/lib/thumb/v7e-m+fp/hard\libc_nano.a(lib_a-readr.o)
 .ARM.attributes
                0x0000000000000813       0x34 c:/st/stm32cubeide_1.12.1/stm32cubeide/plugins/com.st.stm32cube.ide.mcu.externaltools.gnu-tools-for-stm32.10.3-2021.10.win32_1.0.200.202301161003/tools/bin/../lib/gcc/arm-none-eabi/10.3.1/../../../../arm-none-eabi/lib/thumb/v7e-m+fp/hard\libc_nano.a(lib_a-reent.o)
 .ARM.attributes
                0x0000000000000847       0x1e c:/st/stm32cubeide_1.12.1/stm32cubeide/plugins/com.st.stm32cube.ide.mcu.externaltools.gnu-tools-for-stm32.10.3-2021.10.win32_1.0.200.202301161003/tools/bin/../lib/gcc/arm-none-eabi/10.3.1/thumb/v7e-m+fp/hard/crtn.o
OUTPUT(003_queue.elf elf32-littlearm)
LOAD linker stubs
LOAD c:/st/stm32cubeide_1.12.1/stm32cubeide/plugins/com.st.stm32cube.ide.mcu.externaltools.gnu-tools-for-stm32.10.3-2021.10.win32_1.0.200.202301161003/tools/bin/../lib/gcc/arm-none-eabi/10.3.1/../../../../arm-none-eabi/lib/thumb/v7e-m+fp/hard\libc.a
LOAD c:/st/stm32cubeide_1.12.1/stm32cubeide/plugins/com.st.stm32cube.ide.mcu.externaltools.gnu-tools-for-stm32.10.3-2021.10.win32_1.0.200.202301161003/tools/bin/../lib/gcc/arm-none-eabi/10.3.1/../../../../arm-none-eabi/lib/thumb/v7e-m+fp/hard\libm.a
LOAD c:/st/stm32cubeide_1.12.1/stm32cubeide/plugins/com.st.stm32cube.ide.mcu.externaltools.gnu-tools-for-stm32.10.3-2021.10.win32_1.0.200.202301161003/tools/bin/../lib/gcc/arm-none-eabi/10.3.1/thumb/v7e-m+fp/hard\libgcc.a

.debug_info     0x0000000000000000     0x6701
 .debug_info    0x0000000000000000      0x2d1 ./FreeRTOS/Source/list.o
 .debug_info    0x00000000000002d1     0x196b ./FreeRTOS/Source/queue.o
 .debug_info    0x0000000000001c3c     0x25ab ./FreeRTOS/Source/tasks.o
 .debug_info    0x00000000000041e7      0xeaf ./FreeRTOS/Source/timers.o
 .debug_info    0x0000000000005096      0x4fb ./FreeRTOS/Source/portable/GCC/ARM_CM4F/port.o
 .debug_info    0x0000000000005591      0x558 ./FreeRTOS/Source/portable/MemMang/heap_4.o
 .debug_info    0x0000000000005ae9       0xa4 ./Src/main.o
 .debug_info    0x0000000000005b8d      0x301 ./Src/my_tasks.o
 .debug_info    0x0000000000005e8e      0x6e0 ./Src/syscalls.o
 .debug_info    0x000000000000656e      0x171 ./Src/sysmem.o
 .debug_info    0x00000000000066df       0x22 ./Startup/startup_stm32f407vgtx.o

.debug_abbrev   0x0000000000000000     0x12da
 .debug_abbrev  0x0000000000000000       0xf2 ./FreeRTOS/Source/list.o
 .debug_abbrev  0x00000000000000f2      0x312 ./FreeRTOS/Source/queue.o
 .debug_abbrev  0x0000000000000404      0x36c ./FreeRTOS/Source/tasks.o
 .debug_abbrev  0x0000000000000770      0x2c5 ./FreeRTOS/Source/timers.o
 .debug_abbrev  0x0000000000000a35      0x246 ./FreeRTOS/Source/portable/GCC/ARM_CM4F/port.o
 .debug_abbrev  0x0000000000000c7b      0x24e ./FreeRTOS/Source/portable/MemMang/heap_4.o
 .debug_abbrev  0x0000000000000ec9       0x5a ./Src/main.o
 .debug_abbrev  0x0000000000000f23      0x137 ./Src/my_tasks.o
 .debug_abbrev  0x000000000000105a      0x1b3 ./Src/syscalls.o
 .debug_abbrev  0x000000000000120d       0xbb ./Src/sysmem.o
 .debug_abbrev  0x00000000000012c8       0x12 ./Startup/startup_stm32f407vgtx.o

.debug_aranges  0x0000000000000000      0x688
 .debug_aranges
                0x0000000000000000       0x40 ./FreeRTOS/Source/list.o
 .debug_aranges
                0x0000000000000040      0x130 ./FreeRTOS/Source/queue.o
 .debug_aranges
                0x0000000000000170      0x1f8 ./FreeRTOS/Source/tasks.o
 .debug_aranges
                0x0000000000000368       0xe8 ./FreeRTOS/Source/timers.o
 .debug_aranges
                0x0000000000000450       0x80 ./FreeRTOS/Source/portable/GCC/ARM_CM4F/port.o
 .debug_aranges
                0x00000000000004d0       0x60 ./FreeRTOS/Source/portable/MemMang/heap_4.o
 .debug_aranges
                0x0000000000000530       0x20 ./Src/main.o
 .debug_aranges
                0x0000000000000550       0x48 ./Src/my_tasks.o
 .debug_aranges
                0x0000000000000598       0xa8 ./Src/syscalls.o
 .debug_aranges
                0x0000000000000640       0x20 ./Src/sysmem.o
 .debug_aranges
                0x0000000000000660       0x28 ./Startup/startup_stm32f407vgtx.o

.debug_ranges   0x0000000000000000      0x5e0
 .debug_ranges  0x0000000000000000       0x30 ./FreeRTOS/Source/list.o
 .debug_ranges  0x0000000000000030      0x120 ./FreeRTOS/Source/queue.o
 .debug_ranges  0x0000000000000150      0x1e8 ./FreeRTOS/Source/tasks.o
 .debug_ranges  0x0000000000000338       0xd8 ./FreeRTOS/Source/timers.o
 .debug_ranges  0x0000000000000410       0x70 ./FreeRTOS/Source/portable/GCC/ARM_CM4F/port.o
 .debug_ranges  0x0000000000000480       0x50 ./FreeRTOS/Source/portable/MemMang/heap_4.o
 .debug_ranges  0x00000000000004d0       0x10 ./Src/main.o
 .debug_ranges  0x00000000000004e0       0x38 ./Src/my_tasks.o
 .debug_ranges  0x0000000000000518       0x98 ./Src/syscalls.o
 .debug_ranges  0x00000000000005b0       0x10 ./Src/sysmem.o
 .debug_ranges  0x00000000000005c0       0x20 ./Startup/startup_stm32f407vgtx.o

.debug_macro    0x0000000000000000     0x25c2
 .debug_macro   0x0000000000000000      0x198 ./FreeRTOS/Source/list.o
 .debug_macro   0x0000000000000198      0x22f ./FreeRTOS/Source/queue.o
 .debug_macro   0x00000000000003c7       0x16 ./FreeRTOS/Source/queue.o
 .debug_macro   0x00000000000003dd       0x35 ./FreeRTOS/Source/queue.o
 .debug_macro   0x0000000000000412       0x20 ./FreeRTOS/Source/queue.o
 .debug_macro   0x0000000000000432       0x80 ./FreeRTOS/Source/queue.o
 .debug_macro   0x00000000000004b2      0x27e ./FreeRTOS/Source/tasks.o
 .debug_macro   0x0000000000000730       0x17 ./FreeRTOS/Source/tasks.o
 .debug_macro   0x0000000000000747      0x1e7 ./FreeRTOS/Source/timers.o
 .debug_macro   0x000000000000092e       0x97 ./FreeRTOS/Source/timers.o
 .debug_macro   0x00000000000009c5      0x1a7 ./FreeRTOS/Source/portable/GCC/ARM_CM4F/port.o
 .debug_macro   0x0000000000000b6c      0x219 ./FreeRTOS/Source/portable/MemMang/heap_4.o
 .debug_macro   0x0000000000000d85       0xee ./Src/main.o
 .debug_macro   0x0000000000000e73      0x52d ./Src/main.o
 .debug_macro   0x00000000000013a0       0x10 ./Src/main.o
 .debug_macro   0x00000000000013b0      0x260 ./Src/my_tasks.o
 .debug_macro   0x0000000000001610       0x16 ./Src/my_tasks.o
 .debug_macro   0x0000000000001626       0x10 ./Src/my_tasks.o
 .debug_macro   0x0000000000001636       0x10 ./Src/my_tasks.o
 .debug_macro   0x0000000000001646       0x1c ./Src/my_tasks.o
 .debug_macro   0x0000000000001662       0x52 ./Src/my_tasks.o
 .debug_macro   0x00000000000016b4       0x22 ./Src/my_tasks.o
 .debug_macro   0x00000000000016d6       0x10 ./Src/my_tasks.o
 .debug_macro   0x00000000000016e6       0x52 ./Src/my_tasks.o
 .debug_macro   0x0000000000001738       0xd5 ./Src/my_tasks.o
 .debug_macro   0x000000000000180d       0x1c ./Src/my_tasks.o
 .debug_macro   0x0000000000001829       0x3d ./Src/my_tasks.o
 .debug_macro   0x0000000000001866       0x16 ./Src/my_tasks.o
 .debug_macro   0x000000000000187c      0x145 ./Src/my_tasks.o
 .debug_macro   0x00000000000019c1      0x24c ./Src/syscalls.o
 .debug_macro   0x0000000000001c0d       0x10 ./Src/syscalls.o
 .debug_macro   0x0000000000001c1d       0x10 ./Src/syscalls.o
 .debug_macro   0x0000000000001c2d       0x10 ./Src/syscalls.o
 .debug_macro   0x0000000000001c3d       0x35 ./Src/syscalls.o
 .debug_macro   0x0000000000001c72      0x12c ./Src/syscalls.o
 .debug_macro   0x0000000000001d9e       0x10 ./Src/syscalls.o
 .debug_macro   0x0000000000001dae      0x241 ./Src/syscalls.o
 .debug_macro   0x0000000000001fef       0x1c ./Src/syscalls.o
 .debug_macro   0x000000000000200b       0x10 ./Src/syscalls.o
 .debug_macro   0x000000000000201b      0x189 ./Src/syscalls.o
 .debug_macro   0x00000000000021a4       0x16 ./Src/syscalls.o
 .debug_macro   0x00000000000021ba       0xce ./Src/syscalls.o
 .debug_macro   0x0000000000002288       0xff ./Src/sysmem.o
 .debug_macro   0x0000000000002387      0x23b ./Src/sysmem.o

.debug_line     0x0000000000000000     0x7a91
 .debug_line    0x0000000000000000      0x82b ./FreeRTOS/Source/list.o
 .debug_line    0x000000000000082b     0x1737 ./FreeRTOS/Source/queue.o
 .debug_line    0x0000000000001f62     0x1e5f ./FreeRTOS/Source/tasks.o
 .debug_line    0x0000000000003dc1      0xd4d ./FreeRTOS/Source/timers.o
 .debug_line    0x0000000000004b0e      0x907 ./FreeRTOS/Source/portable/GCC/ARM_CM4F/port.o
 .debug_line    0x0000000000005415      0xaaf ./FreeRTOS/Source/portable/MemMang/heap_4.o
 .debug_line    0x0000000000005ec4      0x5f2 ./Src/main.o
 .debug_line    0x00000000000064b6      0x86f ./Src/my_tasks.o
 .debug_line    0x0000000000006d25      0x7f9 ./Src/syscalls.o
 .debug_line    0x000000000000751e      0x4ef ./Src/sysmem.o
 .debug_line    0x0000000000007a0d       0x84 ./Startup/startup_stm32f407vgtx.o

.debug_str      0x0000000000000000    0x1265f
 .debug_str     0x0000000000000000     0xaae9 ./FreeRTOS/Source/list.o
                                       0xad0e (size before relaxing)
 .debug_str     0x000000000000aae9     0x26df ./FreeRTOS/Source/queue.o
                                       0xd40d (size before relaxing)
 .debug_str     0x000000000000d1c8     0x1af2 ./FreeRTOS/Source/tasks.o
                                       0xde1f (size before relaxing)
 .debug_str     0x000000000000ecba      0x540 ./FreeRTOS/Source/timers.o
                                       0xd58d (size before relaxing)
 .debug_str     0x000000000000f1fa      0x7d2 ./FreeRTOS/Source/portable/GCC/ARM_CM4F/port.o
                                       0x986d (size before relaxing)
 .debug_str     0x000000000000f9cc      0x5d3 ./FreeRTOS/Source/portable/MemMang/heap_4.o
                                       0xc538 (size before relaxing)
 .debug_str     0x000000000000ff9f       0x68 ./Src/main.o
                                       0x8f66 (size before relaxing)
 .debug_str     0x0000000000010007     0x105d ./Src/my_tasks.o
                                       0xd58a (size before relaxing)
 .debug_str     0x0000000000011064     0x14f3 ./Src/syscalls.o
                                       0x8acc (size before relaxing)
 .debug_str     0x0000000000012557       0x66 ./Src/sysmem.o
                                       0x5e08 (size before relaxing)
 .debug_str     0x00000000000125bd       0xa2 ./Startup/startup_stm32f407vgtx.o

.comment        0x0000000000000000       0x50
 .comment       0x0000000000000000       0x50 ./FreeRTOS/Source/list.o
                                         0x51 (size before relaxing)
 .comment       0x0000000000000050       0x51 ./FreeRTOS/Source/queue.o
 .comment       0x0000000000000050       0x51 ./FreeRTOS/Source/tasks.o
 .comment       0x0000000000000050       0x51 ./FreeRTOS/Source/timers.o
 .comment       0x0000000000000050       0x51 ./FreeRTOS/Source/portable/GCC/ARM_CM4F/port.o
 .comment       0x0000000000000050       0x51 ./FreeRTOS/Source/portable/MemMang/heap_4.o
 .comment       0x0000000000000050       0x51 ./Src/main.o
 .comment       0x0000000000000050       0x51 ./Src/my_tasks.o
 .comment       0x0000000000000050       0x51 ./Src/syscalls.o
 .comment       0x0000000000000050       0x51 ./Src/sysmem.o

.debug_frame    0x0000000000000000     0x21d8
 .debug_frame   0x0000000000000000       0xd8 ./FreeRTOS/Source/list.o
 .debug_frame   0x00000000000000d8      0x530 ./FreeRTOS/Source/queue.o
 .debug_frame   0x0000000000000608      0x8a8 ./FreeRTOS/Source/tasks.o
 .debug_frame   0x0000000000000eb0      0x3c8 ./FreeRTOS/Source/timers.o
 .debug_frame   0x0000000000001278      0x1a8 ./FreeRTOS/Source/portable/GCC/ARM_CM4F/port.o
 .debug_frame   0x0000000000001420      0x150 ./FreeRTOS/Source/portable/MemMang/heap_4.o
 .debug_frame   0x0000000000001570       0x2c ./Src/main.o
 .debug_frame   0x000000000000159c       0xd0 ./Src/my_tasks.o
 .debug_frame   0x000000000000166c      0x2ac ./Src/syscalls.o
 .debug_frame   0x0000000000001918       0x34 ./Src/sysmem.o
 .debug_frame   0x000000000000194c       0x20 c:/st/stm32cubeide_1.12.1/stm32cubeide/plugins/com.st.stm32cube.ide.mcu.externaltools.gnu-tools-for-stm32.10.3-2021.10.win32_1.0.200.202301161003/tools/bin/../lib/gcc/arm-none-eabi/10.3.1/../../../../arm-none-eabi/lib/thumb/v7e-m+fp/hard\libc_nano.a(lib_a-errno.o)
 .debug_frame   0x000000000000196c       0x2c c:/st/stm32cubeide_1.12.1/stm32cubeide/plugins/com.st.stm32cube.ide.mcu.externaltools.gnu-tools-for-stm32.10.3-2021.10.win32_1.0.200.202301161003/tools/bin/../lib/gcc/arm-none-eabi/10.3.1/../../../../arm-none-eabi/lib/thumb/v7e-m+fp/hard\libc_nano.a(lib_a-init.o)
 .debug_frame   0x0000000000001998       0x28 c:/st/stm32cubeide_1.12.1/stm32cubeide/plugins/com.st.stm32cube.ide.mcu.externaltools.gnu-tools-for-stm32.10.3-2021.10.win32_1.0.200.202301161003/tools/bin/../lib/gcc/arm-none-eabi/10.3.1/../../../../arm-none-eabi/lib/thumb/v7e-m+fp/hard\libc_nano.a(lib_a-memcpy-stub.o)
 .debug_frame   0x00000000000019c0       0x20 c:/st/stm32cubeide_1.12.1/stm32cubeide/plugins/com.st.stm32cube.ide.mcu.externaltools.gnu-tools-for-stm32.10.3-2021.10.win32_1.0.200.202301161003/tools/bin/../lib/gcc/arm-none-eabi/10.3.1/../../../../arm-none-eabi/lib/thumb/v7e-m+fp/hard\libc_nano.a(lib_a-memset.o)
 .debug_frame   0x00000000000019e0       0x74 c:/st/stm32cubeide_1.12.1/stm32cubeide/plugins/com.st.stm32cube.ide.mcu.externaltools.gnu-tools-for-stm32.10.3-2021.10.win32_1.0.200.202301161003/tools/bin/../lib/gcc/arm-none-eabi/10.3.1/../../../../arm-none-eabi/lib/thumb/v7e-m+fp/hard\libc_nano.a(lib_a-printf.o)
 .debug_frame   0x0000000000001a54       0x3c c:/st/stm32cubeide_1.12.1/stm32cubeide/plugins/com.st.stm32cube.ide.mcu.externaltools.gnu-tools-for-stm32.10.3-2021.10.win32_1.0.200.202301161003/tools/bin/../lib/gcc/arm-none-eabi/10.3.1/../../../../arm-none-eabi/lib/thumb/v7e-m+fp/hard\libc_nano.a(lib_a-puts.o)
 .debug_frame   0x0000000000001a90       0x40 c:/st/stm32cubeide_1.12.1/stm32cubeide/plugins/com.st.stm32cube.ide.mcu.externaltools.gnu-tools-for-stm32.10.3-2021.10.win32_1.0.200.202301161003/tools/bin/../lib/gcc/arm-none-eabi/10.3.1/../../../../arm-none-eabi/lib/thumb/v7e-m+fp/hard\libc_nano.a(lib_a-wbuf.o)
 .debug_frame   0x0000000000001ad0       0x2c c:/st/stm32cubeide_1.12.1/stm32cubeide/plugins/com.st.stm32cube.ide.mcu.externaltools.gnu-tools-for-stm32.10.3-2021.10.win32_1.0.200.202301161003/tools/bin/../lib/gcc/arm-none-eabi/10.3.1/../../../../arm-none-eabi/lib/thumb/v7e-m+fp/hard\libc_nano.a(lib_a-wsetup.o)
 .debug_frame   0x0000000000001afc       0x5c c:/st/stm32cubeide_1.12.1/stm32cubeide/plugins/com.st.stm32cube.ide.mcu.externaltools.gnu-tools-for-stm32.10.3-2021.10.win32_1.0.200.202301161003/tools/bin/../lib/gcc/arm-none-eabi/10.3.1/../../../../arm-none-eabi/lib/thumb/v7e-m+fp/hard\libc_nano.a(lib_a-fflush.o)
 .debug_frame   0x0000000000001b58      0x14c c:/st/stm32cubeide_1.12.1/stm32cubeide/plugins/com.st.stm32cube.ide.mcu.externaltools.gnu-tools-for-stm32.10.3-2021.10.win32_1.0.200.202301161003/tools/bin/../lib/gcc/arm-none-eabi/10.3.1/../../../../arm-none-eabi/lib/thumb/v7e-m+fp/hard\libc_nano.a(lib_a-findfp.o)
 .debug_frame   0x0000000000001ca4       0x54 c:/st/stm32cubeide_1.12.1/stm32cubeide/plugins/com.st.stm32cube.ide.mcu.externaltools.gnu-tools-for-stm32.10.3-2021.10.win32_1.0.200.202301161003/tools/bin/../lib/gcc/arm-none-eabi/10.3.1/../../../../arm-none-eabi/lib/thumb/v7e-m+fp/hard\libc_nano.a(lib_a-fwalk.o)
 .debug_frame   0x0000000000001cf8       0xb0 c:/st/stm32cubeide_1.12.1/stm32cubeide/plugins/com.st.stm32cube.ide.mcu.externaltools.gnu-tools-for-stm32.10.3-2021.10.win32_1.0.200.202301161003/tools/bin/../lib/gcc/arm-none-eabi/10.3.1/../../../../arm-none-eabi/lib/thumb/v7e-m+fp/hard\libc_nano.a(lib_a-lock.o)
 .debug_frame   0x0000000000001da8       0x58 c:/st/stm32cubeide_1.12.1/stm32cubeide/plugins/com.st.stm32cube.ide.mcu.externaltools.gnu-tools-for-stm32.10.3-2021.10.win32_1.0.200.202301161003/tools/bin/../lib/gcc/arm-none-eabi/10.3.1/../../../../arm-none-eabi/lib/thumb/v7e-m+fp/hard\libc_nano.a(lib_a-makebuf.o)
 .debug_frame   0x0000000000001e00       0x38 c:/st/stm32cubeide_1.12.1/stm32cubeide/plugins/com.st.stm32cube.ide.mcu.externaltools.gnu-tools-for-stm32.10.3-2021.10.win32_1.0.200.202301161003/tools/bin/../lib/gcc/arm-none-eabi/10.3.1/../../../../arm-none-eabi/lib/thumb/v7e-m+fp/hard\libc_nano.a(lib_a-nano-freer.o)
 .debug_frame   0x0000000000001e38       0x4c c:/st/stm32cubeide_1.12.1/stm32cubeide/plugins/com.st.stm32cube.ide.mcu.externaltools.gnu-tools-for-stm32.10.3-2021.10.win32_1.0.200.202301161003/tools/bin/../lib/gcc/arm-none-eabi/10.3.1/../../../../arm-none-eabi/lib/thumb/v7e-m+fp/hard\libc_nano.a(lib_a-nano-mallocr.o)
 .debug_frame   0x0000000000001e84       0xac c:/st/stm32cubeide_1.12.1/stm32cubeide/plugins/com.st.stm32cube.ide.mcu.externaltools.gnu-tools-for-stm32.10.3-2021.10.win32_1.0.200.202301161003/tools/bin/../lib/gcc/arm-none-eabi/10.3.1/../../../../arm-none-eabi/lib/thumb/v7e-m+fp/hard\libc_nano.a(lib_a-nano-vfprintf.o)
 .debug_frame   0x0000000000001f30       0x60 c:/st/stm32cubeide_1.12.1/stm32cubeide/plugins/com.st.stm32cube.ide.mcu.externaltools.gnu-tools-for-stm32.10.3-2021.10.win32_1.0.200.202301161003/tools/bin/../lib/gcc/arm-none-eabi/10.3.1/../../../../arm-none-eabi/lib/thumb/v7e-m+fp/hard\libc_nano.a(lib_a-nano-vfprintf_i.o)
 .debug_frame   0x0000000000001f90       0x2c c:/st/stm32cubeide_1.12.1/stm32cubeide/plugins/com.st.stm32cube.ide.mcu.externaltools.gnu-tools-for-stm32.10.3-2021.10.win32_1.0.200.202301161003/tools/bin/../lib/gcc/arm-none-eabi/10.3.1/../../../../arm-none-eabi/lib/thumb/v7e-m+fp/hard\libc_nano.a(lib_a-sbrkr.o)
 .debug_frame   0x0000000000001fbc       0x88 c:/st/stm32cubeide_1.12.1/stm32cubeide/plugins/com.st.stm32cube.ide.mcu.externaltools.gnu-tools-for-stm32.10.3-2021.10.win32_1.0.200.202301161003/tools/bin/../lib/gcc/arm-none-eabi/10.3.1/../../../../arm-none-eabi/lib/thumb/v7e-m+fp/hard\libc_nano.a(lib_a-stdio.o)
 .debug_frame   0x0000000000002044       0x2c c:/st/stm32cubeide_1.12.1/stm32cubeide/plugins/com.st.stm32cube.ide.mcu.externaltools.gnu-tools-for-stm32.10.3-2021.10.win32_1.0.200.202301161003/tools/bin/../lib/gcc/arm-none-eabi/10.3.1/../../../../arm-none-eabi/lib/thumb/v7e-m+fp/hard\libc_nano.a(lib_a-writer.o)
 .debug_frame   0x0000000000002070       0x2c c:/st/stm32cubeide_1.12.1/stm32cubeide/plugins/com.st.stm32cube.ide.mcu.externaltools.gnu-tools-for-stm32.10.3-2021.10.win32_1.0.200.202301161003/tools/bin/../lib/gcc/arm-none-eabi/10.3.1/../../../../arm-none-eabi/lib/thumb/v7e-m+fp/hard\libc_nano.a(lib_a-closer.o)
 .debug_frame   0x000000000000209c       0x2c c:/st/stm32cubeide_1.12.1/stm32cubeide/plugins/com.st.stm32cube.ide.mcu.externaltools.gnu-tools-for-stm32.10.3-2021.10.win32_1.0.200.202301161003/tools/bin/../lib/gcc/arm-none-eabi/10.3.1/../../../../arm-none-eabi/lib/thumb/v7e-m+fp/hard\libc_nano.a(lib_a-fstatr.o)
 .debug_frame   0x00000000000020c8       0x2c c:/st/stm32cubeide_1.12.1/stm32cubeide/plugins/com.st.stm32cube.ide.mcu.externaltools.gnu-tools-for-stm32.10.3-2021.10.win32_1.0.200.202301161003/tools/bin/../lib/gcc/arm-none-eabi/10.3.1/../../../../arm-none-eabi/lib/thumb/v7e-m+fp/hard\libc_nano.a(lib_a-isattyr.o)
 .debug_frame   0x00000000000020f4       0x2c c:/st/stm32cubeide_1.12.1/stm32cubeide/plugins/com.st.stm32cube.ide.mcu.externaltools.gnu-tools-for-stm32.10.3-2021.10.win32_1.0.200.202301161003/tools/bin/../lib/gcc/arm-none-eabi/10.3.1/../../../../arm-none-eabi/lib/thumb/v7e-m+fp/hard\libc_nano.a(lib_a-lseekr.o)
 .debug_frame   0x0000000000002120       0x30 c:/st/stm32cubeide_1.12.1/stm32cubeide/plugins/com.st.stm32cube.ide.mcu.externaltools.gnu-tools-for-stm32.10.3-2021.10.win32_1.0.200.202301161003/tools/bin/../lib/gcc/arm-none-eabi/10.3.1/../../../../arm-none-eabi/lib/thumb/v7e-m+fp/hard\libc_nano.a(lib_a-mlock.o)
 .debug_frame   0x0000000000002150       0x2c c:/st/stm32cubeide_1.12.1/stm32cubeide/plugins/com.st.stm32cube.ide.mcu.externaltools.gnu-tools-for-stm32.10.3-2021.10.win32_1.0.200.202301161003/tools/bin/../lib/gcc/arm-none-eabi/10.3.1/../../../../arm-none-eabi/lib/thumb/v7e-m+fp/hard\libc_nano.a(lib_a-readr.o)
 .debug_frame   0x000000000000217c       0x5c c:/st/stm32cubeide_1.12.1/stm32cubeide/plugins/com.st.stm32cube.ide.mcu.externaltools.gnu-tools-for-stm32.10.3-2021.10.win32_1.0.200.202301161003/tools/bin/../lib/gcc/arm-none-eabi/10.3.1/../../../../arm-none-eabi/lib/thumb/v7e-m+fp/hard\libc_nano.a(lib_a-reent.o)
