12:46:20 **** Incremental Build of configuration Debug for project 003_queue ****
make -j8 all 
arm-none-eabi-size   003_queue.elf 
   text	   data	    bss	    dec	    hex	filename
  15912	    116	  78828	  94856	  17288	003_queue.elf
Finished building: default.size.stdout
 
12:46:23 **** Incremental Build of configuration Debug for project 003_queue ****
make -j8 all 
arm-none-eabi-size   003_queue.elf 
   text	   data	    bss	    dec	    hex	filename
  15912	    116	  78828	  94856	  17288	003_queue.elf
Finished building: default.size.stdout
 
14:36:17 **** Incremental Build of configuration Debug for project 003_queue ****
make -j8 all 
arm-none-eabi-size   003_queue.elf 
   text	   data	    bss	    dec	    hex	filename
  15912	    116	  78828	  94856	  17288	003_queue.elf
Finished building: default.size.stdout
 
